Archive member included to satisfy reference by file (symbol)

D:\MCUXpressoIDE_10.2.1_795\lpc_board_nxp_lpcxpresso_1549\Debug\liblpc_board_nxp_lpcxpresso_1549.a(board.o)
                              ./src/lab9.2.o (Board_LED_Set)
D:\MCUXpressoIDE_10.2.1_795\lpc_board_nxp_lpcxpresso_1549\Debug\liblpc_board_nxp_lpcxpresso_1549.a(board_sysinit.o)
                              ./src/sysinit.o (Board_SystemInit)
D:\MCUXpressoIDE_10.2.1_795\lpc_chip_15xx\Debug\liblpc_chip_15xx.a(chip_15xx.o)
                              ./src/lab9.2.o (SystemCoreClockUpdate)
D:\MCUXpressoIDE_10.2.1_795\lpc_chip_15xx\Debug\liblpc_chip_15xx.a(clock_15xx.o)
                              D:\MCUXpressoIDE_10.2.1_795\lpc_board_nxp_lpcxpresso_1549\Debug\liblpc_board_nxp_lpcxpresso_1549.a(board.o) (Chip_Clock_GetMainClockRate)
D:\MCUXpressoIDE_10.2.1_795\lpc_chip_15xx\Debug\liblpc_chip_15xx.a(gpio_15xx.o)
                              D:\MCUXpressoIDE_10.2.1_795\lpc_board_nxp_lpcxpresso_1549\Debug\liblpc_board_nxp_lpcxpresso_1549.a(board.o) (Chip_GPIO_Init)
D:\MCUXpressoIDE_10.2.1_795\lpc_chip_15xx\Debug\liblpc_chip_15xx.a(iocon_15xx.o)
                              D:\MCUXpressoIDE_10.2.1_795\lpc_board_nxp_lpcxpresso_1549\Debug\liblpc_board_nxp_lpcxpresso_1549.a(board_sysinit.o) (Chip_IOCON_SetPinMuxing)
D:\MCUXpressoIDE_10.2.1_795\lpc_chip_15xx\Debug\liblpc_chip_15xx.a(sct_15xx.o)
                              ./src/lab9.2.o (Chip_SCT_Init)
D:\MCUXpressoIDE_10.2.1_795\lpc_chip_15xx\Debug\liblpc_chip_15xx.a(swm_15xx.o)
                              D:\MCUXpressoIDE_10.2.1_795\lpc_board_nxp_lpcxpresso_1549\Debug\liblpc_board_nxp_lpcxpresso_1549.a(board.o) (Chip_SWM_MovablePinAssign)
D:\MCUXpressoIDE_10.2.1_795\lpc_chip_15xx\Debug\liblpc_chip_15xx.a(sysctl_15xx.o)
                              D:\MCUXpressoIDE_10.2.1_795\lpc_board_nxp_lpcxpresso_1549\Debug\liblpc_board_nxp_lpcxpresso_1549.a(board_sysinit.o) (Chip_SYSCTL_AssertPeriphReset)
D:\MCUXpressoIDE_10.2.1_795\lpc_chip_15xx\Debug\liblpc_chip_15xx.a(sysinit_15xx.o)
                              D:\MCUXpressoIDE_10.2.1_795\lpc_board_nxp_lpcxpresso_1549\Debug\liblpc_board_nxp_lpcxpresso_1549.a(board_sysinit.o) (Chip_SetupXtalClocking)
D:\MCUXpressoIDE_10.2.1_795\lpc_chip_15xx\Debug\liblpc_chip_15xx.a(uart_15xx.o)
                              D:\MCUXpressoIDE_10.2.1_795\lpc_board_nxp_lpcxpresso_1549\Debug\liblpc_board_nxp_lpcxpresso_1549.a(board.o) (Chip_UART_Init)
D:\MCUXpressoIDE_10.2.1_795\lpc_chip_15xx\Debug\liblpc_chip_15xx.a(ring_buffer.o)
                              D:\MCUXpressoIDE_10.2.1_795\lpc_chip_15xx\Debug\liblpc_chip_15xx.a(uart_15xx.o) (RingBuffer_Insert)
D:\MCUXpressoIDE_10.2.1_795\FreeRTOS\Debug\libFreeRTOS.a(event_groups.o)
                              ./src/lab9.2.o (xEventGroupCreate)
D:\MCUXpressoIDE_10.2.1_795\FreeRTOS\Debug\libFreeRTOS.a(list.o)
                              D:\MCUXpressoIDE_10.2.1_795\FreeRTOS\Debug\libFreeRTOS.a(event_groups.o) (vListInitialise)
D:\MCUXpressoIDE_10.2.1_795\FreeRTOS\Debug\libFreeRTOS.a(queue.o)
                              ./src/lab9.2.o (xQueueGenericSend)
D:\MCUXpressoIDE_10.2.1_795\FreeRTOS\Debug\libFreeRTOS.a(tasks.o)
                              ./src/lab9.2.o (xTaskCreate)
D:\MCUXpressoIDE_10.2.1_795\FreeRTOS\Debug\libFreeRTOS.a(timers.o)
                              D:\MCUXpressoIDE_10.2.1_795\FreeRTOS\Debug\libFreeRTOS.a(tasks.o) (xTimerCreateTimerTask)
D:\MCUXpressoIDE_10.2.1_795\FreeRTOS\Debug\libFreeRTOS.a(heap_3.o)
                              D:\MCUXpressoIDE_10.2.1_795\FreeRTOS\Debug\libFreeRTOS.a(event_groups.o) (pvPortMalloc)
D:\MCUXpressoIDE_10.2.1_795\FreeRTOS\Debug\libFreeRTOS.a(port.o)
                              D:\MCUXpressoIDE_10.2.1_795\FreeRTOS\Debug\libFreeRTOS.a(tasks.o) (pxPortInitialiseStack)
D:\MCUXpressoIDE_10.2.1_795\FreeRTOS\Debug\libFreeRTOS.a(FreeRTOSCommonHooks.o)
                              D:\MCUXpressoIDE_10.2.1_795\FreeRTOS\Debug\libFreeRTOS.a(heap_3.o) (vApplicationMallocFailedHook)
d:/mcuxpressoide_10.2.1_795/ide/tools/bin/../lib/gcc/arm-none-eabi/7.2.1/thumb/v7-m\libgcc.a(_aeabi_uldivmod.o)
                              D:\MCUXpressoIDE_10.2.1_795\lpc_chip_15xx\Debug\liblpc_chip_15xx.a(clock_15xx.o) (__aeabi_uldivmod)
d:/mcuxpressoide_10.2.1_795/ide/tools/bin/../lib/gcc/arm-none-eabi/7.2.1/thumb/v7-m\libgcc.a(_udivmoddi4.o)
                              d:/mcuxpressoide_10.2.1_795/ide/tools/bin/../lib/gcc/arm-none-eabi/7.2.1/thumb/v7-m\libgcc.a(_aeabi_uldivmod.o) (__udivmoddi4)
d:/mcuxpressoide_10.2.1_795/ide/tools/bin/../lib/gcc/arm-none-eabi/7.2.1/thumb/v7-m\libgcc.a(_dvmd_tls.o)
                              d:/mcuxpressoide_10.2.1_795/ide/tools/bin/../lib/gcc/arm-none-eabi/7.2.1/thumb/v7-m\libgcc.a(_aeabi_uldivmod.o) (__aeabi_ldiv0)
d:/mcuxpressoide_10.2.1_795/ide/tools/bin/../lib/gcc/arm-none-eabi/7.2.1/../../../../arm-none-eabi/lib/thumb/v7-m\libc.a(lib_a-impure.o)
[...]
Memory Configuration

Name             Origin             Length             Attributes
MFlash256        0x00000000         0x00040000         xr
Ram0_16_32       0x02000000         0x00008000         xrw
Ram2_4           0x02008000         0x00001000         xrw
*default*        0x00000000         0xffffffff

Linker script and memory map

LOAD ./src/cr_cpp_config.o
LOAD ./src/cr_startup_lpc15xx.o
LOAD ./src/crp.o
LOAD ./src/lab9.2.o
LOAD ./src/sysinit.o
LOAD D:\MCUXpressoIDE_10.2.1_795\lpc_board_nxp_lpcxpresso_1549\Debug\liblpc_board_nxp_lpcxpresso_1549.a
LOAD D:\MCUXpressoIDE_10.2.1_795\lpc_chip_15xx\Debug\liblpc_chip_15xx.a
LOAD D:\MCUXpressoIDE_10.2.1_795\FreeRTOS\Debug\libFreeRTOS.a
START GROUP
LOAD d:/mcuxpressoide_10.2.1_795/ide/tools/bin/../lib/gcc/arm-none-eabi/7.2.1/thumb/v7-m\libgcc.a
LOAD d:/mcuxpressoide_10.2.1_795/ide/tools/bin/../lib/gcc/arm-none-eabi/7.2.1/../../../../arm-none-eabi/lib/thumb/v7-m\libc.a
LOAD d:/mcuxpressoide_10.2.1_795/ide/tools/bin/../lib/gcc/arm-none-eabi/7.2.1/../../../../arm-none-eabi/lib/thumb/v7-m\libstdc++.a
LOAD d:/mcuxpressoide_10.2.1_795/ide/tools/bin/../lib/gcc/arm-none-eabi/7.2.1/../../../../arm-none-eabi/lib/thumb/v7-m\libm.a
LOAD d:/mcuxpressoide_10.2.1_795/ide/tools/bin/../lib/gcc/arm-none-eabi/7.2.1/../../../../arm-none-eabi/lib/thumb/v7-m\libcr_newlib_nohost.a
LOAD d:/mcuxpressoide_10.2.1_795/ide/tools/bin/../lib/gcc/arm-none-eabi/7.2.1/thumb/v7-m\crti.o
LOAD d:/mcuxpressoide_10.2.1_795/ide/tools/bin/../lib/gcc/arm-none-eabi/7.2.1/thumb/v7-m\crtn.o
LOAD d:/mcuxpressoide_10.2.1_795/ide/tools/bin/../lib/gcc/arm-none-eabi/7.2.1/thumb/v7-m\crtbegin.o
LOAD d:/mcuxpressoide_10.2.1_795/ide/tools/bin/../lib/gcc/arm-none-eabi/7.2.1/thumb/v7-m\crtend.o
END GROUP
                0x00000000                __base_MFlash256 = 0x0
                0x00000000                __base_Flash = 0x0
                0x00040000                __top_MFlash256 = 0x40000
                0x00040000                __top_Flash = 0x40000
                0x02000000                __base_Ram0_16_32 = 0x2000000
                0x02000000                __base_RAM = 0x2000000
                0x02008000                __top_Ram0_16_32 = 0x2008000
                0x02008000                __top_RAM = 0x2008000
                0x02008000                __base_Ram2_4 = 0x2008000
                0x02008000                __base_RAM2 = 0x2008000
                0x02009000                __top_Ram2_4 = 0x2009000
                0x02009000                __top_RAM2 = 0x2009000

.text           0x00000000     0x952c
 FILL mask 0xff
                0x00000000                __vectors_start__ = ABSOLUTE (.)
 *(.isr_vector)
 .isr_vector    0x00000000       0xfc ./src/cr_startup_lpc15xx.o
                0x00000000                g_pfnVectors
                0x000000fc                . = ALIGN (0x4)
                0x000000fc                __section_table_start = .
                0x000000fc                __data_section_table = .
                0x000000fc        0x4 LONG 0x9534 LOADADDR (.data)
                0x00000100        0x4 LONG 0x2000000 ADDR (.data)
                0x00000104        0x4 LONG 0x9ac SIZEOF (.data)
                0x00000108        0x4 LONG 0x9534 LOADADDR (.data_RAM2)
                0x0000010c        0x4 LONG 0x2008000 ADDR (.data_RAM2)
                0x00000110        0x4 LONG 0x0 SIZEOF (.data_RAM2)
                0x00000114                __data_section_table_end = .
                0x00000114                __bss_section_table = .
                0x00000114        0x4 LONG 0x20009ac ADDR (.bss)
                0x00000118        0x4 LONG 0x260 SIZEOF (.bss)
                0x0000011c        0x4 LONG 0x2008000 ADDR (.bss_RAM2)
                0x00000120        0x4 LONG 0x0 SIZEOF (.bss_RAM2)
                0x00000124                __bss_section_table_end = .
                0x00000124                __section_table_end = .
 *(.after_vectors*)
 .after_vectors
                0x00000124      0x140 ./src/cr_startup_lpc15xx.o
                0x00000124                data_init(unsigned int, unsigned int, unsigned int)
                0x00000166                bss_init(unsigned int, unsigned int)
                0x0000019c                ResetISR
                0x00000228                NMI_Handler
                0x0000022e                HardFault_Handler
                0x00000234                MemManage_Handler
                0x0000023a                BusFault_Handler
                0x00000240                UsageFault_Handler
                0x0000024c                DebugMon_Handler
                0x0000025e                UART1_IRQHandler
                0x0000025e                RTC_WAKE_IRQHandler
                0x0000025e                UART0_IRQHandler
                0x0000025e                MRT_IRQHandler
                0x0000025e                ADC1_THCMP_IRQHandler
                0x0000025e                SPI1_IRQHandler
                0x0000025e                PIN_INT6_IRQHandler
                0x0000025e                IntDefaultHandler
                0x0000025e                PIN_INT4_IRQHandler
                0x0000025e                CAN_IRQHandler
                0x0000025e                RTC_ALARM_IRQHandler
                0x0000025e                ADC1B_IRQHandler
                0x0000025e                ADC1_OVR_IRQHandler
                0x0000025e                USBWakeup_IRQHandler
                0x0000025e                UART2_IRQHandler
                0x0000025e                ADC0_OVR_IRQHandler
                0x0000025e                SCT1_IRQHandler
                0x0000025e                PIN_INT2_IRQHandler
                0x0000025e                USB_FIQHandler
                0x0000025e                SCT3_IRQHandler
                0x0000025e                PIN_INT7_IRQHandler
                0x0000025e                I2C0_IRQHandler
                0x0000025e                PIN_INT1_IRQHandler
                0x0000025e                USB_IRQHandler
                0x0000025e                BOD_IRQHandler
                0x0000025e                ADC0B_IRQHandler
                0x0000025e                ACMP0_IRQHandler
                0x0000025e                RIT_IRQHandler
                0x0000025e                SCT2_IRQHandler
                0x0000025e                WDT_IRQHandler
                0x0000025e                PIN_INT0_IRQHandler
                0x0000025e                QEI_IRQHandler
                0x0000025e                ACMP3_IRQHandler
                0x0000025e                GINT0_IRQHandler
                0x0000025e                DAC_IRQHandler
                0x0000025e                SPI0_IRQHandler
                0x0000025e                EEPROM_IRQHandler
                0x0000025e                ACMP2_IRQHandler
                0x0000025e                PIN_INT5_IRQHandler
                0x0000025e                ADC1A_IRQHandler
                0x0000025e                DMA_IRQHandler
                0x0000025e                PIN_INT3_IRQHandler
                0x0000025e                ACMP1_IRQHandler
                0x0000025e                SCT0_IRQHandler
                0x0000025e                ADC0A_IRQHandler
                0x0000025e                FMC_IRQHandler
                0x0000025e                GINT1_IRQHandler
                0x0000025e                ADC0_THCMP_IRQHandler
 *(.text*)
 .text._ZdlPv   0x00000264       0x16 ./src/cr_cpp_config.o
                0x00000264                operator delete(void*)
 .text.Chip_IOCON_PinMuxSet
                0x0000027a       0x2c ./src/lab9.2.o
 .text.Chip_GPIO_GetPinState
                0x000002a6       0x34 ./src/lab9.2.o
 .text.Chip_GPIO_SetPinDIROutput
                0x000002da       0x3c ./src/lab9.2.o
 .text.Chip_GPIO_SetPinDIRInput
                0x00000316       0x3e ./src/lab9.2.o
 .text._ZN12DigitalIoPinC2EiiNS_7pinModeEb
                0x00000354       0xc0 ./src/lab9.2.o
                0x00000354                DigitalIoPin::DigitalIoPin(int, int, DigitalIoPin::pinMode, bool)
                0x00000354                DigitalIoPin::DigitalIoPin(int, int, DigitalIoPin::pinMode, bool)
 .text._ZN12DigitalIoPinD2Ev
                0x00000414       0x20 ./src/lab9.2.o
                0x00000414                DigitalIoPin::~DigitalIoPin()
                0x00000414                DigitalIoPin::~DigitalIoPin()
 .text._ZN12DigitalIoPinD0Ev
                0x00000434       0x1e ./src/lab9.2.o
                0x00000434                DigitalIoPin::~DigitalIoPin()
 .text._ZN12DigitalIoPin4readEv
                0x00000452       0x28 ./src/lab9.2.o
                0x00000452                DigitalIoPin::read()
 .text._ZL16prvSetupHardwarev
                0x0000047a       0x18 ./src/lab9.2.o
 *fill*         0x00000492        0x2 ff
 .text._ZL6vTask1Pv
                0x00000494      0x100 ./src/lab9.2.o
 .text._ZL6vTask2Pv
                0x00000594      0x100 ./src/lab9.2.o
 .text._ZL6vTask3Pv
                0x00000694      0x100 ./src/lab9.2.o
 .text.main     0x00000794       0x88 ./src/lab9.2.o
                0x00000794                main
 .text.SystemInit
                0x0000081c        0xc ./src/sysinit.o
                0x0000081c                SystemInit
 .text.Chip_IOCON_PinMuxSet
                0x00000828       0x2c D:\MCUXpressoIDE_10.2.1_795\lpc_board_nxp_lpcxpresso_1549\Debug\liblpc_board_nxp_lpcxpresso_1549.a(board.o)
 .text.Chip_SWM_MovablePortPinAssign
                0x00000854       0x30 D:\MCUXpressoIDE_10.2.1_795\lpc_board_nxp_lpcxpresso_1549\Debug\liblpc_board_nxp_lpcxpresso_1549.a(board.o)
 .text.Chip_GPIO_SetPinState
                0x00000884       0x36 D:\MCUXpressoIDE_10.2.1_795\lpc_board_nxp_lpcxpresso_1549\Debug\liblpc_board_nxp_lpcxpresso_1549.a(board.o)
 .text.Chip_GPIO_SetPinDIROutput
                0x000008ba       0x3c D:\MCUXpressoIDE_10.2.1_795\lpc_board_nxp_lpcxpresso_1549\Debug\liblpc_board_nxp_lpcxpresso_1549.a(board.o)
 .text.Chip_UART_Enable
                0x000008f6       0x1e D:\MCUXpressoIDE_10.2.1_795\lpc_board_nxp_lpcxpresso_1549\Debug\liblpc_board_nxp_lpcxpresso_1549.a(board.o)
 .text.Chip_UART_TXEnable
                0x00000914       0x1e D:\MCUXpressoIDE_10.2.1_795\lpc_board_nxp_lpcxpresso_1549\Debug\liblpc_board_nxp_lpcxpresso_1549.a(board.o)
 .text.Chip_UART_ConfigData
                0x00000932       0x28 D:\MCUXpressoIDE_10.2.1_795\lpc_board_nxp_lpcxpresso_1549\Debug\liblpc_board_nxp_lpcxpresso_1549.a(board.o)
 .text._write   0x0000095a       0x38 D:\MCUXpressoIDE_10.2.1_795\lpc_board_nxp_lpcxpresso_1549\Debug\liblpc_board_nxp_lpcxpresso_1549.a(board.o)
                0x0000095a                _write
 .text._read    0x00000992       0x48 D:\MCUXpressoIDE_10.2.1_795\lpc_board_nxp_lpcxpresso_1549\Debug\liblpc_board_nxp_lpcxpresso_1549.a(board.o)
                0x00000992                _read
 *fill*         0x000009da        0x2 ff
 .text.Board_UARTPutChar
                0x000009dc       0x24 D:\MCUXpressoIDE_10.2.1_795\lpc_board_nxp_lpcxpresso_1549\Debug\liblpc_board_nxp_lpcxpresso_1549.a(board.o)
                0x000009dc                Board_UARTPutChar
 .text.Board_UARTGetChar
                0x00000a00       0x2c D:\MCUXpressoIDE_10.2.1_795\lpc_board_nxp_lpcxpresso_1549\Debug\liblpc_board_nxp_lpcxpresso_1549.a(board.o)
                0x00000a00                Board_UARTGetChar
 .text.Board_Debug_Init
                0x00000a2c       0x70 D:\MCUXpressoIDE_10.2.1_795\lpc_board_nxp_lpcxpresso_1549\Debug\liblpc_board_nxp_lpcxpresso_1549.a(board.o)
                0x00000a2c                Board_Debug_Init
 .text.Board_LED_Init
                0x00000a9c       0x5c D:\MCUXpressoIDE_10.2.1_795\lpc_board_nxp_lpcxpresso_1549\Debug\liblpc_board_nxp_lpcxpresso_1549.a(board.o)
 .text.Board_LED_Set
                0x00000af8       0x54 D:\MCUXpressoIDE_10.2.1_795\lpc_board_nxp_lpcxpresso_1549\Debug\liblpc_board_nxp_lpcxpresso_1549.a(board.o)
                0x00000af8                Board_LED_Set
 .text.Board_Init
                0x00000b4c       0x18 D:\MCUXpressoIDE_10.2.1_795\lpc_board_nxp_lpcxpresso_1549\Debug\liblpc_board_nxp_lpcxpresso_1549.a(board.o)
                0x00000b4c                Board_Init
 .text.Chip_SYSCTL_PeriphReset
                0x00000b64       0x22 D:\MCUXpressoIDE_10.2.1_795\lpc_board_nxp_lpcxpresso_1549\Debug\liblpc_board_nxp_lpcxpresso_1549.a(board_sysinit.o)
 *fill*         0x00000b86        0x2 ff
 .text.Chip_Clock_SetUSBPLLSource
                0x00000b88       0x20 D:\MCUXpressoIDE_10.2.1_795\lpc_board_nxp_lpcxpresso_1549\Debug\liblpc_board_nxp_lpcxpresso_1549.a(board_sysinit.o)
 .text.Chip_Clock_SetupUSBPLL
                0x00000ba8       0x34 D:\MCUXpressoIDE_10.2.1_795\lpc_board_nxp_lpcxpresso_1549\Debug\liblpc_board_nxp_lpcxpresso_1549.a(board_sysinit.o)
 .text.Chip_Clock_IsUSBPLLLocked
                0x00000bdc       0x24 D:\MCUXpressoIDE_10.2.1_795\lpc_board_nxp_lpcxpresso_1549\Debug\liblpc_board_nxp_lpcxpresso_1549.a(board_sysinit.o)
 .text.Chip_Clock_SetSysTickClockDiv
                0x00000c00       0x20 D:\MCUXpressoIDE_10.2.1_795\lpc_board_nxp_lpcxpresso_1549\Debug\liblpc_board_nxp_lpcxpresso_1549.a(board_sysinit.o)
 .text.Chip_SWM_MovablePortPinAssign
                0x00000c20       0x30 D:\MCUXpressoIDE_10.2.1_795\lpc_board_nxp_lpcxpresso_1549\Debug\liblpc_board_nxp_lpcxpresso_1549.a(board_sysinit.o)
 .text.Board_SetupMuxing
                0x00000c50       0x80 D:\MCUXpressoIDE_10.2.1_795\lpc_board_nxp_lpcxpresso_1549\Debug\liblpc_board_nxp_lpcxpresso_1549.a(board_sysinit.o)
                0x00000c50                Board_SetupMuxing
 .text.Board_SetupClocking
                0x00000cd0       0x3a D:\MCUXpressoIDE_10.2.1_795\lpc_board_nxp_lpcxpresso_1549\Debug\liblpc_board_nxp_lpcxpresso_1549.a(board_sysinit.o)
                0x00000cd0                Board_SetupClocking
 *fill*         0x00000d0a        0x2 ff
 .text.Board_SystemInit
                0x00000d0c       0x1c D:\MCUXpressoIDE_10.2.1_795\lpc_board_nxp_lpcxpresso_1549\Debug\liblpc_board_nxp_lpcxpresso_1549.a(board_sysinit.o)
                0x00000d0c                Board_SystemInit
 .text.SystemCoreClockUpdate
                0x00000d28       0x18 D:\MCUXpressoIDE_10.2.1_795\lpc_chip_15xx\Debug\liblpc_chip_15xx.a(chip_15xx.o)
                0x00000d28                SystemCoreClockUpdate
 .text.Chip_Clock_SetMain_A_ClockSource
                0x00000d40       0x20 D:\MCUXpressoIDE_10.2.1_795\lpc_chip_15xx\Debug\liblpc_chip_15xx.a(clock_15xx.o)
 .text.Chip_Clock_GetMain_A_ClockSource
                0x00000d60       0x18 D:\MCUXpressoIDE_10.2.1_795\lpc_chip_15xx\Debug\liblpc_chip_15xx.a(clock_15xx.o)
 .text.Chip_Clock_SetMain_B_ClockSource
                0x00000d78       0x20 D:\MCUXpressoIDE_10.2.1_795\lpc_chip_15xx\Debug\liblpc_chip_15xx.a(clock_15xx.o)
 .text.Chip_Clock_GetMain_B_ClockSource
                0x00000d98       0x18 D:\MCUXpressoIDE_10.2.1_795\lpc_chip_15xx\Debug\liblpc_chip_15xx.a(clock_15xx.o)
 .text.Chip_Clock_SetUARTFRGDivider
                0x00000db0       0x20 D:\MCUXpressoIDE_10.2.1_795\lpc_chip_15xx\Debug\liblpc_chip_15xx.a(clock_15xx.o)
 .text.Chip_Clock_GetUARTFRGDivider
                0x00000dd0       0x18 D:\MCUXpressoIDE_10.2.1_795\lpc_chip_15xx\Debug\liblpc_chip_15xx.a(clock_15xx.o)
 .text.Chip_Clock_GetMainOscRate
                0x00000de8       0x14 D:\MCUXpressoIDE_10.2.1_795\lpc_chip_15xx\Debug\liblpc_chip_15xx.a(clock_15xx.o)
 .text.Chip_Clock_GetIntOscRate
                0x00000dfc       0x14 D:\MCUXpressoIDE_10.2.1_795\lpc_chip_15xx\Debug\liblpc_chip_15xx.a(clock_15xx.o)
 .text.Chip_Clock_GetRTCOscRate
                0x00000e10       0x14 D:\MCUXpressoIDE_10.2.1_795\lpc_chip_15xx\Debug\liblpc_chip_15xx.a(clock_15xx.o)
 .text.Chip_Clock_GetWDTOSCRate
                0x00000e24       0x14 D:\MCUXpressoIDE_10.2.1_795\lpc_chip_15xx\Debug\liblpc_chip_15xx.a(clock_15xx.o)
 .text.Chip_Clock_GetPLLFreq
                0x00000e38       0x26 D:\MCUXpressoIDE_10.2.1_795\lpc_chip_15xx\Debug\liblpc_chip_15xx.a(clock_15xx.o)
 .text.Chip_Clock_GetPLLInClockRate
                0x00000e5e       0x38 D:\MCUXpressoIDE_10.2.1_795\lpc_chip_15xx\Debug\liblpc_chip_15xx.a(clock_15xx.o)
 *fill*         0x00000e96        0x2 ff
 .text.Chip_Clock_GetSystemPLLInClockRate
                0x00000e98       0x1c D:\MCUXpressoIDE_10.2.1_795\lpc_chip_15xx\Debug\liblpc_chip_15xx.a(clock_15xx.o)
                0x00000e98                Chip_Clock_GetSystemPLLInClockRate
 .text.Chip_Clock_GetSystemPLLOutClockRate
                0x00000eb4       0x24 D:\MCUXpressoIDE_10.2.1_795\lpc_chip_15xx\Debug\liblpc_chip_15xx.a(clock_15xx.o)
                0x00000eb4                Chip_Clock_GetSystemPLLOutClockRate
 .text.Chip_Clock_GetMain_A_ClockRate
                0x00000ed8       0x44 D:\MCUXpressoIDE_10.2.1_795\lpc_chip_15xx\Debug\liblpc_chip_15xx.a(clock_15xx.o)
                0x00000ed8                Chip_Clock_GetMain_A_ClockRate
 .text.Chip_Clock_GetMain_B_ClockRate
                0x00000f1c       0x58 D:\MCUXpressoIDE_10.2.1_795\lpc_chip_15xx\Debug\liblpc_chip_15xx.a(clock_15xx.o)
                0x00000f1c                Chip_Clock_GetMain_B_ClockRate
 .text.Chip_Clock_SetMainClockSource
                0x00000f74       0x3c D:\MCUXpressoIDE_10.2.1_795\lpc_chip_15xx\Debug\liblpc_chip_15xx.a(clock_15xx.o)
                0x00000f74                Chip_Clock_SetMainClockSource
 .text.Chip_Clock_GetMainClockRate
                0x00000fb0       0x28 D:\MCUXpressoIDE_10.2.1_795\lpc_chip_15xx\Debug\liblpc_chip_15xx.a(clock_15xx.o)
                0x00000fb0                Chip_Clock_GetMainClockRate
 .text.Chip_Clock_EnablePeriphClock
                0x00000fd8       0x58 D:\MCUXpressoIDE_10.2.1_795\lpc_chip_15xx\Debug\liblpc_chip_15xx.a(clock_15xx.o)
                0x00000fd8                Chip_Clock_EnablePeriphClock
 .text.Chip_Clock_GetUARTBaseClockRate
                0x00001030       0x8c D:\MCUXpressoIDE_10.2.1_795\lpc_chip_15xx\Debug\liblpc_chip_15xx.a(clock_15xx.o)
                0x00001030                Chip_Clock_GetUARTBaseClockRate
 .text.Chip_Clock_SetUARTBaseClockRate
                0x000010bc       0xa4 D:\MCUXpressoIDE_10.2.1_795\lpc_chip_15xx\Debug\liblpc_chip_15xx.a(clock_15xx.o)
                0x000010bc                Chip_Clock_SetUARTBaseClockRate
 .text.Chip_Clock_GetSystemClockRate
                0x00001160       0x1c D:\MCUXpressoIDE_10.2.1_795\lpc_chip_15xx\Debug\liblpc_chip_15xx.a(clock_15xx.o)
                0x00001160                Chip_Clock_GetSystemClockRate
 .text.Chip_SYSCTL_PeriphReset
                0x0000117c       0x22 D:\MCUXpressoIDE_10.2.1_795\lpc_chip_15xx\Debug\liblpc_chip_15xx.a(gpio_15xx.o)
 .text.Chip_GPIO_Init
                0x0000119e       0x2e D:\MCUXpressoIDE_10.2.1_795\lpc_chip_15xx\Debug\liblpc_chip_15xx.a(gpio_15xx.o)
                0x0000119e                Chip_GPIO_Init
 .text.Chip_IOCON_PinMuxSet
                0x000011cc       0x2c D:\MCUXpressoIDE_10.2.1_795\lpc_chip_15xx\Debug\liblpc_chip_15xx.a(iocon_15xx.o)
 .text.Chip_IOCON_SetPinMuxing
                0x000011f8       0x4e D:\MCUXpressoIDE_10.2.1_795\lpc_chip_15xx\Debug\liblpc_chip_15xx.a(iocon_15xx.o)
                0x000011f8                Chip_IOCON_SetPinMuxing
 *fill*         0x00001246        0x2 ff
 .text.Chip_SWM_MovablePinAssign
                0x00001248       0x5c D:\MCUXpressoIDE_10.2.1_795\lpc_chip_15xx\Debug\liblpc_chip_15xx.a(swm_15xx.o)
                0x00001248                Chip_SWM_MovablePinAssign
 .text.Chip_SYSCTL_AssertPeriphReset
                0x000012a4       0x4c D:\MCUXpressoIDE_10.2.1_795\lpc_chip_15xx\Debug\liblpc_chip_15xx.a(sysctl_15xx.o)
                0x000012a4                Chip_SYSCTL_AssertPeriphReset
 .text.Chip_SYSCTL_DeassertPeriphReset
                0x000012f0       0x50 D:\MCUXpressoIDE_10.2.1_795\lpc_chip_15xx\Debug\liblpc_chip_15xx.a(sysctl_15xx.o)
                0x000012f0                Chip_SYSCTL_DeassertPeriphReset
 .text.Chip_SYSCTL_PowerDown
                0x00001340       0x40 D:\MCUXpressoIDE_10.2.1_795\lpc_chip_15xx\Debug\liblpc_chip_15xx.a(sysctl_15xx.o)
                0x00001340                Chip_SYSCTL_PowerDown
 .text.Chip_SYSCTL_PowerUp
                0x00001380       0x40 D:\MCUXpressoIDE_10.2.1_795\lpc_chip_15xx\Debug\liblpc_chip_15xx.a(sysctl_15xx.o)
                0x00001380                Chip_SYSCTL_PowerUp
 .text.Chip_FMC_SetFLASHAccess
                0x000013c0       0x38 D:\MCUXpressoIDE_10.2.1_795\lpc_chip_15xx\Debug\liblpc_chip_15xx.a(sysinit_15xx.o)
 .text.Chip_Clock_SetSystemPLLSource
                0x000013f8       0x20 D:\MCUXpressoIDE_10.2.1_795\lpc_chip_15xx\Debug\liblpc_chip_15xx.a(sysinit_15xx.o)
 .text.Chip_Clock_SetupSystemPLL
                0x00001418       0x34 D:\MCUXpressoIDE_10.2.1_795\lpc_chip_15xx\Debug\liblpc_chip_15xx.a(sysinit_15xx.o)
 .text.Chip_Clock_IsSystemPLLLocked
                0x0000144c       0x24 D:\MCUXpressoIDE_10.2.1_795\lpc_chip_15xx\Debug\liblpc_chip_15xx.a(sysinit_15xx.o)
 .text.Chip_Clock_SetSysClockDiv
                0x00001470       0x20 D:\MCUXpressoIDE_10.2.1_795\lpc_chip_15xx\Debug\liblpc_chip_15xx.a(sysinit_15xx.o)
 .text.Chip_SetupXtalClocking
                0x00001490       0x6c D:\MCUXpressoIDE_10.2.1_795\lpc_chip_15xx\Debug\liblpc_chip_15xx.a(sysinit_15xx.o)
                0x00001490                Chip_SetupXtalClocking
 .text.Chip_SYSCTL_PeriphReset
                0x000014fc       0x22 D:\MCUXpressoIDE_10.2.1_795\lpc_chip_15xx\Debug\liblpc_chip_15xx.a(uart_15xx.o)
 .text.Chip_UART_SendByte
                0x0000151e       0x1c D:\MCUXpressoIDE_10.2.1_795\lpc_chip_15xx\Debug\liblpc_chip_15xx.a(uart_15xx.o)
 .text.Chip_UART_ReadByte
                0x0000153a       0x1a D:\MCUXpressoIDE_10.2.1_795\lpc_chip_15xx\Debug\liblpc_chip_15xx.a(uart_15xx.o)
 .text.Chip_UART_GetStatus
                0x00001554       0x16 D:\MCUXpressoIDE_10.2.1_795\lpc_chip_15xx\Debug\liblpc_chip_15xx.a(uart_15xx.o)
 *fill*         0x0000156a        0x2 ff
 .text.getUARTClockID
                0x0000156c       0x34 D:\MCUXpressoIDE_10.2.1_795\lpc_chip_15xx\Debug\liblpc_chip_15xx.a(uart_15xx.o)
 .text.Chip_UART_Init
                0x000015a0       0x4c D:\MCUXpressoIDE_10.2.1_795\lpc_chip_15xx\Debug\liblpc_chip_15xx.a(uart_15xx.o)
                0x000015a0                Chip_UART_Init
 .text.Chip_UART_Send
                0x000015ec       0x50 D:\MCUXpressoIDE_10.2.1_795\lpc_chip_15xx\Debug\liblpc_chip_15xx.a(uart_15xx.o)
                0x000015ec                Chip_UART_Send
 .text.Chip_UART_SendBlocking
                0x0000163c       0x4a D:\MCUXpressoIDE_10.2.1_795\lpc_chip_15xx\Debug\liblpc_chip_15xx.a(uart_15xx.o)
                0x0000163c                Chip_UART_SendBlocking
 .text.Chip_UART_Read
                0x00001686       0x52 D:\MCUXpressoIDE_10.2.1_795\lpc_chip_15xx\Debug\liblpc_chip_15xx.a(uart_15xx.o)
                0x00001686                Chip_UART_Read
 .text.Chip_UART_SetBaud
                0x000016d8       0x2a D:\MCUXpressoIDE_10.2.1_795\lpc_chip_15xx\Debug\liblpc_chip_15xx.a(uart_15xx.o)
                0x000016d8                Chip_UART_SetBaud
 .text.xEventGroupCreate
                0x00001702       0x2e D:\MCUXpressoIDE_10.2.1_795\FreeRTOS\Debug\libFreeRTOS.a(event_groups.o)
                0x00001702                xEventGroupCreate
 .text.xEventGroupSync
                0x00001730       0xf0 D:\MCUXpressoIDE_10.2.1_795\FreeRTOS\Debug\libFreeRTOS.a(event_groups.o)
                0x00001730                xEventGroupSync
 .text.xEventGroupSetBits
                0x00001820       0xda D:\MCUXpressoIDE_10.2.1_795\FreeRTOS\Debug\libFreeRTOS.a(event_groups.o)
                0x00001820                xEventGroupSetBits
 .text.vListInitialise
                0x000018fa       0x3e D:\MCUXpressoIDE_10.2.1_795\FreeRTOS\Debug\libFreeRTOS.a(list.o)
                0x000018fa                vListInitialise
 .text.vListInitialiseItem
                0x00001938       0x18 D:\MCUXpressoIDE_10.2.1_795\FreeRTOS\Debug\libFreeRTOS.a(list.o)
                0x00001938                vListInitialiseItem
 .text.vListInsertEnd
                0x00001950       0x46 D:\MCUXpressoIDE_10.2.1_795\FreeRTOS\Debug\libFreeRTOS.a(list.o)
                0x00001950                vListInsertEnd
 .text.vListInsert
                0x00001996       0x70 D:\MCUXpressoIDE_10.2.1_795\FreeRTOS\Debug\libFreeRTOS.a(list.o)
                0x00001996                vListInsert
 .text.uxListRemove
                0x00001a06       0x52 D:\MCUXpressoIDE_10.2.1_795\FreeRTOS\Debug\libFreeRTOS.a(list.o)
                0x00001a06                uxListRemove
 .text.xQueueGenericReset
                0x00001a58       0xb4 D:\MCUXpressoIDE_10.2.1_795\FreeRTOS\Debug\libFreeRTOS.a(queue.o)
                0x00001a58                xQueueGenericReset
 .text.xQueueGenericCreate
                0x00001b0c       0x58 D:\MCUXpressoIDE_10.2.1_795\FreeRTOS\Debug\libFreeRTOS.a(queue.o)
                0x00001b0c                xQueueGenericCreate
 .text.prvInitialiseNewQueue
                0x00001b64       0x46 D:\MCUXpressoIDE_10.2.1_795\FreeRTOS\Debug\libFreeRTOS.a(queue.o)
 .text.prvInitialiseMutex
                0x00001baa       0x34 D:\MCUXpressoIDE_10.2.1_795\FreeRTOS\Debug\libFreeRTOS.a(queue.o)
 .text.xQueueCreateMutex
                0x00001bde       0x30 D:\MCUXpressoIDE_10.2.1_795\FreeRTOS\Debug\libFreeRTOS.a(queue.o)
                0x00001bde                xQueueCreateMutex
 *fill*         0x00001c0e        0x2 ff
 .text.xQueueGenericSend
                0x00001c10      0x154 D:\MCUXpressoIDE_10.2.1_795\FreeRTOS\Debug\libFreeRTOS.a(queue.o)
                0x00001c10                xQueueGenericSend
 .text.xQueueGenericSendFromISR
                0x00001d64       0xb2 D:\MCUXpressoIDE_10.2.1_795\FreeRTOS\Debug\libFreeRTOS.a(queue.o)
                0x00001d64                xQueueGenericSendFromISR
 *fill*         0x00001e16        0x2 ff
 .text.xQueueReceive
                0x00001e18      0x144 D:\MCUXpressoIDE_10.2.1_795\FreeRTOS\Debug\libFreeRTOS.a(queue.o)
                0x00001e18                xQueueReceive
 .text.xQueueSemaphoreTake
                0x00001f5c      0x190 D:\MCUXpressoIDE_10.2.1_795\FreeRTOS\Debug\libFreeRTOS.a(queue.o)
                0x00001f5c                xQueueSemaphoreTake
 .text.prvGetDisinheritPriorityAfterTimeout
                0x000020ec       0x2e D:\MCUXpressoIDE_10.2.1_795\FreeRTOS\Debug\libFreeRTOS.a(queue.o)
 .text.prvCopyDataToQueue
                0x0000211a       0xd4 D:\MCUXpressoIDE_10.2.1_795\FreeRTOS\Debug\libFreeRTOS.a(queue.o)
 .text.prvCopyDataFromQueue
                0x000021ee       0x4c D:\MCUXpressoIDE_10.2.1_795\FreeRTOS\Debug\libFreeRTOS.a(queue.o)
 .text.prvUnlockQueue
                0x0000223a       0xa4 D:\MCUXpressoIDE_10.2.1_795\FreeRTOS\Debug\libFreeRTOS.a(queue.o)
 .text.prvIsQueueEmpty
                0x000022de       0x2c D:\MCUXpressoIDE_10.2.1_795\FreeRTOS\Debug\libFreeRTOS.a(queue.o)
 .text.prvIsQueueFull
                0x0000230a       0x30 D:\MCUXpressoIDE_10.2.1_795\FreeRTOS\Debug\libFreeRTOS.a(queue.o)
 *fill*         0x0000233a        0x2 ff
 .text.vQueueAddToRegistry
                0x0000233c       0x50 D:\MCUXpressoIDE_10.2.1_795\FreeRTOS\Debug\libFreeRTOS.a(queue.o)
                0x0000233c                vQueueAddToRegistry
 .text.vQueueWaitForMessageRestricted
                0x0000238c       0x68 D:\MCUXpressoIDE_10.2.1_795\FreeRTOS\Debug\libFreeRTOS.a(queue.o)
                0x0000238c                vQueueWaitForMessageRestricted
 .text.xTaskCreate
                0x000023f4       0x84 D:\MCUXpressoIDE_10.2.1_795\FreeRTOS\Debug\libFreeRTOS.a(tasks.o)
                0x000023f4                xTaskCreate
 .text.prvInitialiseNewTask
                0x00002478      0x17e D:\MCUXpressoIDE_10.2.1_795\FreeRTOS\Debug\libFreeRTOS.a(tasks.o)
 *fill*         0x000025f6        0x2 ff
 .text.prvAddNewTaskToReadyList
                0x000025f8       0xdc D:\MCUXpressoIDE_10.2.1_795\FreeRTOS\Debug\libFreeRTOS.a(tasks.o)
 .text.vTaskDelay
                0x000026d4       0x48 D:\MCUXpressoIDE_10.2.1_795\FreeRTOS\Debug\libFreeRTOS.a(tasks.o)
                0x000026d4                vTaskDelay
 .text.vTaskStartScheduler
                0x0000271c       0xac D:\MCUXpressoIDE_10.2.1_795\FreeRTOS\Debug\libFreeRTOS.a(tasks.o)
                0x0000271c                vTaskStartScheduler
 .text.vTaskSuspendAll
                0x000027c8       0x1c D:\MCUXpressoIDE_10.2.1_795\FreeRTOS\Debug\libFreeRTOS.a(tasks.o)
                0x000027c8                vTaskSuspendAll
 .text.xTaskResumeAll
                0x000027e4      0x11c D:\MCUXpressoIDE_10.2.1_795\FreeRTOS\Debug\libFreeRTOS.a(tasks.o)
                0x000027e4                xTaskResumeAll
 .text.xTaskGetTickCount
                0x00002900       0x1c D:\MCUXpressoIDE_10.2.1_795\FreeRTOS\Debug\libFreeRTOS.a(tasks.o)
                0x00002900                xTaskGetTickCount
 .text.xTaskIncrementTick
                0x0000291c      0x158 D:\MCUXpressoIDE_10.2.1_795\FreeRTOS\Debug\libFreeRTOS.a(tasks.o)
                0x0000291c                xTaskIncrementTick
 .text.vTaskSwitchContext
                0x00002a74      0x120 D:\MCUXpressoIDE_10.2.1_795\FreeRTOS\Debug\libFreeRTOS.a(tasks.o)
                0x00002a74                vTaskSwitchContext
 .text.vTaskPlaceOnEventList
                0x00002b94       0x2c D:\MCUXpressoIDE_10.2.1_795\FreeRTOS\Debug\libFreeRTOS.a(tasks.o)
                0x00002b94                vTaskPlaceOnEventList
 .text.vTaskPlaceOnUnorderedEventList
                0x00002bc0       0x3c D:\MCUXpressoIDE_10.2.1_795\FreeRTOS\Debug\libFreeRTOS.a(tasks.o)
                0x00002bc0                vTaskPlaceOnUnorderedEventList
 .text.vTaskPlaceOnEventListRestricted
                0x00002bfc       0x3c D:\MCUXpressoIDE_10.2.1_795\FreeRTOS\Debug\libFreeRTOS.a(tasks.o)
                0x00002bfc                vTaskPlaceOnEventListRestricted
 .text.xTaskRemoveFromEventList
                0x00002c38       0xa8 D:\MCUXpressoIDE_10.2.1_795\FreeRTOS\Debug\libFreeRTOS.a(tasks.o)
                0x00002c38                xTaskRemoveFromEventList
 .text.vTaskRemoveFromUnorderedEventList
                0x00002ce0       0x84 D:\MCUXpressoIDE_10.2.1_795\FreeRTOS\Debug\libFreeRTOS.a(tasks.o)
                0x00002ce0                vTaskRemoveFromUnorderedEventList
 .text.vTaskInternalSetTimeOutState
                0x00002d64       0x2c D:\MCUXpressoIDE_10.2.1_795\FreeRTOS\Debug\libFreeRTOS.a(tasks.o)
                0x00002d64                vTaskInternalSetTimeOutState
 .text.xTaskCheckForTimeOut
                0x00002d90       0x8c D:\MCUXpressoIDE_10.2.1_795\FreeRTOS\Debug\libFreeRTOS.a(tasks.o)
                0x00002d90                xTaskCheckForTimeOut
 .text.vTaskMissedYield
                0x00002e1c       0x18 D:\MCUXpressoIDE_10.2.1_795\FreeRTOS\Debug\libFreeRTOS.a(tasks.o)
                0x00002e1c                vTaskMissedYield
 .text.prvIdleTask
                0x00002e34        0xe D:\MCUXpressoIDE_10.2.1_795\FreeRTOS\Debug\libFreeRTOS.a(tasks.o)
 *fill*         0x00002e42        0x2 ff
 .text.prvInitialiseTaskLists
                0x00002e44       0x80 D:\MCUXpressoIDE_10.2.1_795\FreeRTOS\Debug\libFreeRTOS.a(tasks.o)
 .text.prvCheckTasksWaitingTermination
                0x00002ec4       0x58 D:\MCUXpressoIDE_10.2.1_795\FreeRTOS\Debug\libFreeRTOS.a(tasks.o)
 .text.prvDeleteTCB
                0x00002f1c       0x2a D:\MCUXpressoIDE_10.2.1_795\FreeRTOS\Debug\libFreeRTOS.a(tasks.o)
 *fill*         0x00002f46        0x2 ff
 .text.prvResetNextTaskUnblockTime
                0x00002f48       0x48 D:\MCUXpressoIDE_10.2.1_795\FreeRTOS\Debug\libFreeRTOS.a(tasks.o)
 .text.xTaskGetSchedulerState
                0x00002f90       0x3c D:\MCUXpressoIDE_10.2.1_795\FreeRTOS\Debug\libFreeRTOS.a(tasks.o)
                0x00002f90                xTaskGetSchedulerState
 .text.xTaskPriorityInherit
                0x00002fcc      0x10c D:\MCUXpressoIDE_10.2.1_795\FreeRTOS\Debug\libFreeRTOS.a(tasks.o)
                0x00002fcc                xTaskPriorityInherit
 .text.xTaskPriorityDisinherit
                0x000030d8       0xc8 D:\MCUXpressoIDE_10.2.1_795\FreeRTOS\Debug\libFreeRTOS.a(tasks.o)
                0x000030d8                xTaskPriorityDisinherit
 .text.vTaskPriorityDisinheritAfterTimeout
                0x000031a0       0xfc D:\MCUXpressoIDE_10.2.1_795\FreeRTOS\Debug\libFreeRTOS.a(tasks.o)
                0x000031a0                vTaskPriorityDisinheritAfterTimeout
 .text.uxTaskResetEventItemValue
                0x0000329c       0x30 D:\MCUXpressoIDE_10.2.1_795\FreeRTOS\Debug\libFreeRTOS.a(tasks.o)
                0x0000329c                uxTaskResetEventItemValue
 .text.pvTaskIncrementMutexHeldCount
                0x000032cc       0x28 D:\MCUXpressoIDE_10.2.1_795\FreeRTOS\Debug\libFreeRTOS.a(tasks.o)
                0x000032cc                pvTaskIncrementMutexHeldCount
 .text.prvAddCurrentTaskToDelayedList
                0x000032f4       0xcc D:\MCUXpressoIDE_10.2.1_795\FreeRTOS\Debug\libFreeRTOS.a(tasks.o)
 .text.xTimerCreateTimerTask
                0x000033c0       0x48 D:\MCUXpressoIDE_10.2.1_795\FreeRTOS\Debug\libFreeRTOS.a(timers.o)
                0x000033c0                xTimerCreateTimerTask
 .text.xTimerGenericCommand
                0x00003408       0x80 D:\MCUXpressoIDE_10.2.1_795\FreeRTOS\Debug\libFreeRTOS.a(timers.o)
                0x00003408                xTimerGenericCommand
 .text.prvProcessExpiredTimer
                0x00003488       0x64 D:\MCUXpressoIDE_10.2.1_795\FreeRTOS\Debug\libFreeRTOS.a(timers.o)
 .text.prvTimerTask
                0x000034ec       0x24 D:\MCUXpressoIDE_10.2.1_795\FreeRTOS\Debug\libFreeRTOS.a(timers.o)
 .text.prvProcessTimerOrBlockTask
                0x00003510       0x9c D:\MCUXpressoIDE_10.2.1_795\FreeRTOS\Debug\libFreeRTOS.a(timers.o)
 .text.prvGetNextExpireTime
                0x000035ac       0x48 D:\MCUXpressoIDE_10.2.1_795\FreeRTOS\Debug\libFreeRTOS.a(timers.o)
 .text.prvSampleTimeNow
                0x000035f4       0x40 D:\MCUXpressoIDE_10.2.1_795\FreeRTOS\Debug\libFreeRTOS.a(timers.o)
 .text.prvInsertTimerInActiveList
                0x00003634       0x84 D:\MCUXpressoIDE_10.2.1_795\FreeRTOS\Debug\libFreeRTOS.a(timers.o)
 .text.prvProcessReceivedCommands
                0x000036b8       0xec D:\MCUXpressoIDE_10.2.1_795\FreeRTOS\Debug\libFreeRTOS.a(timers.o)
 .text.prvSwitchTimerLists
                0x000037a4       0xa8 D:\MCUXpressoIDE_10.2.1_795\FreeRTOS\Debug\libFreeRTOS.a(timers.o)
 .text.prvCheckForValidListAndQueue
                0x0000384c       0x6c D:\MCUXpressoIDE_10.2.1_795\FreeRTOS\Debug\libFreeRTOS.a(timers.o)
 .text.pvPortMalloc
                0x000038b8       0x2c D:\MCUXpressoIDE_10.2.1_795\FreeRTOS\Debug\libFreeRTOS.a(heap_3.o)
                0x000038b8                pvPortMalloc
 .text.vPortFree
                0x000038e4       0x24 D:\MCUXpressoIDE_10.2.1_795\FreeRTOS\Debug\libFreeRTOS.a(heap_3.o)
                0x000038e4                vPortFree
 .text.pxPortInitialiseStack
                0x00003908       0x58 D:\MCUXpressoIDE_10.2.1_795\FreeRTOS\Debug\libFreeRTOS.a(port.o)
                0x00003908                pxPortInitialiseStack
 .text.prvTaskExitError
                0x00003960       0x2e D:\MCUXpressoIDE_10.2.1_795\FreeRTOS\Debug\libFreeRTOS.a(port.o)
 *fill*         0x0000398e        0x2 ff
 .text.SVC_Handler
                0x00003990       0x28 D:\MCUXpressoIDE_10.2.1_795\FreeRTOS\Debug\libFreeRTOS.a(port.o)
                0x00003990                SVC_Handler
 .text.prvPortStartFirstTask
                0x000039b8       0x20 D:\MCUXpressoIDE_10.2.1_795\FreeRTOS\Debug\libFreeRTOS.a(port.o)
 .text.xPortStartScheduler
                0x000039d8       0x40 D:\MCUXpressoIDE_10.2.1_795\FreeRTOS\Debug\libFreeRTOS.a(port.o)
                0x000039d8                xPortStartScheduler
 .text.vPortEnterCritical
                0x00003a18       0x30 D:\MCUXpressoIDE_10.2.1_795\FreeRTOS\Debug\libFreeRTOS.a(port.o)
                0x00003a18                vPortEnterCritical
 .text.vPortExitCritical
                0x00003a48       0x30 D:\MCUXpressoIDE_10.2.1_795\FreeRTOS\Debug\libFreeRTOS.a(port.o)
                0x00003a48                vPortExitCritical
 *fill*         0x00003a78        0x8 ff
 .text.PendSV_Handler
                0x00003a80       0x48 D:\MCUXpressoIDE_10.2.1_795\FreeRTOS\Debug\libFreeRTOS.a(port.o)
                0x00003a80                PendSV_Handler
 .text.SysTick_Handler
                0x00003ac8       0x40 D:\MCUXpressoIDE_10.2.1_795\FreeRTOS\Debug\libFreeRTOS.a(port.o)
                0x00003ac8                SysTick_Handler
 .text.vPortSetupTimerInterrupt
                0x00003b08       0x44 D:\MCUXpressoIDE_10.2.1_795\FreeRTOS\Debug\libFreeRTOS.a(port.o)
                0x00003b08                vPortSetupTimerInterrupt
 .text.vApplicationMallocFailedHook
                0x00003b4c       0x1c D:\MCUXpressoIDE_10.2.1_795\FreeRTOS\Debug\libFreeRTOS.a(FreeRTOSCommonHooks.o)
                0x00003b4c                vApplicationMallocFailedHook
 .text.vApplicationStackOverflowHook
                0x00003b68       0x20 D:\MCUXpressoIDE_10.2.1_795\FreeRTOS\Debug\libFreeRTOS.a(FreeRTOSCommonHooks.o)
                0x00003b68                vApplicationStackOverflowHook
 .text          0x00003b88       0x30 d:/mcuxpressoide_10.2.1_795/ide/tools/bin/../lib/gcc/arm-none-eabi/7.2.1/thumb/v7-m\libgcc.a(_aeabi_uldivmod.o)
                0x00003b88                __aeabi_uldivmod
 .text          0x00003bb8      0x2d0 d:/mcuxpressoide_10.2.1_795/ide/tools/bin/../lib/gcc/arm-none-eabi/7.2.1/thumb/v7-m\libgcc.a(_udivmoddi4.o)
                0x00003bb8                __udivmoddi4
 .text          0x00003e88        0x4 d:/mcuxpressoide_10.2.1_795/ide/tools/bin/../lib/gcc/arm-none-eabi/7.2.1/thumb/v7-m\libgcc.a(_dvmd_tls.o)
                0x00003e88                __aeabi_idiv0
                0x00003e88                __aeabi_ldiv0
 .text.__libc_init_array
                0x00003e8c       0x48 d:/mcuxpressoide_10.2.1_795/ide/tools/bin/../lib/gcc/arm-none-eabi/7.2.1/../../../../arm-none-eabi/lib/thumb/v7-m\libc.a(lib_a-init.o)
                0x00003e8c                __libc_init_array
 .text.malloc   0x00003ed4       0x10 d:/mcuxpressoide_10.2.1_795/ide/tools/bin/../lib/gcc/arm-none-eabi/7.2.1/../../../../arm-none-eabi/lib/thumb/v7-m\libc.a(lib_a-malloc.o)
                0x00003ed4                malloc
 .text.free     0x00003ee4       0x10 d:/mcuxpressoide_10.2.1_795/ide/tools/bin/../lib/gcc/arm-none-eabi/7.2.1/../../../../arm-none-eabi/lib/thumb/v7-m\libc.a(lib_a-malloc.o)
                0x00003ee4                free
 .text._malloc_r
                0x00003ef4      0x524 d:/mcuxpressoide_10.2.1_795/ide/tools/bin/../lib/gcc/arm-none-eabi/7.2.1/../../../../arm-none-eabi/lib/thumb/v7-m\libc.a(lib_a-mallocr.o)
                0x00003ef4                _malloc_r
 .text          0x00004418       0xec d:/mcuxpressoide_10.2.1_795/ide/tools/bin/../lib/gcc/arm-none-eabi/7.2.1/../../../../arm-none-eabi/lib/thumb/v7-m\libc.a(lib_a-memcpy.o)
                0x00004418                memcpy
 .text.memset   0x00004504       0x94 d:/mcuxpressoide_10.2.1_795/ide/tools/bin/../lib/gcc/arm-none-eabi/7.2.1/../../../../arm-none-eabi/lib/thumb/v7-m\libc.a(lib_a-memset.o)
                0x00004504                memset
 .text.__malloc_lock
                0x00004598        0xc d:/mcuxpressoide_10.2.1_795/ide/tools/bin/../lib/gcc/arm-none-eabi/7.2.1/../../../../arm-none-eabi/lib/thumb/v7-m\libc.a(lib_a-mlock.o)
                0x00004598                __malloc_lock
 .text.__malloc_unlock
                0x000045a4        0xc d:/mcuxpressoide_10.2.1_795/ide/tools/bin/../lib/gcc/arm-none-eabi/7.2.1/../../../../arm-none-eabi/lib/thumb/v7-m\libc.a(lib_a-mlock.o)
                0x000045a4                __malloc_unlock
 .text.printf   0x000045b0       0x28 d:/mcuxpressoide_10.2.1_795/ide/tools/bin/../lib/gcc/arm-none-eabi/7.2.1/../../../../arm-none-eabi/lib/thumb/v7-m\libc.a(lib_a-printf.o)
                0x000045b0                printf
 .text.cleanup_glue
                0x000045d8       0x28 d:/mcuxpressoide_10.2.1_795/ide/tools/bin/../lib/gcc/arm-none-eabi/7.2.1/../../../../arm-none-eabi/lib/thumb/v7-m\libc.a(lib_a-reent.o)
                0x000045d8                cleanup_glue
 .text._reclaim_reent
                0x00004600       0x88 d:/mcuxpressoide_10.2.1_795/ide/tools/bin/../lib/gcc/arm-none-eabi/7.2.1/../../../../arm-none-eabi/lib/thumb/v7-m\libc.a(lib_a-reent.o)
                0x00004600                _reclaim_reent
 .text._sbrk_r  0x00004688       0x24 d:/mcuxpressoide_10.2.1_795/ide/tools/bin/../lib/gcc/arm-none-eabi/7.2.1/../../../../arm-none-eabi/lib/thumb/v7-m\libc.a(lib_a-sbrkr.o)
                0x00004688                _sbrk_r
 .text.strlen   0x000046ac       0x5c d:/mcuxpressoide_10.2.1_795/ide/tools/bin/../lib/gcc/arm-none-eabi/7.2.1/../../../../arm-none-eabi/lib/thumb/v7-m\libc.a(lib_a-strlen-stub.o)
                0x000046ac                strlen
 .text._vfprintf_r
                0x00004708     0x1558 d:/mcuxpressoide_10.2.1_795/ide/tools/bin/../lib/gcc/arm-none-eabi/7.2.1/../../../../arm-none-eabi/lib/thumb/v7-m\libc.a(lib_a-vfprintf.o)
                0x00004708                _vfprintf_r
 .text.__sbprintf
                0x00005c60       0x88 d:/mcuxpressoide_10.2.1_795/ide/tools/bin/../lib/gcc/arm-none-eabi/7.2.1/../../../../arm-none-eabi/lib/thumb/v7-m\libc.a(lib_a-vfprintf.o)
 .text.__swsetup_r
                0x00005ce8       0xcc d:/mcuxpressoide_10.2.1_795/ide/tools/bin/../lib/gcc/arm-none-eabi/7.2.1/../../../../arm-none-eabi/lib/thumb/v7-m\libc.a(lib_a-wsetup.o)
                0x00005ce8                __swsetup_r
 .text.quorem   0x00005db4      0x124 d:/mcuxpressoide_10.2.1_795/ide/tools/bin/../lib/gcc/arm-none-eabi/7.2.1/../../../../arm-none-eabi/lib/thumb/v7-m\libc.a(lib_a-dtoa.o)
 .text._dtoa_r  0x00005ed8      0xe30 d:/mcuxpressoide_10.2.1_795/ide/tools/bin/../lib/gcc/arm-none-eabi/7.2.1/../../../../arm-none-eabi/lib/thumb/v7-m\libc.a(lib_a-dtoa.o)
                0x00005ed8                _dtoa_r
 .text.__sflush_r
                0x00006d08      0x154 d:/mcuxpressoide_10.2.1_795/ide/tools/bin/../lib/gcc/arm-none-eabi/7.2.1/../../../../arm-none-eabi/lib/thumb/v7-m\libc.a(lib_a-fflush.o)
                0x00006d08                __sflush_r
 .text._fflush_r
                0x00006e5c       0x5c d:/mcuxpressoide_10.2.1_795/ide/tools/bin/../lib/gcc/arm-none-eabi/7.2.1/../../../../arm-none-eabi/lib/thumb/v7-m\libc.a(lib_a-fflush.o)
                0x00006e5c                _fflush_r
 .text.std      0x00006eb8       0x50 d:/mcuxpressoide_10.2.1_795/ide/tools/bin/../lib/gcc/arm-none-eabi/7.2.1/../../../../arm-none-eabi/lib/thumb/v7-m\libc.a(lib_a-findfp.o)
 .text._cleanup_r
                0x00006f08        0xc d:/mcuxpressoide_10.2.1_795/ide/tools/bin/../lib/gcc/arm-none-eabi/7.2.1/../../../../arm-none-eabi/lib/thumb/v7-m\libc.a(lib_a-findfp.o)
                0x00006f08                _cleanup_r
 .text.__sinit  0x00006f14       0x60 d:/mcuxpressoide_10.2.1_795/ide/tools/bin/../lib/gcc/arm-none-eabi/7.2.1/../../../../arm-none-eabi/lib/thumb/v7-m\libc.a(lib_a-findfp.o)
                0x00006f14                __sinit
 .text.__sfp_lock_acquire
                0x00006f74        0xc d:/mcuxpressoide_10.2.1_795/ide/tools/bin/../lib/gcc/arm-none-eabi/7.2.1/../../../../arm-none-eabi/lib/thumb/v7-m\libc.a(lib_a-findfp.o)
                0x00006f74                __sfp_lock_acquire
 .text.__sfp_lock_release
                0x00006f80        0xc d:/mcuxpressoide_10.2.1_795/ide/tools/bin/../lib/gcc/arm-none-eabi/7.2.1/../../../../arm-none-eabi/lib/thumb/v7-m\libc.a(lib_a-findfp.o)
                0x00006f80                __sfp_lock_release
 .text._malloc_trim_r
                0x00006f8c       0xa0 d:/mcuxpressoide_10.2.1_795/ide/tools/bin/../lib/gcc/arm-none-eabi/7.2.1/../../../../arm-none-eabi/lib/thumb/v7-m\libc.a(lib_a-freer.o)
                0x00006f8c                _malloc_trim_r
 .text._free_r  0x0000702c      0x1e8 d:/mcuxpressoide_10.2.1_795/ide/tools/bin/../lib/gcc/arm-none-eabi/7.2.1/../../../../arm-none-eabi/lib/thumb/v7-m\libc.a(lib_a-freer.o)
                0x0000702c                _free_r
 .text._fwalk_reent
                0x00007214       0x50 d:/mcuxpressoide_10.2.1_795/ide/tools/bin/../lib/gcc/arm-none-eabi/7.2.1/../../../../arm-none-eabi/lib/thumb/v7-m\libc.a(lib_a-fwalk.o)
                0x00007214                _fwalk_reent
 .text._localeconv_r
                0x00007264       0x1c d:/mcuxpressoide_10.2.1_795/ide/tools/bin/../lib/gcc/arm-none-eabi/7.2.1/../../../../arm-none-eabi/lib/thumb/v7-m\libc.a(lib_a-localeconv.o)
                0x00007264                _localeconv_r
 .text.__retarget_lock_init_recursive
                0x00007280        0x4 d:/mcuxpressoide_10.2.1_795/ide/tools/bin/../lib/gcc/arm-none-eabi/7.2.1/../../../../arm-none-eabi/lib/thumb/v7-m\libc.a(lib_a-lock.o)
                0x00007280                __retarget_lock_init_recursive
 .text.__retarget_lock_close_recursive
                0x00007284        0x4 d:/mcuxpressoide_10.2.1_795/ide/tools/bin/../lib/gcc/arm-none-eabi/7.2.1/../../../../arm-none-eabi/lib/thumb/v7-m\libc.a(lib_a-lock.o)
                0x00007284                __retarget_lock_close_recursive
 .text.__retarget_lock_acquire_recursive
                0x00007288        0x4 d:/mcuxpressoide_10.2.1_795/ide/tools/bin/../lib/gcc/arm-none-eabi/7.2.1/../../../../arm-none-eabi/lib/thumb/v7-m\libc.a(lib_a-lock.o)
                0x00007288                __retarget_lock_acquire_recursive
 .text.__retarget_lock_release_recursive
                0x0000728c        0x4 d:/mcuxpressoide_10.2.1_795/ide/tools/bin/../lib/gcc/arm-none-eabi/7.2.1/../../../../arm-none-eabi/lib/thumb/v7-m\libc.a(lib_a-lock.o)
                0x0000728c                __retarget_lock_release_recursive
 .text.__swhatbuf_r
                0x00007290       0x5c d:/mcuxpressoide_10.2.1_795/ide/tools/bin/../lib/gcc/arm-none-eabi/7.2.1/../../../../arm-none-eabi/lib/thumb/v7-m\libc.a(lib_a-makebuf.o)
                0x00007290                __swhatbuf_r
 .text.__smakebuf_r
                0x000072ec       0x94 d:/mcuxpressoide_10.2.1_795/ide/tools/bin/../lib/gcc/arm-none-eabi/7.2.1/../../../../arm-none-eabi/lib/thumb/v7-m\libc.a(lib_a-makebuf.o)
                0x000072ec                __smakebuf_r
 .text.memchr   0x00007380       0x8c d:/mcuxpressoide_10.2.1_795/ide/tools/bin/../lib/gcc/arm-none-eabi/7.2.1/../../../../arm-none-eabi/lib/thumb/v7-m\libc.a(lib_a-memchr-stub.o)
                0x00007380                memchr
 .text._Balloc  0x0000740c       0x4c d:/mcuxpressoide_10.2.1_795/ide/tools/bin/../lib/gcc/arm-none-eabi/7.2.1/../../../../arm-none-eabi/lib/thumb/v7-m\libc.a(lib_a-mprec.o)
                0x0000740c                _Balloc
 .text._Bfree   0x00007458       0x14 d:/mcuxpressoide_10.2.1_795/ide/tools/bin/../lib/gcc/arm-none-eabi/7.2.1/../../../../arm-none-eabi/lib/thumb/v7-m\libc.a(lib_a-mprec.o)
                0x00007458                _Bfree
 .text.__multadd
                0x0000746c       0x84 d:/mcuxpressoide_10.2.1_795/ide/tools/bin/../lib/gcc/arm-none-eabi/7.2.1/../../../../arm-none-eabi/lib/thumb/v7-m\libc.a(lib_a-mprec.o)
                0x0000746c                __multadd
 .text.__hi0bits
                0x000074f0       0x40 d:/mcuxpressoide_10.2.1_795/ide/tools/bin/../lib/gcc/arm-none-eabi/7.2.1/../../../../arm-none-eabi/lib/thumb/v7-m\libc.a(lib_a-mprec.o)
                0x000074f0                __hi0bits
 .text.__lo0bits
                0x00007530       0x60 d:/mcuxpressoide_10.2.1_795/ide/tools/bin/../lib/gcc/arm-none-eabi/7.2.1/../../../../arm-none-eabi/lib/thumb/v7-m\libc.a(lib_a-mprec.o)
                0x00007530                __lo0bits
 .text.__i2b    0x00007590       0x14 d:/mcuxpressoide_10.2.1_795/ide/tools/bin/../lib/gcc/arm-none-eabi/7.2.1/../../../../arm-none-eabi/lib/thumb/v7-m\libc.a(lib_a-mprec.o)
                0x00007590                __i2b
 .text.__multiply
                0x000075a4      0x14c d:/mcuxpressoide_10.2.1_795/ide/tools/bin/../lib/gcc/arm-none-eabi/7.2.1/../../../../arm-none-eabi/lib/thumb/v7-m\libc.a(lib_a-mprec.o)
                0x000075a4                __multiply
 .text.__pow5mult
                0x000076f0       0xa0 d:/mcuxpressoide_10.2.1_795/ide/tools/bin/../lib/gcc/arm-none-eabi/7.2.1/../../../../arm-none-eabi/lib/thumb/v7-m\libc.a(lib_a-mprec.o)
                0x000076f0                __pow5mult
 .text.__lshift
                0x00007790       0xb4 d:/mcuxpressoide_10.2.1_795/ide/tools/bin/../lib/gcc/arm-none-eabi/7.2.1/../../../../arm-none-eabi/lib/thumb/v7-m\libc.a(lib_a-mprec.o)
                0x00007790                __lshift
 .text.__mcmp   0x00007844       0x38 d:/mcuxpressoide_10.2.1_795/ide/tools/bin/../lib/gcc/arm-none-eabi/7.2.1/../../../../arm-none-eabi/lib/thumb/v7-m\libc.a(lib_a-mprec.o)
                0x00007844                __mcmp
 .text.__mdiff  0x0000787c      0x100 d:/mcuxpressoide_10.2.1_795/ide/tools/bin/../lib/gcc/arm-none-eabi/7.2.1/../../../../arm-none-eabi/lib/thumb/v7-m\libc.a(lib_a-mprec.o)
                0x0000787c                __mdiff
 .text.__d2b    0x0000797c       0xb0 d:/mcuxpressoide_10.2.1_795/ide/tools/bin/../lib/gcc/arm-none-eabi/7.2.1/../../../../arm-none-eabi/lib/thumb/v7-m\libc.a(lib_a-mprec.o)
                0x0000797c                __d2b
 .text.__sread  0x00007a2c       0x24 d:/mcuxpressoide_10.2.1_795/ide/tools/bin/../lib/gcc/arm-none-eabi/7.2.1/../../../../arm-none-eabi/lib/thumb/v7-m\libc.a(lib_a-stdio.o)
                0x00007a2c                __sread
 .text.__swrite
                0x00007a50       0x3c d:/mcuxpressoide_10.2.1_795/ide/tools/bin/../lib/gcc/arm-none-eabi/7.2.1/../../../../arm-none-eabi/lib/thumb/v7-m\libc.a(lib_a-stdio.o)
                0x00007a50                __swrite
 .text.__sseek  0x00007a8c       0x20 d:/mcuxpressoide_10.2.1_795/ide/tools/bin/../lib/gcc/arm-none-eabi/7.2.1/../../../../arm-none-eabi/lib/thumb/v7-m\libc.a(lib_a-stdio.o)
                0x00007a8c                __sseek
 .text.__sclose
                0x00007aac        0x8 d:/mcuxpressoide_10.2.1_795/ide/tools/bin/../lib/gcc/arm-none-eabi/7.2.1/../../../../arm-none-eabi/lib/thumb/v7-m\libc.a(lib_a-stdio.o)
                0x00007aac                __sclose
 .text.__sprint_r.part.0
                0x00007ab4       0x78 d:/mcuxpressoide_10.2.1_795/ide/tools/bin/../lib/gcc/arm-none-eabi/7.2.1/../../../../arm-none-eabi/lib/thumb/v7-m\libc.a(lib_a-vfiprintf.o)
 .text.__sprint_r
                0x00007b2c       0x14 d:/mcuxpressoide_10.2.1_795/ide/tools/bin/../lib/gcc/arm-none-eabi/7.2.1/../../../../arm-none-eabi/lib/thumb/v7-m\libc.a(lib_a-vfiprintf.o)
                0x00007b2c                __sprint_r
 .text._write_r
                0x00007b40       0x2c d:/mcuxpressoide_10.2.1_795/ide/tools/bin/../lib/gcc/arm-none-eabi/7.2.1/../../../../arm-none-eabi/lib/thumb/v7-m\libc.a(lib_a-writer.o)
                0x00007b40                _write_r
 .text._calloc_r
                0x00007b6c       0x6c d:/mcuxpressoide_10.2.1_795/ide/tools/bin/../lib/gcc/arm-none-eabi/7.2.1/../../../../arm-none-eabi/lib/thumb/v7-m\libc.a(lib_a-callocr.o)
                0x00007b6c                _calloc_r
 .text._close_r
                0x00007bd8       0x24 d:/mcuxpressoide_10.2.1_795/ide/tools/bin/../lib/gcc/arm-none-eabi/7.2.1/../../../../arm-none-eabi/lib/thumb/v7-m\libc.a(lib_a-closer.o)
                0x00007bd8                _close_r
 .text._fclose_r
                0x00007bfc       0xd0 d:/mcuxpressoide_10.2.1_795/ide/tools/bin/../lib/gcc/arm-none-eabi/7.2.1/../../../../arm-none-eabi/lib/thumb/v7-m\libc.a(lib_a-fclose.o)
                0x00007bfc                _fclose_r
 .text.__fputwc
                0x00007ccc       0x94 d:/mcuxpressoide_10.2.1_795/ide/tools/bin/../lib/gcc/arm-none-eabi/7.2.1/../../../../arm-none-eabi/lib/thumb/v7-m\libc.a(lib_a-fputwc.o)
                0x00007ccc                __fputwc
 .text._fputwc_r
                0x00007d60       0x64 d:/mcuxpressoide_10.2.1_795/ide/tools/bin/../lib/gcc/arm-none-eabi/7.2.1/../../../../arm-none-eabi/lib/thumb/v7-m\libc.a(lib_a-fputwc.o)
                0x00007d60                _fputwc_r
 .text._fstat_r
                0x00007dc4       0x28 d:/mcuxpressoide_10.2.1_795/ide/tools/bin/../lib/gcc/arm-none-eabi/7.2.1/../../../../arm-none-eabi/lib/thumb/v7-m\libc.a(lib_a-fstatr.o)
                0x00007dc4                _fstat_r
 .text.__sfvwrite_r
                0x00007dec      0x2f4 d:/mcuxpressoide_10.2.1_795/ide/tools/bin/../lib/gcc/arm-none-eabi/7.2.1/../../../../arm-none-eabi/lib/thumb/v7-m\libc.a(lib_a-fvwrite.o)
                0x00007dec                __sfvwrite_r
 .text._isatty_r
                0x000080e0       0x24 d:/mcuxpressoide_10.2.1_795/ide/tools/bin/../lib/gcc/arm-none-eabi/7.2.1/../../../../arm-none-eabi/lib/thumb/v7-m\libc.a(lib_a-isattyr.o)
                0x000080e0                _isatty_r
 .text.__locale_mb_cur_max
                0x00008104       0x1c d:/mcuxpressoide_10.2.1_795/ide/tools/bin/../lib/gcc/arm-none-eabi/7.2.1/../../../../arm-none-eabi/lib/thumb/v7-m\libc.a(lib_a-locale.o)
                0x00008104                __locale_mb_cur_max
 .text._lseek_r
                0x00008120       0x2c d:/mcuxpressoide_10.2.1_795/ide/tools/bin/../lib/gcc/arm-none-eabi/7.2.1/../../../../arm-none-eabi/lib/thumb/v7-m\libc.a(lib_a-lseekr.o)
                0x00008120                _lseek_r
 .text.__ascii_mbtowc
                0x0000814c       0x2c d:/mcuxpressoide_10.2.1_795/ide/tools/bin/../lib/gcc/arm-none-eabi/7.2.1/../../../../arm-none-eabi/lib/thumb/v7-m\libc.a(lib_a-mbtowc_r.o)
                0x0000814c                __ascii_mbtowc
 .text.memmove  0x00008178       0xc4 d:/mcuxpressoide_10.2.1_795/ide/tools/bin/../lib/gcc/arm-none-eabi/7.2.1/../../../../arm-none-eabi/lib/thumb/v7-m\libc.a(lib_a-memmove.o)
                0x00008178                memmove
 .text._read_r  0x0000823c       0x2c d:/mcuxpressoide_10.2.1_795/ide/tools/bin/../lib/gcc/arm-none-eabi/7.2.1/../../../../arm-none-eabi/lib/thumb/v7-m\libc.a(lib_a-readr.o)
                0x0000823c                _read_r
 .text._realloc_r
                0x00008268      0x374 d:/mcuxpressoide_10.2.1_795/ide/tools/bin/../lib/gcc/arm-none-eabi/7.2.1/../../../../arm-none-eabi/lib/thumb/v7-m\libc.a(lib_a-reallocr.o)
                0x00008268                _realloc_r
 .text.__swbuf_r
                0x000085dc       0xb0 d:/mcuxpressoide_10.2.1_795/ide/tools/bin/../lib/gcc/arm-none-eabi/7.2.1/../../../../arm-none-eabi/lib/thumb/v7-m\libc.a(lib_a-wbuf.o)
                0x000085dc                __swbuf_r
 .text._wcrtomb_r
                0x0000868c       0x54 d:/mcuxpressoide_10.2.1_795/ide/tools/bin/../lib/gcc/arm-none-eabi/7.2.1/../../../../arm-none-eabi/lib/thumb/v7-m\libc.a(lib_a-wcrtomb.o)
                0x0000868c                _wcrtomb_r
 .text.__ascii_wctomb
                0x000086e0       0x18 d:/mcuxpressoide_10.2.1_795/ide/tools/bin/../lib/gcc/arm-none-eabi/7.2.1/../../../../arm-none-eabi/lib/thumb/v7-m\libc.a(lib_a-wctomb_r.o)
                0x000086e0                __ascii_wctomb
 .text._sbrk    0x000086f8       0x3c d:/mcuxpressoide_10.2.1_795/ide/tools/bin/../lib/gcc/arm-none-eabi/7.2.1/../../../../arm-none-eabi/lib/thumb/v7-m\libcr_newlib_nohost.a(_cr_sbrk.o)
                0x000086f8                _sbrk
 .text._close   0x00008734       0x10 d:/mcuxpressoide_10.2.1_795/ide/tools/bin/../lib/gcc/arm-none-eabi/7.2.1/../../../../arm-none-eabi/lib/thumb/v7-m\libcr_newlib_nohost.a(close.o)
                0x00008734                _close
 .text._fstat   0x00008744       0x10 d:/mcuxpressoide_10.2.1_795/ide/tools/bin/../lib/gcc/arm-none-eabi/7.2.1/../../../../arm-none-eabi/lib/thumb/v7-m\libcr_newlib_nohost.a(fstat.o)
                0x00008744                _fstat
 .text._isatty  0x00008754       0x10 d:/mcuxpressoide_10.2.1_795/ide/tools/bin/../lib/gcc/arm-none-eabi/7.2.1/../../../../arm-none-eabi/lib/thumb/v7-m\libcr_newlib_nohost.a(isatty.o)
                0x00008754                _isatty
 .text._lseek   0x00008764       0x10 d:/mcuxpressoide_10.2.1_795/ide/tools/bin/../lib/gcc/arm-none-eabi/7.2.1/../../../../arm-none-eabi/lib/thumb/v7-m\libcr_newlib_nohost.a(lseek.o)
                0x00008764                _lseek
 .text.__check_heap_overflow
                0x00008774       0x18 d:/mcuxpressoide_10.2.1_795/ide/tools/bin/../lib/gcc/arm-none-eabi/7.2.1/../../../../arm-none-eabi/lib/thumb/v7-m\libcr_newlib_nohost.a(_cr_check_heap.o)
                0x00008774                __check_heap_overflow
 .text          0x0000878c       0x40 d:/mcuxpressoide_10.2.1_795/ide/tools/bin/../lib/gcc/arm-none-eabi/7.2.1/thumb/v7-m\crtbegin.o
 .text          0x000087cc      0x378 d:/mcuxpressoide_10.2.1_795/ide/tools/bin/../lib/gcc/arm-none-eabi/7.2.1/thumb/v7-m\libgcc.a(_arm_addsubdf3.o)
                0x000087cc                __aeabi_drsub
                0x000087d4                __aeabi_dsub
                0x000087d4                __subdf3
                0x000087d8                __aeabi_dadd
                0x000087d8                __adddf3
                0x00008a50                __floatunsidf
                0x00008a50                __aeabi_ui2d
                0x00008a70                __floatsidf
                0x00008a70                __aeabi_i2d
                0x00008a94                __aeabi_f2d
                0x00008a94                __extendsfdf2
                0x00008ad8                __floatundidf
                0x00008ad8                __aeabi_ul2d
                0x00008ae8                __floatdidf
                0x00008ae8                __aeabi_l2d
 .text          0x00008b44      0x424 d:/mcuxpressoide_10.2.1_795/ide/tools/bin/../lib/gcc/arm-none-eabi/7.2.1/thumb/v7-m\libgcc.a(_arm_muldivdf3.o)
                0x00008b44                __aeabi_dmul
                0x00008b44                __muldf3
                0x00008d98                __divdf3
                0x00008d98                __aeabi_ddiv
 .text          0x00008f68      0x110 d:/mcuxpressoide_10.2.1_795/ide/tools/bin/../lib/gcc/arm-none-eabi/7.2.1/thumb/v7-m\libgcc.a(_arm_cmpdf2.o)
                0x00008f68                __gtdf2
                0x00008f68                __gedf2
                0x00008f70                __ltdf2
                0x00008f70                __ledf2
                0x00008f78                __nedf2
                0x00008f78                __eqdf2
                0x00008f78                __cmpdf2
                0x00008ff4                __aeabi_cdrcmple
                0x00009004                __aeabi_cdcmpeq
                0x00009004                __aeabi_cdcmple
                0x00009014                __aeabi_dcmpeq
                0x00009028                __aeabi_dcmplt
                0x0000903c                __aeabi_dcmple
                0x00009050                __aeabi_dcmpge
                0x00009064                __aeabi_dcmpgt
 .text          0x00009078       0x2c d:/mcuxpressoide_10.2.1_795/ide/tools/bin/../lib/gcc/arm-none-eabi/7.2.1/thumb/v7-m\libgcc.a(_arm_unorddf2.o)
                0x00009078                __unorddf2
                0x00009078                __aeabi_dcmpun
 .text          0x000090a4       0x50 d:/mcuxpressoide_10.2.1_795/ide/tools/bin/../lib/gcc/arm-none-eabi/7.2.1/thumb/v7-m\libgcc.a(_arm_fixdfsi.o)
                0x000090a4                __aeabi_d2iz
                0x000090a4                __fixdfsi
 .text.__errno  0x000090f4        0xc d:/mcuxpressoide_10.2.1_795/ide/tools/bin/../lib/gcc/arm-none-eabi/7.2.1/../../../../arm-none-eabi/lib/thumb/v7-m\libc.a(lib_a-errno.o)
                0x000090f4                __errno
 *(.rodata .rodata.* .constdata .constdata.*)
 .rodata        0x00009100       0x9a ./src/lab9.2.o
 *fill*         0x0000919a        0x2 ff
 .rodata._ZTV12DigitalIoPin
                0x0000919c       0x14 ./src/lab9.2.o
                0x0000919c                vtable for DigitalIoPin
 .rodata.OscRateIn
                0x000091b0        0x4 D:\MCUXpressoIDE_10.2.1_795\lpc_board_nxp_lpcxpresso_1549\Debug\liblpc_board_nxp_lpcxpresso_1549.a(board.o)
                0x000091b0                OscRateIn
 .rodata.RTCOscRateIn
                0x000091b4        0x4 D:\MCUXpressoIDE_10.2.1_795\lpc_board_nxp_lpcxpresso_1549\Debug\liblpc_board_nxp_lpcxpresso_1549.a(board.o)
                0x000091b4                RTCOscRateIn
 .rodata.ledpins
                0x000091b8        0x3 D:\MCUXpressoIDE_10.2.1_795\lpc_board_nxp_lpcxpresso_1549\Debug\liblpc_board_nxp_lpcxpresso_1549.a(board.o)
 *fill*         0x000091bb        0x1 ff
 .rodata.ledports
                0x000091bc        0x3 D:\MCUXpressoIDE_10.2.1_795\lpc_board_nxp_lpcxpresso_1549\Debug\liblpc_board_nxp_lpcxpresso_1549.a(board.o)
 *fill*         0x000091bf        0x1 ff
 .rodata.ioconSetup
                0x000091c0       0x74 D:\MCUXpressoIDE_10.2.1_795\lpc_board_nxp_lpcxpresso_1549\Debug\liblpc_board_nxp_lpcxpresso_1549.a(board_sysinit.o)
 .rodata.swmSetup
                0x00009234        0x6 D:\MCUXpressoIDE_10.2.1_795\lpc_board_nxp_lpcxpresso_1549\Debug\liblpc_board_nxp_lpcxpresso_1549.a(board_sysinit.o)
 *fill*         0x0000923a        0x2 ff
 .rodata        0x0000923c       0x40 D:\MCUXpressoIDE_10.2.1_795\FreeRTOS\Debug\libFreeRTOS.a(tasks.o)
                0x0000926c                FreeRTOSDebugConfig
 .rodata        0x0000927c        0xd D:\MCUXpressoIDE_10.2.1_795\FreeRTOS\Debug\libFreeRTOS.a(timers.o)
 *fill*         0x00009289        0x3 ff
 .rodata._vfprintf_r.str1.4
                0x0000928c       0x42 d:/mcuxpressoide_10.2.1_795/ide/tools/bin/../lib/gcc/arm-none-eabi/7.2.1/../../../../arm-none-eabi/lib/thumb/v7-m\libc.a(lib_a-vfprintf.o)
 *fill*         0x000092ce        0x2 ff
 .rodata.blanks.7291
                0x000092d0       0x10 d:/mcuxpressoide_10.2.1_795/ide/tools/bin/../lib/gcc/arm-none-eabi/7.2.1/../../../../arm-none-eabi/lib/thumb/v7-m\libc.a(lib_a-vfprintf.o)
 .rodata.zeroes.7292
                0x000092e0       0x10 d:/mcuxpressoide_10.2.1_795/ide/tools/bin/../lib/gcc/arm-none-eabi/7.2.1/../../../../arm-none-eabi/lib/thumb/v7-m\libc.a(lib_a-vfprintf.o)
 .rodata._dtoa_r.str1.4
                0x000092f0       0x10 d:/mcuxpressoide_10.2.1_795/ide/tools/bin/../lib/gcc/arm-none-eabi/7.2.1/../../../../arm-none-eabi/lib/thumb/v7-m\libc.a(lib_a-dtoa.o)
                                 0x12 (size before relaxing)
 .rodata.__mprec_bigtens
                0x00009300       0x28 d:/mcuxpressoide_10.2.1_795/ide/tools/bin/../lib/gcc/arm-none-eabi/7.2.1/../../../../arm-none-eabi/lib/thumb/v7-m\libc.a(lib_a-mprec.o)
                0x00009300                __mprec_bigtens
 .rodata.__mprec_tens
                0x00009328       0xc8 d:/mcuxpressoide_10.2.1_795/ide/tools/bin/../lib/gcc/arm-none-eabi/7.2.1/../../../../arm-none-eabi/lib/thumb/v7-m\libc.a(lib_a-mprec.o)
                0x00009328                __mprec_tens
 .rodata.p05.6092
                0x000093f0        0xc d:/mcuxpressoide_10.2.1_795/ide/tools/bin/../lib/gcc/arm-none-eabi/7.2.1/../../../../arm-none-eabi/lib/thumb/v7-m\libc.a(lib_a-mprec.o)
 .rodata._setlocale_r.str1.4
                0x000093fc        0xa d:/mcuxpressoide_10.2.1_795/ide/tools/bin/../lib/gcc/arm-none-eabi/7.2.1/../../../../arm-none-eabi/lib/thumb/v7-m\libc.a(lib_a-locale.o)
                                  0xd (size before relaxing)
 *fill*         0x00009406        0x2 ff
 .rodata.str1.4
                0x00009408        0x4 d:/mcuxpressoide_10.2.1_795/ide/tools/bin/../lib/gcc/arm-none-eabi/7.2.1/../../../../arm-none-eabi/lib/thumb/v7-m\libc.a(lib_a-locale.o)
                                  0x2 (size before relaxing)
 .rodata._ctype_
                0x0000940c      0x101 d:/mcuxpressoide_10.2.1_795/ide/tools/bin/../lib/gcc/arm-none-eabi/7.2.1/../../../../arm-none-eabi/lib/thumb/v7-m\libc.a(lib_a-ctype_.o)
                0x0000940c                _ctype_
                0x00009510                . = ALIGN (0x4)
 *fill*         0x0000950d        0x3 ff
                0x00009510                . = ALIGN (0x4)
 *(.init)
 .init          0x00009510        0x4 d:/mcuxpressoide_10.2.1_795/ide/tools/bin/../lib/gcc/arm-none-eabi/7.2.1/thumb/v7-m\crti.o
                0x00009510                _init
 .init          0x00009514        0x8 d:/mcuxpressoide_10.2.1_795/ide/tools/bin/../lib/gcc/arm-none-eabi/7.2.1/thumb/v7-m\crtn.o
                0x0000951c                . = ALIGN (0x4)
                0x0000951c                __preinit_array_start = .
 *(.preinit_array)
                0x0000951c                __preinit_array_end = .
                0x0000951c                . = ALIGN (0x4)
                0x0000951c                __init_array_start = .
 *(SORT_BY_NAME(.init_array.*))
 *(.init_array)
 .init_array    0x0000951c        0x4 d:/mcuxpressoide_10.2.1_795/ide/tools/bin/../lib/gcc/arm-none-eabi/7.2.1/thumb/v7-m\crtbegin.o
                0x00009520                __init_array_end = .
 *(.fini)
 .fini          0x00009520        0x4 d:/mcuxpressoide_10.2.1_795/ide/tools/bin/../lib/gcc/arm-none-eabi/7.2.1/thumb/v7-m\crti.o
                0x00009520                _fini
 .fini          0x00009524        0x8 d:/mcuxpressoide_10.2.1_795/ide/tools/bin/../lib/gcc/arm-none-eabi/7.2.1/thumb/v7-m\crtn.o
                0x0000952c                . = ALIGN (0x4)
 *crtbegin.o(.ctors)
 *(EXCLUDE_FILE(*crtend.o) .ctors)
 *(SORT_BY_NAME(.ctors.*))
 *crtend.o(.ctors)
                0x0000952c                . = ALIGN (0x4)
 *crtbegin.o(.dtors)
 *(EXCLUDE_FILE(*crtend.o) .dtors)
 *(SORT_BY_NAME(.dtors.*))
 *crtend.o(.dtors)
                0x0000952c                . = ALIGN (0x4)

.glue_7         0x0000952c        0x0
 .glue_7        0x0000952c        0x0 linker stubs

.glue_7t        0x0000952c        0x0
 .glue_7t       0x0000952c        0x0 linker stubs

.vfp11_veneer   0x0000952c        0x0
 .vfp11_veneer  0x0000952c        0x0 linker stubs

.v4_bx          0x0000952c        0x0
 .v4_bx         0x0000952c        0x0 linker stubs

.iplt           0x0000952c        0x0
 .iplt          0x0000952c        0x0 ./src/cr_cpp_config.o

.ARM.extab
 *(.ARM.extab* .gnu.linkonce.armextab.*)
                0x0000952c                __exidx_start = .

.ARM.exidx      0x0000952c        0x8
 *(.ARM.exidx* .gnu.linkonce.armexidx.*)
 .ARM.exidx     0x0000952c        0x8 d:/mcuxpressoide_10.2.1_795/ide/tools/bin/../lib/gcc/arm-none-eabi/7.2.1/thumb/v7-m\libgcc.a(_udivmoddi4.o)
                0x00009534                __exidx_end = .
                0x00009534                _etext = .

.rel.dyn        0x00009534        0x0
 .rel.iplt      0x00009534        0x0 ./src/cr_cpp_config.o

.eh_frame       0x00009534        0x0
 .eh_frame      0x00009534        0x0 d:/mcuxpressoide_10.2.1_795/ide/tools/bin/../lib/gcc/arm-none-eabi/7.2.1/thumb/v7-m\crtbegin.o

.data_RAM2      0x02008000        0x0 load address 0x00009534
 FILL mask 0xff
                [!provide]                PROVIDE (__start_data_RAM2, .)
 *(.ramfunc.$RAM2)
 *(.ramfunc.$Ram2_4)
 *(.data.$RAM2*)
 *(.data.$Ram2_4*)
                0x02008000                . = ALIGN (0x4)
                [!provide]                PROVIDE (__end_data_RAM2, .)

.uninit_RESERVED
                0x02000000        0x0
 *(.bss.$RESERVED*)
                0x02000000                . = ALIGN (0x4)
                0x02000000                _end_uninit_RESERVED = .

.data           0x02000000      0x9ac load address 0x00009534
 FILL mask 0xff
                0x02000000                _data = .
 *(vtable)
 *(.ramfunc*)
 *(.data*)
 .data.uxCriticalNesting
                0x02000000        0x4 D:\MCUXpressoIDE_10.2.1_795\FreeRTOS\Debug\libFreeRTOS.a(port.o)
 .data._impure_ptr
                0x02000004        0x4 d:/mcuxpressoide_10.2.1_795/ide/tools/bin/../lib/gcc/arm-none-eabi/7.2.1/../../../../arm-none-eabi/lib/thumb/v7-m\libc.a(lib_a-impure.o)
                0x02000004                _impure_ptr
 .data.impure_data
                0x02000008      0x428 d:/mcuxpressoide_10.2.1_795/ide/tools/bin/../lib/gcc/arm-none-eabi/7.2.1/../../../../arm-none-eabi/lib/thumb/v7-m\libc.a(lib_a-impure.o)
 .data.__malloc_av_
                0x02000430      0x408 d:/mcuxpressoide_10.2.1_795/ide/tools/bin/../lib/gcc/arm-none-eabi/7.2.1/../../../../arm-none-eabi/lib/thumb/v7-m\libc.a(lib_a-mallocr.o)
                0x02000430                __malloc_av_
 .data.__malloc_sbrk_base
                0x02000838        0x4 d:/mcuxpressoide_10.2.1_795/ide/tools/bin/../lib/gcc/arm-none-eabi/7.2.1/../../../../arm-none-eabi/lib/thumb/v7-m\libc.a(lib_a-mallocr.o)
                0x02000838                __malloc_sbrk_base
 .data.__malloc_trim_threshold
                0x0200083c        0x4 d:/mcuxpressoide_10.2.1_795/ide/tools/bin/../lib/gcc/arm-none-eabi/7.2.1/../../../../arm-none-eabi/lib/thumb/v7-m\libc.a(lib_a-mallocr.o)
                0x0200083c                __malloc_trim_threshold
 .data.__global_locale
                0x02000840      0x16c d:/mcuxpressoide_10.2.1_795/ide/tools/bin/../lib/gcc/arm-none-eabi/7.2.1/../../../../arm-none-eabi/lib/thumb/v7-m\libc.a(lib_a-locale.o)
                0x02000840                __global_locale
                0x020009ac                . = ALIGN (0x4)
                0x020009ac                _edata = .

.igot.plt       0x020009ac        0x0 load address 0x00009ee0
 .igot.plt      0x020009ac        0x0 ./src/cr_cpp_config.o

.bss_RAM2       0x02008000        0x0
                [!provide]                PROVIDE (__start_bss_RAM2, .)
 *(.bss.$RAM2*)
 *(.bss.$Ram2_4*)
                0x02008000                . = ALIGN ((. != 0x0)?0x4:0x1)
                [!provide]                PROVIDE (__end_bss_RAM2, .)

.bss            0x020009ac      0x260
                0x020009ac                _bss = .
 *(.bss*)
 .bss.guard     0x020009ac        0x4 ./src/lab9.2.o
                0x020009ac                guard
 .bss.evt       0x020009b0        0x4 ./src/lab9.2.o
                0x020009b0                evt
 .bss.uxBits    0x020009b4        0x4 ./src/lab9.2.o
                0x020009b4                uxBits
 .bss.xQueueRegistry
                0x020009b8       0x50 D:\MCUXpressoIDE_10.2.1_795\FreeRTOS\Debug\libFreeRTOS.a(queue.o)
                0x020009b8                xQueueRegistry
 .bss.pxCurrentTCB
                0x02000a08        0x4 D:\MCUXpressoIDE_10.2.1_795\FreeRTOS\Debug\libFreeRTOS.a(tasks.o)
                0x02000a08                pxCurrentTCB
 .bss.pxReadyTasksLists
                0x02000a0c       0xa0 D:\MCUXpressoIDE_10.2.1_795\FreeRTOS\Debug\libFreeRTOS.a(tasks.o)
 .bss.xDelayedTaskList1
                0x02000aac       0x14 D:\MCUXpressoIDE_10.2.1_795\FreeRTOS\Debug\libFreeRTOS.a(tasks.o)
 .bss.xDelayedTaskList2
                0x02000ac0       0x14 D:\MCUXpressoIDE_10.2.1_795\FreeRTOS\Debug\libFreeRTOS.a(tasks.o)
 .bss.pxDelayedTaskList
                0x02000ad4        0x4 D:\MCUXpressoIDE_10.2.1_795\FreeRTOS\Debug\libFreeRTOS.a(tasks.o)
 .bss.pxOverflowDelayedTaskList
                0x02000ad8        0x4 D:\MCUXpressoIDE_10.2.1_795\FreeRTOS\Debug\libFreeRTOS.a(tasks.o)
 .bss.xPendingReadyList
                0x02000adc       0x14 D:\MCUXpressoIDE_10.2.1_795\FreeRTOS\Debug\libFreeRTOS.a(tasks.o)
 .bss.xTasksWaitingTermination
                0x02000af0       0x14 D:\MCUXpressoIDE_10.2.1_795\FreeRTOS\Debug\libFreeRTOS.a(tasks.o)
 .bss.uxDeletedTasksWaitingCleanUp
                0x02000b04        0x4 D:\MCUXpressoIDE_10.2.1_795\FreeRTOS\Debug\libFreeRTOS.a(tasks.o)
 .bss.xSuspendedTaskList
                0x02000b08       0x14 D:\MCUXpressoIDE_10.2.1_795\FreeRTOS\Debug\libFreeRTOS.a(tasks.o)
 .bss.uxCurrentNumberOfTasks
                0x02000b1c        0x4 D:\MCUXpressoIDE_10.2.1_795\FreeRTOS\Debug\libFreeRTOS.a(tasks.o)
 .bss.xTickCount
                0x02000b20        0x4 D:\MCUXpressoIDE_10.2.1_795\FreeRTOS\Debug\libFreeRTOS.a(tasks.o)
 .bss.uxTopReadyPriority
                0x02000b24        0x4 D:\MCUXpressoIDE_10.2.1_795\FreeRTOS\Debug\libFreeRTOS.a(tasks.o)
 .bss.xSchedulerRunning
                0x02000b28        0x4 D:\MCUXpressoIDE_10.2.1_795\FreeRTOS\Debug\libFreeRTOS.a(tasks.o)
 .bss.uxPendedTicks
                0x02000b2c        0x4 D:\MCUXpressoIDE_10.2.1_795\FreeRTOS\Debug\libFreeRTOS.a(tasks.o)
 .bss.xYieldPending
                0x02000b30        0x4 D:\MCUXpressoIDE_10.2.1_795\FreeRTOS\Debug\libFreeRTOS.a(tasks.o)
 .bss.xNumOfOverflows
                0x02000b34        0x4 D:\MCUXpressoIDE_10.2.1_795\FreeRTOS\Debug\libFreeRTOS.a(tasks.o)
 .bss.uxTaskNumber
                0x02000b38        0x4 D:\MCUXpressoIDE_10.2.1_795\FreeRTOS\Debug\libFreeRTOS.a(tasks.o)
 .bss.xNextTaskUnblockTime
                0x02000b3c        0x4 D:\MCUXpressoIDE_10.2.1_795\FreeRTOS\Debug\libFreeRTOS.a(tasks.o)
 .bss.xIdleTaskHandle
                0x02000b40        0x4 D:\MCUXpressoIDE_10.2.1_795\FreeRTOS\Debug\libFreeRTOS.a(tasks.o)
 .bss.uxSchedulerSuspended
                0x02000b44        0x4 D:\MCUXpressoIDE_10.2.1_795\FreeRTOS\Debug\libFreeRTOS.a(tasks.o)
 .bss.ulTaskSwitchedInTime
                0x02000b48        0x4 D:\MCUXpressoIDE_10.2.1_795\FreeRTOS\Debug\libFreeRTOS.a(tasks.o)
 .bss.ulTotalRunTime
                0x02000b4c        0x4 D:\MCUXpressoIDE_10.2.1_795\FreeRTOS\Debug\libFreeRTOS.a(tasks.o)
 .bss.xActiveTimerList1
                0x02000b50       0x14 D:\MCUXpressoIDE_10.2.1_795\FreeRTOS\Debug\libFreeRTOS.a(timers.o)
 .bss.xActiveTimerList2
                0x02000b64       0x14 D:\MCUXpressoIDE_10.2.1_795\FreeRTOS\Debug\libFreeRTOS.a(timers.o)
 .bss.pxCurrentTimerList
                0x02000b78        0x4 D:\MCUXpressoIDE_10.2.1_795\FreeRTOS\Debug\libFreeRTOS.a(timers.o)
 .bss.pxOverflowTimerList
                0x02000b7c        0x4 D:\MCUXpressoIDE_10.2.1_795\FreeRTOS\Debug\libFreeRTOS.a(timers.o)
 .bss.xTimerQueue
                0x02000b80        0x4 D:\MCUXpressoIDE_10.2.1_795\FreeRTOS\Debug\libFreeRTOS.a(timers.o)
 .bss.xTimerTaskHandle
                0x02000b84        0x4 D:\MCUXpressoIDE_10.2.1_795\FreeRTOS\Debug\libFreeRTOS.a(timers.o)
 .bss.xLastTime.9949
                0x02000b88        0x4 D:\MCUXpressoIDE_10.2.1_795\FreeRTOS\Debug\libFreeRTOS.a(timers.o)
 .bss.__malloc_current_mallinfo
                0x02000b8c       0x28 d:/mcuxpressoide_10.2.1_795/ide/tools/bin/../lib/gcc/arm-none-eabi/7.2.1/../../../../arm-none-eabi/lib/thumb/v7-m\libc.a(lib_a-mallocr.o)
                0x02000b8c                __malloc_current_mallinfo
 .bss.__malloc_max_sbrked_mem
                0x02000bb4        0x4 d:/mcuxpressoide_10.2.1_795/ide/tools/bin/../lib/gcc/arm-none-eabi/7.2.1/../../../../arm-none-eabi/lib/thumb/v7-m\libc.a(lib_a-mallocr.o)
                0x02000bb4                __malloc_max_sbrked_mem
 .bss.__malloc_max_total_mem
                0x02000bb8        0x4 d:/mcuxpressoide_10.2.1_795/ide/tools/bin/../lib/gcc/arm-none-eabi/7.2.1/../../../../arm-none-eabi/lib/thumb/v7-m\libc.a(lib_a-mallocr.o)
                0x02000bb8                __malloc_max_total_mem
 .bss.__malloc_top_pad
                0x02000bbc        0x4 d:/mcuxpressoide_10.2.1_795/ide/tools/bin/../lib/gcc/arm-none-eabi/7.2.1/../../../../arm-none-eabi/lib/thumb/v7-m\libc.a(lib_a-mallocr.o)
                0x02000bbc                __malloc_top_pad
 .bss.__end_of_heap
                0x02000bc0        0x4 d:/mcuxpressoide_10.2.1_795/ide/tools/bin/../lib/gcc/arm-none-eabi/7.2.1/../../../../arm-none-eabi/lib/thumb/v7-m\libcr_newlib_nohost.a(_cr_sbrk.o)
                0x02000bc0                __end_of_heap
 .bss           0x02000bc4       0x1c d:/mcuxpressoide_10.2.1_795/ide/tools/bin/../lib/gcc/arm-none-eabi/7.2.1/thumb/v7-m\crtbegin.o
 *(COMMON)
 COMMON         0x02000be0        0x4 D:\MCUXpressoIDE_10.2.1_795\lpc_chip_15xx\Debug\liblpc_chip_15xx.a(chip_15xx.o)
                0x02000be0                SystemCoreClock
 COMMON         0x02000be4        0x4 d:/mcuxpressoide_10.2.1_795/ide/tools/bin/../lib/gcc/arm-none-eabi/7.2.1/../../../../arm-none-eabi/lib/thumb/v7-m\libc.a(lib_a-reent.o)
                0x02000be4                errno
 COMMON         0x02000be8       0x21 d:/mcuxpressoide_10.2.1_795/ide/tools/bin/../lib/gcc/arm-none-eabi/7.2.1/../../../../arm-none-eabi/lib/thumb/v7-m\libc.a(lib_a-lock.o)
                0x02000be8                __lock___atexit_recursive_mutex
                0x02000bec                __lock___arc4random_mutex
                0x02000bf0                __lock___env_recursive_mutex
                0x02000bf4                __lock___sinit_recursive_mutex
                0x02000bf8                __lock___malloc_recursive_mutex
                0x02000bfc                __lock___at_quick_exit_mutex
                0x02000c00                __lock___dd_hash_mutex
                0x02000c04                __lock___tz_mutex
                0x02000c08                __lock___sfp_recursive_mutex
                0x02000c0c                . = ALIGN (0x4)
 *fill*         0x02000c09        0x3 
                0x02000c0c                _ebss = .
                [!provide]                PROVIDE (end, .)

.noinit_RAM2    0x02008000        0x0
 *(.noinit.$RAM2*)
 *(.noinit.$Ram2_4*)
                0x02008000                . = ALIGN (0x4)

.noinit         0x02000c0c        0x0
                0x02000c0c                _noinit = .
 *(.noinit*)
                0x02000c0c                . = ALIGN (0x4)
                0x02000c0c                _end_noinit = .
                0x02000c0c                PROVIDE (_pvHeapStart, DEFINED (__user_heap_base)?__user_heap_base:.)
                0x02008000                PROVIDE (_vStackTop, DEFINED (__user_stack_top)?__user_stack_top:(__top_Ram0_16_32 - 0x0))
                0xfdff735a                PROVIDE (__valid_user_code_checksum, (0x0 - ((((((_vStackTop + (ResetISR + 0x1)) + (NMI_Handler + 0x1)) + (HardFault_Handler + 0x1)) + (DEFINED (MemManage_Handler)?MemManage_Handler:0x0 + 0x1)) + (DEFINED (BusFault_Handler)?BusFault_Handler:0x0 + 0x1)) + (DEFINED (UsageFault_Handler)?UsageFault_Handler:0x0 + 0x1))))
                0x00000000                _image_start = LOADADDR (.text)
                0x00009ee0                _image_end = (LOADADDR (.data) + SIZEOF (.data))
                0x00009ee0                _image_size = (_image_end - _image_start)
OUTPUT(lab9.2.axf elf32-littlearm)

.debug_info     0x00000000    0x1a362
 .debug_info    0x00000000     0x109f ./src/cr_cpp_config.o
 .debug_info    0x0000109f      0x27e ./src/cr_startup_lpc15xx.o
 .debug_info    0x0000131d     0x5e37 ./src/lab9.2.o
 .debug_info    0x00007154      0x96c ./src/sysinit.o
 .debug_info    0x00007ac0     0x135e D:\MCUXpressoIDE_10.2.1_795\lpc_board_nxp_lpcxpresso_1549\Debug\liblpc_board_nxp_lpcxpresso_1549.a(board.o)
 .debug_info    0x00008e1e     0x150a D:\MCUXpressoIDE_10.2.1_795\lpc_board_nxp_lpcxpresso_1549\Debug\liblpc_board_nxp_lpcxpresso_1549.a(board_sysinit.o)
 .debug_info    0x0000a328      0x9dd D:\MCUXpressoIDE_10.2.1_795\lpc_chip_15xx\Debug\liblpc_chip_15xx.a(chip_15xx.o)
 .debug_info    0x0000ad05      0xd9e D:\MCUXpressoIDE_10.2.1_795\lpc_chip_15xx\Debug\liblpc_chip_15xx.a(clock_15xx.o)
 .debug_info    0x0000baa3      0x688 D:\MCUXpressoIDE_10.2.1_795\lpc_chip_15xx\Debug\liblpc_chip_15xx.a(gpio_15xx.o)
 .debug_info    0x0000c12b      0x279 D:\MCUXpressoIDE_10.2.1_795\lpc_chip_15xx\Debug\liblpc_chip_15xx.a(iocon_15xx.o)
 .debug_info    0x0000c3a4      0x66c D:\MCUXpressoIDE_10.2.1_795\lpc_chip_15xx\Debug\liblpc_chip_15xx.a(swm_15xx.o)
 .debug_info    0x0000ca10      0x79f D:\MCUXpressoIDE_10.2.1_795\lpc_chip_15xx\Debug\liblpc_chip_15xx.a(sysctl_15xx.o)
 .debug_info    0x0000d1af      0x778 D:\MCUXpressoIDE_10.2.1_795\lpc_chip_15xx\Debug\liblpc_chip_15xx.a(sysinit_15xx.o)
 .debug_info    0x0000d927      0x955 D:\MCUXpressoIDE_10.2.1_795\lpc_chip_15xx\Debug\liblpc_chip_15xx.a(uart_15xx.o)
 .debug_info    0x0000e27c      0xfee D:\MCUXpressoIDE_10.2.1_795\FreeRTOS\Debug\libFreeRTOS.a(event_groups.o)
 .debug_info    0x0000f26a      0xb76 D:\MCUXpressoIDE_10.2.1_795\FreeRTOS\Debug\libFreeRTOS.a(list.o)
 .debug_info    0x0000fde0     0x1aac D:\MCUXpressoIDE_10.2.1_795\FreeRTOS\Debug\libFreeRTOS.a(queue.o)
 .debug_info    0x0001188c     0x269f D:\MCUXpressoIDE_10.2.1_795\FreeRTOS\Debug\libFreeRTOS.a(tasks.o)
 .debug_info    0x00013f2b     0x137b D:\MCUXpressoIDE_10.2.1_795\FreeRTOS\Debug\libFreeRTOS.a(timers.o)
 .debug_info    0x000152a6      0x9d7 D:\MCUXpressoIDE_10.2.1_795\FreeRTOS\Debug\libFreeRTOS.a(heap_3.o)
 .debug_info    0x00015c7d      0xca4 D:\MCUXpressoIDE_10.2.1_795\FreeRTOS\Debug\libFreeRTOS.a(port.o)
 .debug_info    0x00016921      0xa85 D:\MCUXpressoIDE_10.2.1_795\FreeRTOS\Debug\libFreeRTOS.a(FreeRTOSCommonHooks.o)
 .debug_info    0x000173a6      0x95f d:/mcuxpressoide_10.2.1_795/ide/tools/bin/../lib/gcc/arm-none-eabi/7.2.1/../../../../arm-none-eabi/lib/thumb/v7-m\libcr_newlib_nohost.a(_cr_sbrk.o)
 .debug_info    0x00017d05      0x8f0 d:/mcuxpressoide_10.2.1_795/ide/tools/bin/../lib/gcc/arm-none-eabi/7.2.1/../../../../arm-none-eabi/lib/thumb/v7-m\libcr_newlib_nohost.a(close.o)
 .debug_info    0x000185f5      0xb07 d:/mcuxpressoide_10.2.1_795/ide/tools/bin/../lib/gcc/arm-none-eabi/7.2.1/../../../../arm-none-eabi/lib/thumb/v7-m\libcr_newlib_nohost.a(fstat.o)
 .debug_info    0x000190fc      0x8f0 d:/mcuxpressoide_10.2.1_795/ide/tools/bin/../lib/gcc/arm-none-eabi/7.2.1/../../../../arm-none-eabi/lib/thumb/v7-m\libcr_newlib_nohost.a(isatty.o)
 .debug_info    0x000199ec      0x90c d:/mcuxpressoide_10.2.1_795/ide/tools/bin/../lib/gcc/arm-none-eabi/7.2.1/../../../../arm-none-eabi/lib/thumb/v7-m\libcr_newlib_nohost.a(lseek.o)
 .debug_info    0x0001a2f8       0x6a d:/mcuxpressoide_10.2.1_795/ide/tools/bin/../lib/gcc/arm-none-eabi/7.2.1/../../../../arm-none-eabi/lib/thumb/v7-m\libcr_newlib_nohost.a(_cr_check_heap.o)

.debug_abbrev   0x00000000     0x42ef
 .debug_abbrev  0x00000000      0x32c ./src/cr_cpp_config.o
 .debug_abbrev  0x0000032c      0x106 ./src/cr_startup_lpc15xx.o
 .debug_abbrev  0x00000432      0x942 ./src/lab9.2.o
 .debug_abbrev  0x00000d74      0x1b1 ./src/sysinit.o
 .debug_abbrev  0x00000f25      0x32b D:\MCUXpressoIDE_10.2.1_795\lpc_board_nxp_lpcxpresso_1549\Debug\liblpc_board_nxp_lpcxpresso_1549.a(board.o)
 .debug_abbrev  0x00001250      0x2fa D:\MCUXpressoIDE_10.2.1_795\lpc_board_nxp_lpcxpresso_1549\Debug\liblpc_board_nxp_lpcxpresso_1549.a(board_sysinit.o)
 .debug_abbrev  0x0000154a      0x1c0 D:\MCUXpressoIDE_10.2.1_795\lpc_chip_15xx\Debug\liblpc_chip_15xx.a(chip_15xx.o)
 .debug_abbrev  0x0000170a      0x2ac D:\MCUXpressoIDE_10.2.1_795\lpc_chip_15xx\Debug\liblpc_chip_15xx.a(clock_15xx.o)
 .debug_abbrev  0x000019b6      0x188 D:\MCUXpressoIDE_10.2.1_795\lpc_chip_15xx\Debug\liblpc_chip_15xx.a(gpio_15xx.o)
 .debug_abbrev  0x00001b3e      0x144 D:\MCUXpressoIDE_10.2.1_795\lpc_chip_15xx\Debug\liblpc_chip_15xx.a(iocon_15xx.o)
 .debug_abbrev  0x00001c82      0x165 D:\MCUXpressoIDE_10.2.1_795\lpc_chip_15xx\Debug\liblpc_chip_15xx.a(swm_15xx.o)
 .debug_abbrev  0x00001de7      0x13a D:\MCUXpressoIDE_10.2.1_795\lpc_chip_15xx\Debug\liblpc_chip_15xx.a(sysctl_15xx.o)
 .debug_abbrev  0x00001f21      0x1b5 D:\MCUXpressoIDE_10.2.1_795\lpc_chip_15xx\Debug\liblpc_chip_15xx.a(sysinit_15xx.o)
 .debug_abbrev  0x000020d6      0x1fa D:\MCUXpressoIDE_10.2.1_795\lpc_chip_15xx\Debug\liblpc_chip_15xx.a(uart_15xx.o)
 .debug_abbrev  0x000022d0      0x2ee D:\MCUXpressoIDE_10.2.1_795\FreeRTOS\Debug\libFreeRTOS.a(event_groups.o)
 .debug_abbrev  0x000025be      0x205 D:\MCUXpressoIDE_10.2.1_795\FreeRTOS\Debug\libFreeRTOS.a(list.o)
 .debug_abbrev  0x000027c3      0x36a D:\MCUXpressoIDE_10.2.1_795\FreeRTOS\Debug\libFreeRTOS.a(queue.o)
 .debug_abbrev  0x00002b2d      0x398 D:\MCUXpressoIDE_10.2.1_795\FreeRTOS\Debug\libFreeRTOS.a(tasks.o)
 .debug_abbrev  0x00002ec5      0x2e2 D:\MCUXpressoIDE_10.2.1_795\FreeRTOS\Debug\libFreeRTOS.a(timers.o)
 .debug_abbrev  0x000031a7      0x214 D:\MCUXpressoIDE_10.2.1_795\FreeRTOS\Debug\libFreeRTOS.a(heap_3.o)
 .debug_abbrev  0x000033bb      0x31d D:\MCUXpressoIDE_10.2.1_795\FreeRTOS\Debug\libFreeRTOS.a(port.o)
 .debug_abbrev  0x000036d8      0x26f D:\MCUXpressoIDE_10.2.1_795\FreeRTOS\Debug\libFreeRTOS.a(FreeRTOSCommonHooks.o)
 .debug_abbrev  0x00003947      0x223 d:/mcuxpressoide_10.2.1_795/ide/tools/bin/../lib/gcc/arm-none-eabi/7.2.1/../../../../arm-none-eabi/lib/thumb/v7-m\libcr_newlib_nohost.a(_cr_sbrk.o)
 .debug_abbrev  0x00003b6a      0x1bd d:/mcuxpressoide_10.2.1_795/ide/tools/bin/../lib/gcc/arm-none-eabi/7.2.1/../../../../arm-none-eabi/lib/thumb/v7-m\libcr_newlib_nohost.a(close.o)
 .debug_abbrev  0x00003d27      0x1ce d:/mcuxpressoide_10.2.1_795/ide/tools/bin/../lib/gcc/arm-none-eabi/7.2.1/../../../../arm-none-eabi/lib/thumb/v7-m\libcr_newlib_nohost.a(fstat.o)
 .debug_abbrev  0x00003ef5      0x1bd d:/mcuxpressoide_10.2.1_795/ide/tools/bin/../lib/gcc/arm-none-eabi/7.2.1/../../../../arm-none-eabi/lib/thumb/v7-m\libcr_newlib_nohost.a(isatty.o)
 .debug_abbrev  0x000040b2      0x1db d:/mcuxpressoide_10.2.1_795/ide/tools/bin/../lib/gcc/arm-none-eabi/7.2.1/../../../../arm-none-eabi/lib/thumb/v7-m\libcr_newlib_nohost.a(lseek.o)
 .debug_abbrev  0x0000428d       0x62 d:/mcuxpressoide_10.2.1_795/ide/tools/bin/../lib/gcc/arm-none-eabi/7.2.1/../../../../arm-none-eabi/lib/thumb/v7-m\libcr_newlib_nohost.a(_cr_check_heap.o)

.debug_aranges  0x00000000      0xcc8
 .debug_aranges
                0x00000000       0x48 ./src/cr_cpp_config.o
 .debug_aranges
                0x00000048       0x80 ./src/cr_startup_lpc15xx.o
 .debug_aranges
                0x000000c8       0xa0 ./src/lab9.2.o
 .debug_aranges
                0x00000168       0x20 ./src/sysinit.o
 .debug_aranges
                0x00000188       0xd0 D:\MCUXpressoIDE_10.2.1_795\lpc_board_nxp_lpcxpresso_1549\Debug\liblpc_board_nxp_lpcxpresso_1549.a(board.o)
 .debug_aranges
                0x00000258       0x60 D:\MCUXpressoIDE_10.2.1_795\lpc_board_nxp_lpcxpresso_1549\Debug\liblpc_board_nxp_lpcxpresso_1549.a(board_sysinit.o)
 .debug_aranges
                0x000002b8       0x50 D:\MCUXpressoIDE_10.2.1_795\lpc_chip_15xx\Debug\liblpc_chip_15xx.a(chip_15xx.o)
 .debug_aranges
                0x00000308      0x128 D:\MCUXpressoIDE_10.2.1_795\lpc_chip_15xx\Debug\liblpc_chip_15xx.a(clock_15xx.o)
 .debug_aranges
                0x00000430       0x70 D:\MCUXpressoIDE_10.2.1_795\lpc_chip_15xx\Debug\liblpc_chip_15xx.a(gpio_15xx.o)
 .debug_aranges
                0x000004a0       0x28 D:\MCUXpressoIDE_10.2.1_795\lpc_chip_15xx\Debug\liblpc_chip_15xx.a(iocon_15xx.o)
 .debug_aranges
                0x000004c8       0x40 D:\MCUXpressoIDE_10.2.1_795\lpc_chip_15xx\Debug\liblpc_chip_15xx.a(swm_15xx.o)
 .debug_aranges
                0x00000508       0x50 D:\MCUXpressoIDE_10.2.1_795\lpc_chip_15xx\Debug\liblpc_chip_15xx.a(sysctl_15xx.o)
 .debug_aranges
                0x00000558       0x58 D:\MCUXpressoIDE_10.2.1_795\lpc_chip_15xx\Debug\liblpc_chip_15xx.a(sysinit_15xx.o)
 .debug_aranges
                0x000005b0       0xc8 D:\MCUXpressoIDE_10.2.1_795\lpc_chip_15xx\Debug\liblpc_chip_15xx.a(uart_15xx.o)
 .debug_aranges
                0x00000678       0x78 D:\MCUXpressoIDE_10.2.1_795\FreeRTOS\Debug\libFreeRTOS.a(event_groups.o)
 .debug_aranges
                0x000006f0       0x40 D:\MCUXpressoIDE_10.2.1_795\FreeRTOS\Debug\libFreeRTOS.a(list.o)
 .debug_aranges
                0x00000730      0x130 D:\MCUXpressoIDE_10.2.1_795\FreeRTOS\Debug\libFreeRTOS.a(queue.o)
 .debug_aranges
                0x00000860      0x208 D:\MCUXpressoIDE_10.2.1_795\FreeRTOS\Debug\libFreeRTOS.a(tasks.o)
 .debug_aranges
                0x00000a68       0xc8 D:\MCUXpressoIDE_10.2.1_795\FreeRTOS\Debug\libFreeRTOS.a(timers.o)
 .debug_aranges
                0x00000b30       0x28 D:\MCUXpressoIDE_10.2.1_795\FreeRTOS\Debug\libFreeRTOS.a(heap_3.o)
 .debug_aranges
                0x00000b58       0x70 D:\MCUXpressoIDE_10.2.1_795\FreeRTOS\Debug\libFreeRTOS.a(port.o)
 .debug_aranges
                0x00000bc8       0x40 D:\MCUXpressoIDE_10.2.1_795\FreeRTOS\Debug\libFreeRTOS.a(FreeRTOSCommonHooks.o)
 .debug_aranges
                0x00000c08       0x20 d:/mcuxpressoide_10.2.1_795/ide/tools/bin/../lib/gcc/arm-none-eabi/7.2.1/../../../../arm-none-eabi/lib/thumb/v7-m\libcr_newlib_nohost.a(_cr_sbrk.o)
 .debug_aranges
                0x00000c28       0x20 d:/mcuxpressoide_10.2.1_795/ide/tools/bin/../lib/gcc/arm-none-eabi/7.2.1/../../../../arm-none-eabi/lib/thumb/v7-m\libcr_newlib_nohost.a(close.o)
 .debug_aranges
                0x00000c48       0x20 d:/mcuxpressoide_10.2.1_795/ide/tools/bin/../lib/gcc/arm-none-eabi/7.2.1/../../../../arm-none-eabi/lib/thumb/v7-m\libcr_newlib_nohost.a(fstat.o)
 .debug_aranges
                0x00000c68       0x20 d:/mcuxpressoide_10.2.1_795/ide/tools/bin/../lib/gcc/arm-none-eabi/7.2.1/../../../../arm-none-eabi/lib/thumb/v7-m\libcr_newlib_nohost.a(isatty.o)
 .debug_aranges
                0x00000c88       0x20 d:/mcuxpressoide_10.2.1_795/ide/tools/bin/../lib/gcc/arm-none-eabi/7.2.1/../../../../arm-none-eabi/lib/thumb/v7-m\libcr_newlib_nohost.a(lseek.o)
 .debug_aranges
                0x00000ca8       0x20 d:/mcuxpressoide_10.2.1_795/ide/tools/bin/../lib/gcc/arm-none-eabi/7.2.1/../../../../arm-none-eabi/lib/thumb/v7-m\libcr_newlib_nohost.a(_cr_check_heap.o)

.debug_ranges   0x00000000      0xb20
 .debug_ranges  0x00000000       0x38 ./src/cr_cpp_config.o
 .debug_ranges  0x00000038       0x70 ./src/cr_startup_lpc15xx.o
 .debug_ranges  0x000000a8       0x90 ./src/lab9.2.o
 .debug_ranges  0x00000138       0x10 ./src/sysinit.o
 .debug_ranges  0x00000148       0xd8 D:\MCUXpressoIDE_10.2.1_795\lpc_board_nxp_lpcxpresso_1549\Debug\liblpc_board_nxp_lpcxpresso_1549.a(board.o)
 .debug_ranges  0x00000220       0x50 D:\MCUXpressoIDE_10.2.1_795\lpc_board_nxp_lpcxpresso_1549\Debug\liblpc_board_nxp_lpcxpresso_1549.a(board_sysinit.o)
 .debug_ranges  0x00000270       0x40 D:\MCUXpressoIDE_10.2.1_795\lpc_chip_15xx\Debug\liblpc_chip_15xx.a(chip_15xx.o)
 .debug_ranges  0x000002b0      0x118 D:\MCUXpressoIDE_10.2.1_795\lpc_chip_15xx\Debug\liblpc_chip_15xx.a(clock_15xx.o)
 .debug_ranges  0x000003c8       0x60 D:\MCUXpressoIDE_10.2.1_795\lpc_chip_15xx\Debug\liblpc_chip_15xx.a(gpio_15xx.o)
 .debug_ranges  0x00000428       0x18 D:\MCUXpressoIDE_10.2.1_795\lpc_chip_15xx\Debug\liblpc_chip_15xx.a(iocon_15xx.o)
 .debug_ranges  0x00000440       0x30 D:\MCUXpressoIDE_10.2.1_795\lpc_chip_15xx\Debug\liblpc_chip_15xx.a(swm_15xx.o)
 .debug_ranges  0x00000470       0x40 D:\MCUXpressoIDE_10.2.1_795\lpc_chip_15xx\Debug\liblpc_chip_15xx.a(sysctl_15xx.o)
 .debug_ranges  0x000004b0       0x48 D:\MCUXpressoIDE_10.2.1_795\lpc_chip_15xx\Debug\liblpc_chip_15xx.a(sysinit_15xx.o)
 .debug_ranges  0x000004f8       0xb8 D:\MCUXpressoIDE_10.2.1_795\lpc_chip_15xx\Debug\liblpc_chip_15xx.a(uart_15xx.o)
 .debug_ranges  0x000005b0       0x68 D:\MCUXpressoIDE_10.2.1_795\FreeRTOS\Debug\libFreeRTOS.a(event_groups.o)
 .debug_ranges  0x00000618       0x30 D:\MCUXpressoIDE_10.2.1_795\FreeRTOS\Debug\libFreeRTOS.a(list.o)
 .debug_ranges  0x00000648      0x120 D:\MCUXpressoIDE_10.2.1_795\FreeRTOS\Debug\libFreeRTOS.a(queue.o)
 .debug_ranges  0x00000768      0x1f8 D:\MCUXpressoIDE_10.2.1_795\FreeRTOS\Debug\libFreeRTOS.a(tasks.o)
 .debug_ranges  0x00000960       0xb8 D:\MCUXpressoIDE_10.2.1_795\FreeRTOS\Debug\libFreeRTOS.a(timers.o)
 .debug_ranges  0x00000a18       0x18 D:\MCUXpressoIDE_10.2.1_795\FreeRTOS\Debug\libFreeRTOS.a(heap_3.o)
 .debug_ranges  0x00000a30       0x60 D:\MCUXpressoIDE_10.2.1_795\FreeRTOS\Debug\libFreeRTOS.a(port.o)
 .debug_ranges  0x00000a90       0x30 D:\MCUXpressoIDE_10.2.1_795\FreeRTOS\Debug\libFreeRTOS.a(FreeRTOSCommonHooks.o)
 .debug_ranges  0x00000ac0       0x10 d:/mcuxpressoide_10.2.1_795/ide/tools/bin/../lib/gcc/arm-none-eabi/7.2.1/../../../../arm-none-eabi/lib/thumb/v7-m\libcr_newlib_nohost.a(_cr_sbrk.o)
 .debug_ranges  0x00000ad0       0x10 d:/mcuxpressoide_10.2.1_795/ide/tools/bin/../lib/gcc/arm-none-eabi/7.2.1/../../../../arm-none-eabi/lib/thumb/v7-m\libcr_newlib_nohost.a(close.o)
 .debug_ranges  0x00000ae0       0x10 d:/mcuxpressoide_10.2.1_795/ide/tools/bin/../lib/gcc/arm-none-eabi/7.2.1/../../../../arm-none-eabi/lib/thumb/v7-m\libcr_newlib_nohost.a(fstat.o)
 .debug_ranges  0x00000af0       0x10 d:/mcuxpressoide_10.2.1_795/ide/tools/bin/../lib/gcc/arm-none-eabi/7.2.1/../../../../arm-none-eabi/lib/thumb/v7-m\libcr_newlib_nohost.a(isatty.o)
 .debug_ranges  0x00000b00       0x10 d:/mcuxpressoide_10.2.1_795/ide/tools/bin/../lib/gcc/arm-none-eabi/7.2.1/../../../../arm-none-eabi/lib/thumb/v7-m\libcr_newlib_nohost.a(lseek.o)
 .debug_ranges  0x00000b10       0x10 d:/mcuxpressoide_10.2.1_795/ide/tools/bin/../lib/gcc/arm-none-eabi/7.2.1/../../../../arm-none-eabi/lib/thumb/v7-m\libcr_newlib_nohost.a(_cr_check_heap.o)

.debug_macro    0x00000000     0xd8ca
 .debug_macro   0x00000000      0x137 ./src/cr_cpp_config.o
 .debug_macro   0x00000137      0xb1a ./src/cr_cpp_config.o
 .debug_macro   0x00000c51      0x168 ./src/cr_cpp_config.o
 .debug_macro   0x00000db9       0x10 ./src/cr_cpp_config.o
 .debug_macro   0x00000dc9      0x3f4 ./src/cr_cpp_config.o
 .debug_macro   0x000011bd       0x10 ./src/cr_cpp_config.o
 .debug_macro   0x000011cd       0x17 ./src/cr_cpp_config.o
 .debug_macro   0x000011e4       0x22 ./src/cr_cpp_config.o
 .debug_macro   0x00001206       0x52 ./src/cr_cpp_config.o
 .debug_macro   0x00001258       0x55 ./src/cr_cpp_config.o