Archive member included to satisfy reference by file (symbol)

D:\MCUXpressoIDE_10.2.1_795\lpc_board_nxp_lpcxpresso_1549\Debug\liblpc_board_nxp_lpcxpresso_1549.a(board.o)
                              ./src/lab2.3.o (Board_UARTPutChar)
D:\MCUXpressoIDE_10.2.1_795\lpc_board_nxp_lpcxpresso_1549\Debug\liblpc_board_nxp_lpcxpresso_1549.a(board_sysinit.o)
                              ./src/sysinit.o (Board_SystemInit)
D:\MCUXpressoIDE_10.2.1_795\lpc_chip_15xx\Debug\liblpc_chip_15xx.a(chip_15xx.o)
                              ./src/lab2.3.o (SystemCoreClockUpdate)
D:\MCUXpressoIDE_10.2.1_795\lpc_chip_15xx\Debug\liblpc_chip_15xx.a(clock_15xx.o)
                              D:\MCUXpressoIDE_10.2.1_795\lpc_board_nxp_lpcxpresso_1549\Debug\liblpc_board_nxp_lpcxpresso_1549.a(board.o) (Chip_Clock_GetMainClockRate)
D:\MCUXpressoIDE_10.2.1_795\lpc_chip_15xx\Debug\liblpc_chip_15xx.a(gpio_15xx.o)
                              D:\MCUXpressoIDE_10.2.1_795\lpc_board_nxp_lpcxpresso_1549\Debug\liblpc_board_nxp_lpcxpresso_1549.a(board.o) (Chip_GPIO_Init)
D:\MCUXpressoIDE_10.2.1_795\lpc_chip_15xx\Debug\liblpc_chip_15xx.a(iocon_15xx.o)
                              D:\MCUXpressoIDE_10.2.1_795\lpc_board_nxp_lpcxpresso_1549\Debug\liblpc_board_nxp_lpcxpresso_1549.a(board_sysinit.o) (Chip_IOCON_SetPinMuxing)
D:\MCUXpressoIDE_10.2.1_795\lpc_chip_15xx\Debug\liblpc_chip_15xx.a(sct_15xx.o)
                              ./src/lab2.3.o (Chip_SCT_Init)
D:\MCUXpressoIDE_10.2.1_795\lpc_chip_15xx\Debug\liblpc_chip_15xx.a(swm_15xx.o)
                              D:\MCUXpressoIDE_10.2.1_795\lpc_board_nxp_lpcxpresso_1549\Debug\liblpc_board_nxp_lpcxpresso_1549.a(board.o) (Chip_SWM_MovablePinAssign)
D:\MCUXpressoIDE_10.2.1_795\lpc_chip_15xx\Debug\liblpc_chip_15xx.a(sysctl_15xx.o)
                              D:\MCUXpressoIDE_10.2.1_795\lpc_board_nxp_lpcxpresso_1549\Debug\liblpc_board_nxp_lpcxpresso_1549.a(board_sysinit.o) (Chip_SYSCTL_AssertPeriphReset)
D:\MCUXpressoIDE_10.2.1_795\lpc_chip_15xx\Debug\liblpc_chip_15xx.a(sysinit_15xx.o)
                              D:\MCUXpressoIDE_10.2.1_795\lpc_board_nxp_lpcxpresso_1549\Debug\liblpc_board_nxp_lpcxpresso_1549.a(board_sysinit.o) (Chip_SetupXtalClocking)
D:\MCUXpressoIDE_10.2.1_795\lpc_chip_15xx\Debug\liblpc_chip_15xx.a(uart_15xx.o)
                              D:\MCUXpressoIDE_10.2.1_795\lpc_board_nxp_lpcxpresso_1549\Debug\liblpc_board_nxp_lpcxpresso_1549.a(board.o) (Chip_UART_Init)
D:\MCUXpressoIDE_10.2.1_795\lpc_chip_15xx\Debug\liblpc_chip_15xx.a(ring_buffer.o)
                              D:\MCUXpressoIDE_10.2.1_795\lpc_chip_15xx\Debug\liblpc_chip_15xx.a(uart_15xx.o) (RingBuffer_Insert)
D:\MCUXpressoIDE_10.2.1_795\FreeRTOS\Debug\libFreeRTOS.a(queue.o)
                              ./src/lab2.3.o (xQueueGenericSend)
D:\MCUXpressoIDE_10.2.1_795\FreeRTOS\Debug\libFreeRTOS.a(tasks.o)
                              ./src/lab2.3.o (xTaskCreate)
D:\MCUXpressoIDE_10.2.1_795\FreeRTOS\Debug\libFreeRTOS.a(timers.o)
                              D:\MCUXpressoIDE_10.2.1_795\FreeRTOS\Debug\libFreeRTOS.a(tasks.o) (xTimerCreateTimerTask)
D:\MCUXpressoIDE_10.2.1_795\FreeRTOS\Debug\libFreeRTOS.a(heap_3.o)
                              D:\MCUXpressoIDE_10.2.1_795\FreeRTOS\Debug\libFreeRTOS.a(queue.o) (pvPortMalloc)
D:\MCUXpressoIDE_10.2.1_795\FreeRTOS\Debug\libFreeRTOS.a(port.o)
                              D:\MCUXpressoIDE_10.2.1_795\FreeRTOS\Debug\libFreeRTOS.a(tasks.o) (pxPortInitialiseStack)
D:\MCUXpressoIDE_10.2.1_795\FreeRTOS\Debug\libFreeRTOS.a(FreeRTOSCommonHooks.o)
                              D:\MCUXpressoIDE_10.2.1_795\FreeRTOS\Debug\libFreeRTOS.a(heap_3.o) (vApplicationMallocFailedHook)
D:\MCUXpressoIDE_10.2.1_795\FreeRTOS\Debug\libFreeRTOS.a(list.o)
                              D:\MCUXpressoIDE_10.2.1_795\FreeRTOS\Debug\libFreeRTOS.a(queue.o) (vListInitialise)
d:/mcuxpressoide_10.2.1_795/ide/tools/bin/../lib/gcc/arm-none-eabi/7.2.1/thumb/v7-m\libgcc.a(_aeabi_uldivmod.o)
                              D:\MCUXpressoIDE_10.2.1_795\lpc_chip_15xx\Debug\liblpc_chip_15xx.a(clock_15xx.o) (__aeabi_uldivmod)
d:/mcuxpressoide_10.2.1_795/ide/tools/bin/../lib/gcc/arm-none-eabi/7.2.1/thumb/v7-m\libgcc.a(_udivmoddi4.o)
                              d:/mcuxpressoide_10.2.1_795/ide/tools/bin/../lib/gcc/arm-none-eabi/7.2.1/thumb/v7-m\libgcc.a(_aeabi_uldivmod.o) (__udivmoddi4)
d:/mcuxpressoide_10.2.1_795/ide/tools/bin/../lib/gcc/arm-none-eabi/7.2.1/thumb/v7-m\libgcc.a(_dvmd_tls.o)
                              d:/mcuxpressoide_10.2.1_795/ide/tools/bin/../lib/gcc/arm-none-eabi/7.2.1/thumb/v7-m\libgcc.a(_aeabi_uldivmod.o) (__aeabi_ldiv0)
d:/mcuxpressoide_10.2.1_795/ide/tools/bin/../lib/gcc/arm-none-eabi/7.2.1/../../../../arm-none-eabi/lib/thumb/v7-m\libc.a(lib_a-impure.o)
                              D:\MCUXpressoIDE_10.2.1_795\FreeRTOS\Debug\libFreeRTOS.a(tasks.o) (_impure_ptr)
[...]
Memory Configuration

Name             Origin             Length             Attributes
MFlash256        0x00000000         0x00040000         xr
Ram0_16_32       0x02000000         0x00008000         xrw
Ram2_4           0x02008000         0x00001000         xrw
*default*        0x00000000         0xffffffff

Linker script and memory map

LOAD ./src/cr_cpp_config.o
LOAD ./src/cr_startup_lpc15xx.o
LOAD ./src/crp.o
LOAD ./src/lab2.3.o
LOAD ./src/sysinit.o
LOAD D:\MCUXpressoIDE_10.2.1_795\lpc_board_nxp_lpcxpresso_1549\Debug\liblpc_board_nxp_lpcxpresso_1549.a
LOAD D:\MCUXpressoIDE_10.2.1_795\lpc_chip_15xx\Debug\liblpc_chip_15xx.a
LOAD D:\MCUXpressoIDE_10.2.1_795\FreeRTOS\Debug\libFreeRTOS.a
START GROUP
LOAD d:/mcuxpressoide_10.2.1_795/ide/tools/bin/../lib/gcc/arm-none-eabi/7.2.1/thumb/v7-m\libgcc.a
LOAD d:/mcuxpressoide_10.2.1_795/ide/tools/bin/../lib/gcc/arm-none-eabi/7.2.1/../../../../arm-none-eabi/lib/thumb/v7-m\libc.a
LOAD d:/mcuxpressoide_10.2.1_795/ide/tools/bin/../lib/gcc/arm-none-eabi/7.2.1/../../../../arm-none-eabi/lib/thumb/v7-m\libstdc++.a
LOAD d:/mcuxpressoide_10.2.1_795/ide/tools/bin/../lib/gcc/arm-none-eabi/7.2.1/../../../../arm-none-eabi/lib/thumb/v7-m\libm.a
LOAD d:/mcuxpressoide_10.2.1_795/ide/tools/bin/../lib/gcc/arm-none-eabi/7.2.1/../../../../arm-none-eabi/lib/thumb/v7-m\libcr_newlib_nohost.a
LOAD d:/mcuxpressoide_10.2.1_795/ide/tools/bin/../lib/gcc/arm-none-eabi/7.2.1/thumb/v7-m\crti.o
LOAD d:/mcuxpressoide_10.2.1_795/ide/tools/bin/../lib/gcc/arm-none-eabi/7.2.1/thumb/v7-m\crtn.o
LOAD d:/mcuxpressoide_10.2.1_795/ide/tools/bin/../lib/gcc/arm-none-eabi/7.2.1/thumb/v7-m\crtbegin.o
LOAD d:/mcuxpressoide_10.2.1_795/ide/tools/bin/../lib/gcc/arm-none-eabi/7.2.1/thumb/v7-m\crtend.o
END GROUP
                0x00000000                __base_MFlash256 = 0x0
                0x00000000                __base_Flash = 0x0
                0x00040000                __top_MFlash256 = 0x40000
                0x00040000                __top_Flash = 0x40000
                0x02000000                __base_Ram0_16_32 = 0x2000000
                0x02000000                __base_RAM = 0x2000000
                0x02008000                __top_Ram0_16_32 = 0x2008000
                0x02008000                __top_RAM = 0x2008000
                0x02008000                __base_Ram2_4 = 0x2008000
                0x02008000                __base_RAM2 = 0x2008000
                0x02009000                __top_Ram2_4 = 0x2009000
                0x02009000                __top_RAM2 = 0x2009000

.text           0x00000000     0x46a0
 FILL mask 0xff
                0x00000000                __vectors_start__ = ABSOLUTE (.)
 *(.isr_vector)
 .isr_vector    0x00000000       0xfc ./src/cr_startup_lpc15xx.o
                0x00000000                g_pfnVectors
                0x000000fc                . = ALIGN (0x4)
                0x000000fc                __section_table_start = .
                0x000000fc                __data_section_table = .
                0x000000fc        0x4 LONG 0x46a8 LOADADDR (.data)
                0x00000100        0x4 LONG 0x2000000 ADDR (.data)
                0x00000104        0x4 LONG 0x840 SIZEOF (.data)
                0x00000108        0x4 LONG 0x46a8 LOADADDR (.data_RAM2)
                0x0000010c        0x4 LONG 0x2008000 ADDR (.data_RAM2)
                0x00000110        0x4 LONG 0x0 SIZEOF (.data_RAM2)
                0x00000114                __data_section_table_end = .
                0x00000114                __bss_section_table = .
                0x00000114        0x4 LONG 0x2000840 ADDR (.bss)
                0x00000118        0x4 LONG 0x25c SIZEOF (.bss)
                0x0000011c        0x4 LONG 0x2008000 ADDR (.bss_RAM2)
                0x00000120        0x4 LONG 0x0 SIZEOF (.bss_RAM2)
                0x00000124                __bss_section_table_end = .
                0x00000124                __section_table_end = .
 *(.after_vectors*)
 .after_vectors
                0x00000124      0x140 ./src/cr_startup_lpc15xx.o
                0x00000124                data_init(unsigned int, unsigned int, unsigned int)
                0x00000166                bss_init(unsigned int, unsigned int)
                0x0000019c                ResetISR
                0x00000228                NMI_Handler
                0x0000022e                HardFault_Handler
                0x00000234                MemManage_Handler
                0x0000023a                BusFault_Handler
                0x00000240                UsageFault_Handler
                0x0000024c                DebugMon_Handler
                0x0000025e                UART1_IRQHandler
                0x0000025e                RTC_WAKE_IRQHandler
                0x0000025e                UART0_IRQHandler
                0x0000025e                MRT_IRQHandler
                0x0000025e                ADC1_THCMP_IRQHandler
                0x0000025e                SPI1_IRQHandler
                0x0000025e                PIN_INT6_IRQHandler
                0x0000025e                IntDefaultHandler
                0x0000025e                PIN_INT4_IRQHandler
                0x0000025e                CAN_IRQHandler
                0x0000025e                RTC_ALARM_IRQHandler
                0x0000025e                ADC1B_IRQHandler
                0x0000025e                ADC1_OVR_IRQHandler
                0x0000025e                USBWakeup_IRQHandler
                0x0000025e                UART2_IRQHandler
                0x0000025e                ADC0_OVR_IRQHandler
                0x0000025e                SCT1_IRQHandler
                0x0000025e                PIN_INT2_IRQHandler
                0x0000025e                USB_FIQHandler
                0x0000025e                SCT3_IRQHandler
                0x0000025e                PIN_INT7_IRQHandler
                0x0000025e                I2C0_IRQHandler
                0x0000025e                PIN_INT1_IRQHandler
                0x0000025e                USB_IRQHandler
                0x0000025e                BOD_IRQHandler
                0x0000025e                ADC0B_IRQHandler
                0x0000025e                ACMP0_IRQHandler
                0x0000025e                RIT_IRQHandler
                0x0000025e                SCT2_IRQHandler
                0x0000025e                WDT_IRQHandler
                0x0000025e                PIN_INT0_IRQHandler
                0x0000025e                QEI_IRQHandler
                0x0000025e                ACMP3_IRQHandler
                0x0000025e                GINT0_IRQHandler
                0x0000025e                DAC_IRQHandler
                0x0000025e                SPI0_IRQHandler
                0x0000025e                EEPROM_IRQHandler
                0x0000025e                ACMP2_IRQHandler
                0x0000025e                PIN_INT5_IRQHandler
                0x0000025e                ADC1A_IRQHandler
                0x0000025e                DMA_IRQHandler
                0x0000025e                PIN_INT3_IRQHandler
                0x0000025e                ACMP1_IRQHandler
                0x0000025e                SCT0_IRQHandler
                0x0000025e                ADC0A_IRQHandler
                0x0000025e                FMC_IRQHandler
                0x0000025e                GINT1_IRQHandler
                0x0000025e                ADC0_THCMP_IRQHandler
 *(.text*)
 .text._ZL16prvSetupHardwarev
                0x00000264       0x18 ./src/lab2.3.o
 .text._ZL6vTask1Pv
                0x0000027c      0x1d4 ./src/lab2.3.o
 .text._ZL6vTask2Pv
                0x00000450      0x12c ./src/lab2.3.o
 .text.main     0x0000057c       0x70 ./src/lab2.3.o
                0x0000057c                main
 .text.SystemInit
                0x000005ec        0xc ./src/sysinit.o
                0x000005ec                SystemInit
 .text.Chip_IOCON_PinMuxSet
                0x000005f8       0x2c D:\MCUXpressoIDE_10.2.1_795\lpc_board_nxp_lpcxpresso_1549\Debug\liblpc_board_nxp_lpcxpresso_1549.a(board.o)
 .text.Chip_SWM_MovablePortPinAssign
                0x00000624       0x30 D:\MCUXpressoIDE_10.2.1_795\lpc_board_nxp_lpcxpresso_1549\Debug\liblpc_board_nxp_lpcxpresso_1549.a(board.o)
 .text.Chip_GPIO_SetPinState
                0x00000654       0x36 D:\MCUXpressoIDE_10.2.1_795\lpc_board_nxp_lpcxpresso_1549\Debug\liblpc_board_nxp_lpcxpresso_1549.a(board.o)
 .text.Chip_GPIO_SetPinDIROutput
                0x0000068a       0x3c D:\MCUXpressoIDE_10.2.1_795\lpc_board_nxp_lpcxpresso_1549\Debug\liblpc_board_nxp_lpcxpresso_1549.a(board.o)
 .text.Chip_UART_Enable
                0x000006c6       0x1e D:\MCUXpressoIDE_10.2.1_795\lpc_board_nxp_lpcxpresso_1549\Debug\liblpc_board_nxp_lpcxpresso_1549.a(board.o)
 .text.Chip_UART_TXEnable
                0x000006e4       0x1e D:\MCUXpressoIDE_10.2.1_795\lpc_board_nxp_lpcxpresso_1549\Debug\liblpc_board_nxp_lpcxpresso_1549.a(board.o)
 .text.Chip_UART_ConfigData
                0x00000702       0x28 D:\MCUXpressoIDE_10.2.1_795\lpc_board_nxp_lpcxpresso_1549\Debug\liblpc_board_nxp_lpcxpresso_1549.a(board.o)
 *fill*         0x0000072a        0x2 ff
 .text.Board_UARTPutChar
                0x0000072c       0x24 D:\MCUXpressoIDE_10.2.1_795\lpc_board_nxp_lpcxpresso_1549\Debug\liblpc_board_nxp_lpcxpresso_1549.a(board.o)
                0x0000072c                Board_UARTPutChar
 .text.Board_UARTGetChar
                0x00000750       0x2c D:\MCUXpressoIDE_10.2.1_795\lpc_board_nxp_lpcxpresso_1549\Debug\liblpc_board_nxp_lpcxpresso_1549.a(board.o)
                0x00000750                Board_UARTGetChar
 .text.Board_UARTPutSTR
                0x0000077c       0x28 D:\MCUXpressoIDE_10.2.1_795\lpc_board_nxp_lpcxpresso_1549\Debug\liblpc_board_nxp_lpcxpresso_1549.a(board.o)
                0x0000077c                Board_UARTPutSTR
 .text.Board_Debug_Init
                0x000007a4       0x70 D:\MCUXpressoIDE_10.2.1_795\lpc_board_nxp_lpcxpresso_1549\Debug\liblpc_board_nxp_lpcxpresso_1549.a(board.o)
                0x000007a4                Board_Debug_Init
 .text.Board_LED_Init
                0x00000814       0x5c D:\MCUXpressoIDE_10.2.1_795\lpc_board_nxp_lpcxpresso_1549\Debug\liblpc_board_nxp_lpcxpresso_1549.a(board.o)
 .text.Board_LED_Set
                0x00000870       0x54 D:\MCUXpressoIDE_10.2.1_795\lpc_board_nxp_lpcxpresso_1549\Debug\liblpc_board_nxp_lpcxpresso_1549.a(board.o)
                0x00000870                Board_LED_Set
 .text.Board_Init
                0x000008c4       0x18 D:\MCUXpressoIDE_10.2.1_795\lpc_board_nxp_lpcxpresso_1549\Debug\liblpc_board_nxp_lpcxpresso_1549.a(board.o)
                0x000008c4                Board_Init
 .text.Chip_SYSCTL_PeriphReset
                0x000008dc       0x22 D:\MCUXpressoIDE_10.2.1_795\lpc_board_nxp_lpcxpresso_1549\Debug\liblpc_board_nxp_lpcxpresso_1549.a(board_sysinit.o)
 *fill*         0x000008fe        0x2 ff
 .text.Chip_Clock_SetUSBPLLSource
                0x00000900       0x20 D:\MCUXpressoIDE_10.2.1_795\lpc_board_nxp_lpcxpresso_1549\Debug\liblpc_board_nxp_lpcxpresso_1549.a(board_sysinit.o)
 .text.Chip_Clock_SetupUSBPLL
                0x00000920       0x34 D:\MCUXpressoIDE_10.2.1_795\lpc_board_nxp_lpcxpresso_1549\Debug\liblpc_board_nxp_lpcxpresso_1549.a(board_sysinit.o)
 .text.Chip_Clock_IsUSBPLLLocked
                0x00000954       0x24 D:\MCUXpressoIDE_10.2.1_795\lpc_board_nxp_lpcxpresso_1549\Debug\liblpc_board_nxp_lpcxpresso_1549.a(board_sysinit.o)
 .text.Chip_Clock_SetSysTickClockDiv
                0x00000978       0x20 D:\MCUXpressoIDE_10.2.1_795\lpc_board_nxp_lpcxpresso_1549\Debug\liblpc_board_nxp_lpcxpresso_1549.a(board_sysinit.o)
 .text.Chip_SWM_MovablePortPinAssign
                0x00000998       0x30 D:\MCUXpressoIDE_10.2.1_795\lpc_board_nxp_lpcxpresso_1549\Debug\liblpc_board_nxp_lpcxpresso_1549.a(board_sysinit.o)
 .text.Board_SetupMuxing
                0x000009c8       0x80 D:\MCUXpressoIDE_10.2.1_795\lpc_board_nxp_lpcxpresso_1549\Debug\liblpc_board_nxp_lpcxpresso_1549.a(board_sysinit.o)
                0x000009c8                Board_SetupMuxing
 .text.Board_SetupClocking
                0x00000a48       0x3a D:\MCUXpressoIDE_10.2.1_795\lpc_board_nxp_lpcxpresso_1549\Debug\liblpc_board_nxp_lpcxpresso_1549.a(board_sysinit.o)
                0x00000a48                Board_SetupClocking
 *fill*         0x00000a82        0x2 ff
 .text.Board_SystemInit
                0x00000a84       0x1c D:\MCUXpressoIDE_10.2.1_795\lpc_board_nxp_lpcxpresso_1549\Debug\liblpc_board_nxp_lpcxpresso_1549.a(board_sysinit.o)
                0x00000a84                Board_SystemInit
 .text.SystemCoreClockUpdate
                0x00000aa0       0x18 D:\MCUXpressoIDE_10.2.1_795\lpc_chip_15xx\Debug\liblpc_chip_15xx.a(chip_15xx.o)
                0x00000aa0                SystemCoreClockUpdate
 .text.Chip_Clock_SetMain_A_ClockSource
                0x00000ab8       0x20 D:\MCUXpressoIDE_10.2.1_795\lpc_chip_15xx\Debug\liblpc_chip_15xx.a(clock_15xx.o)
 .text.Chip_Clock_GetMain_A_ClockSource
                0x00000ad8       0x18 D:\MCUXpressoIDE_10.2.1_795\lpc_chip_15xx\Debug\liblpc_chip_15xx.a(clock_15xx.o)
 .text.Chip_Clock_SetMain_B_ClockSource
                0x00000af0       0x20 D:\MCUXpressoIDE_10.2.1_795\lpc_chip_15xx\Debug\liblpc_chip_15xx.a(clock_15xx.o)
 .text.Chip_Clock_GetMain_B_ClockSource
                0x00000b10       0x18 D:\MCUXpressoIDE_10.2.1_795\lpc_chip_15xx\Debug\liblpc_chip_15xx.a(clock_15xx.o)
 .text.Chip_Clock_SetUARTFRGDivider
                0x00000b28       0x20 D:\MCUXpressoIDE_10.2.1_795\lpc_chip_15xx\Debug\liblpc_chip_15xx.a(clock_15xx.o)
 .text.Chip_Clock_GetUARTFRGDivider
                0x00000b48       0x18 D:\MCUXpressoIDE_10.2.1_795\lpc_chip_15xx\Debug\liblpc_chip_15xx.a(clock_15xx.o)
 .text.Chip_Clock_GetMainOscRate
                0x00000b60       0x14 D:\MCUXpressoIDE_10.2.1_795\lpc_chip_15xx\Debug\liblpc_chip_15xx.a(clock_15xx.o)
 .text.Chip_Clock_GetIntOscRate
                0x00000b74       0x14 D:\MCUXpressoIDE_10.2.1_795\lpc_chip_15xx\Debug\liblpc_chip_15xx.a(clock_15xx.o)
 .text.Chip_Clock_GetRTCOscRate
                0x00000b88       0x14 D:\MCUXpressoIDE_10.2.1_795\lpc_chip_15xx\Debug\liblpc_chip_15xx.a(clock_15xx.o)
 .text.Chip_Clock_GetWDTOSCRate
                0x00000b9c       0x14 D:\MCUXpressoIDE_10.2.1_795\lpc_chip_15xx\Debug\liblpc_chip_15xx.a(clock_15xx.o)
 .text.Chip_Clock_GetPLLFreq
                0x00000bb0       0x26 D:\MCUXpressoIDE_10.2.1_795\lpc_chip_15xx\Debug\liblpc_chip_15xx.a(clock_15xx.o)
 .text.Chip_Clock_GetPLLInClockRate
                0x00000bd6       0x38 D:\MCUXpressoIDE_10.2.1_795\lpc_chip_15xx\Debug\liblpc_chip_15xx.a(clock_15xx.o)
 *fill*         0x00000c0e        0x2 ff
 .text.Chip_Clock_GetSystemPLLInClockRate
                0x00000c10       0x1c D:\MCUXpressoIDE_10.2.1_795\lpc_chip_15xx\Debug\liblpc_chip_15xx.a(clock_15xx.o)
                0x00000c10                Chip_Clock_GetSystemPLLInClockRate
 .text.Chip_Clock_GetSystemPLLOutClockRate
                0x00000c2c       0x24 D:\MCUXpressoIDE_10.2.1_795\lpc_chip_15xx\Debug\liblpc_chip_15xx.a(clock_15xx.o)
                0x00000c2c                Chip_Clock_GetSystemPLLOutClockRate
 .text.Chip_Clock_GetMain_A_ClockRate
                0x00000c50       0x44 D:\MCUXpressoIDE_10.2.1_795\lpc_chip_15xx\Debug\liblpc_chip_15xx.a(clock_15xx.o)
                0x00000c50                Chip_Clock_GetMain_A_ClockRate
 .text.Chip_Clock_GetMain_B_ClockRate
                0x00000c94       0x58 D:\MCUXpressoIDE_10.2.1_795\lpc_chip_15xx\Debug\liblpc_chip_15xx.a(clock_15xx.o)
                0x00000c94                Chip_Clock_GetMain_B_ClockRate
 .text.Chip_Clock_SetMainClockSource
                0x00000cec       0x3c D:\MCUXpressoIDE_10.2.1_795\lpc_chip_15xx\Debug\liblpc_chip_15xx.a(clock_15xx.o)
                0x00000cec                Chip_Clock_SetMainClockSource
 .text.Chip_Clock_GetMainClockRate
                0x00000d28       0x28 D:\MCUXpressoIDE_10.2.1_795\lpc_chip_15xx\Debug\liblpc_chip_15xx.a(clock_15xx.o)
                0x00000d28                Chip_Clock_GetMainClockRate
 .text.Chip_Clock_EnablePeriphClock
                0x00000d50       0x58 D:\MCUXpressoIDE_10.2.1_795\lpc_chip_15xx\Debug\liblpc_chip_15xx.a(clock_15xx.o)
                0x00000d50                Chip_Clock_EnablePeriphClock
 .text.Chip_Clock_GetUARTBaseClockRate
                0x00000da8       0x8c D:\MCUXpressoIDE_10.2.1_795\lpc_chip_15xx\Debug\liblpc_chip_15xx.a(clock_15xx.o)
                0x00000da8                Chip_Clock_GetUARTBaseClockRate
 .text.Chip_Clock_SetUARTBaseClockRate
                0x00000e34       0xa4 D:\MCUXpressoIDE_10.2.1_795\lpc_chip_15xx\Debug\liblpc_chip_15xx.a(clock_15xx.o)
                0x00000e34                Chip_Clock_SetUARTBaseClockRate
 .text.Chip_Clock_GetSystemClockRate
                0x00000ed8       0x1c D:\MCUXpressoIDE_10.2.1_795\lpc_chip_15xx\Debug\liblpc_chip_15xx.a(clock_15xx.o)
                0x00000ed8                Chip_Clock_GetSystemClockRate
 .text.Chip_SYSCTL_PeriphReset
                0x00000ef4       0x22 D:\MCUXpressoIDE_10.2.1_795\lpc_chip_15xx\Debug\liblpc_chip_15xx.a(gpio_15xx.o)
 .text.Chip_GPIO_Init
                0x00000f16       0x2e D:\MCUXpressoIDE_10.2.1_795\lpc_chip_15xx\Debug\liblpc_chip_15xx.a(gpio_15xx.o)
                0x00000f16                Chip_GPIO_Init
 .text.Chip_IOCON_PinMuxSet
                0x00000f44       0x2c D:\MCUXpressoIDE_10.2.1_795\lpc_chip_15xx\Debug\liblpc_chip_15xx.a(iocon_15xx.o)
 .text.Chip_IOCON_SetPinMuxing
                0x00000f70       0x4e D:\MCUXpressoIDE_10.2.1_795\lpc_chip_15xx\Debug\liblpc_chip_15xx.a(iocon_15xx.o)
                0x00000f70                Chip_IOCON_SetPinMuxing
 *fill*         0x00000fbe        0x2 ff
 .text.Chip_SWM_MovablePinAssign
                0x00000fc0       0x5c D:\MCUXpressoIDE_10.2.1_795\lpc_chip_15xx\Debug\liblpc_chip_15xx.a(swm_15xx.o)
                0x00000fc0                Chip_SWM_MovablePinAssign
 .text.Chip_SYSCTL_AssertPeriphReset
                0x0000101c       0x4c D:\MCUXpressoIDE_10.2.1_795\lpc_chip_15xx\Debug\liblpc_chip_15xx.a(sysctl_15xx.o)
                0x0000101c                Chip_SYSCTL_AssertPeriphReset
 .text.Chip_SYSCTL_DeassertPeriphReset
                0x00001068       0x50 D:\MCUXpressoIDE_10.2.1_795\lpc_chip_15xx\Debug\liblpc_chip_15xx.a(sysctl_15xx.o)
                0x00001068                Chip_SYSCTL_DeassertPeriphReset
 .text.Chip_SYSCTL_PowerDown
                0x000010b8       0x40 D:\MCUXpressoIDE_10.2.1_795\lpc_chip_15xx\Debug\liblpc_chip_15xx.a(sysctl_15xx.o)
                0x000010b8                Chip_SYSCTL_PowerDown
 .text.Chip_SYSCTL_PowerUp
                0x000010f8       0x40 D:\MCUXpressoIDE_10.2.1_795\lpc_chip_15xx\Debug\liblpc_chip_15xx.a(sysctl_15xx.o)
                0x000010f8                Chip_SYSCTL_PowerUp
 .text.Chip_FMC_SetFLASHAccess
                0x00001138       0x38 D:\MCUXpressoIDE_10.2.1_795\lpc_chip_15xx\Debug\liblpc_chip_15xx.a(sysinit_15xx.o)
 .text.Chip_Clock_SetSystemPLLSource
                0x00001170       0x20 D:\MCUXpressoIDE_10.2.1_795\lpc_chip_15xx\Debug\liblpc_chip_15xx.a(sysinit_15xx.o)
 .text.Chip_Clock_SetupSystemPLL
                0x00001190       0x34 D:\MCUXpressoIDE_10.2.1_795\lpc_chip_15xx\Debug\liblpc_chip_15xx.a(sysinit_15xx.o)
 .text.Chip_Clock_IsSystemPLLLocked
                0x000011c4       0x24 D:\MCUXpressoIDE_10.2.1_795\lpc_chip_15xx\Debug\liblpc_chip_15xx.a(sysinit_15xx.o)
 .text.Chip_Clock_SetSysClockDiv
                0x000011e8       0x20 D:\MCUXpressoIDE_10.2.1_795\lpc_chip_15xx\Debug\liblpc_chip_15xx.a(sysinit_15xx.o)
 .text.Chip_SetupXtalClocking
                0x00001208       0x6c D:\MCUXpressoIDE_10.2.1_795\lpc_chip_15xx\Debug\liblpc_chip_15xx.a(sysinit_15xx.o)
                0x00001208                Chip_SetupXtalClocking
 .text.Chip_SYSCTL_PeriphReset
                0x00001274       0x22 D:\MCUXpressoIDE_10.2.1_795\lpc_chip_15xx\Debug\liblpc_chip_15xx.a(uart_15xx.o)
 .text.Chip_UART_SendByte
                0x00001296       0x1c D:\MCUXpressoIDE_10.2.1_795\lpc_chip_15xx\Debug\liblpc_chip_15xx.a(uart_15xx.o)
 .text.Chip_UART_ReadByte
                0x000012b2       0x1a D:\MCUXpressoIDE_10.2.1_795\lpc_chip_15xx\Debug\liblpc_chip_15xx.a(uart_15xx.o)
 .text.Chip_UART_GetStatus
                0x000012cc       0x16 D:\MCUXpressoIDE_10.2.1_795\lpc_chip_15xx\Debug\liblpc_chip_15xx.a(uart_15xx.o)
 *fill*         0x000012e2        0x2 ff
 .text.getUARTClockID
                0x000012e4       0x34 D:\MCUXpressoIDE_10.2.1_795\lpc_chip_15xx\Debug\liblpc_chip_15xx.a(uart_15xx.o)
 .text.Chip_UART_Init
                0x00001318       0x4c D:\MCUXpressoIDE_10.2.1_795\lpc_chip_15xx\Debug\liblpc_chip_15xx.a(uart_15xx.o)
                0x00001318                Chip_UART_Init
 .text.Chip_UART_Send
                0x00001364       0x50 D:\MCUXpressoIDE_10.2.1_795\lpc_chip_15xx\Debug\liblpc_chip_15xx.a(uart_15xx.o)
                0x00001364                Chip_UART_Send
 .text.Chip_UART_SendBlocking
                0x000013b4       0x4a D:\MCUXpressoIDE_10.2.1_795\lpc_chip_15xx\Debug\liblpc_chip_15xx.a(uart_15xx.o)
                0x000013b4                Chip_UART_SendBlocking
 .text.Chip_UART_Read
                0x000013fe       0x52 D:\MCUXpressoIDE_10.2.1_795\lpc_chip_15xx\Debug\liblpc_chip_15xx.a(uart_15xx.o)
                0x000013fe                Chip_UART_Read
 .text.Chip_UART_SetBaud
                0x00001450       0x2a D:\MCUXpressoIDE_10.2.1_795\lpc_chip_15xx\Debug\liblpc_chip_15xx.a(uart_15xx.o)
                0x00001450                Chip_UART_SetBaud
 *fill*         0x0000147a        0x2 ff
 .text.xQueueGenericReset
                0x0000147c       0xb4 D:\MCUXpressoIDE_10.2.1_795\FreeRTOS\Debug\libFreeRTOS.a(queue.o)
                0x0000147c                xQueueGenericReset
 .text.xQueueGenericCreate
                0x00001530       0x58 D:\MCUXpressoIDE_10.2.1_795\FreeRTOS\Debug\libFreeRTOS.a(queue.o)
                0x00001530                xQueueGenericCreate
 .text.prvInitialiseNewQueue
                0x00001588       0x46 D:\MCUXpressoIDE_10.2.1_795\FreeRTOS\Debug\libFreeRTOS.a(queue.o)
 .text.prvInitialiseMutex
                0x000015ce       0x34 D:\MCUXpressoIDE_10.2.1_795\FreeRTOS\Debug\libFreeRTOS.a(queue.o)
 .text.xQueueCreateMutex
                0x00001602       0x30 D:\MCUXpressoIDE_10.2.1_795\FreeRTOS\Debug\libFreeRTOS.a(queue.o)
                0x00001602                xQueueCreateMutex
 .text.xQueueCreateCountingSemaphore
                0x00001632       0x2c D:\MCUXpressoIDE_10.2.1_795\FreeRTOS\Debug\libFreeRTOS.a(queue.o)
                0x00001632                xQueueCreateCountingSemaphore
 *fill*         0x0000165e        0x2 ff
 .text.xQueueGenericSend
                0x00001660      0x154 D:\MCUXpressoIDE_10.2.1_795\FreeRTOS\Debug\libFreeRTOS.a(queue.o)
                0x00001660                xQueueGenericSend
 .text.xQueueGenericSendFromISR
                0x000017b4       0xb2 D:\MCUXpressoIDE_10.2.1_795\FreeRTOS\Debug\libFreeRTOS.a(queue.o)
                0x000017b4                xQueueGenericSendFromISR
 *fill*         0x00001866        0x2 ff
 .text.xQueueReceive
                0x00001868      0x144 D:\MCUXpressoIDE_10.2.1_795\FreeRTOS\Debug\libFreeRTOS.a(queue.o)
                0x00001868                xQueueReceive
 .text.xQueueSemaphoreTake
                0x000019ac      0x190 D:\MCUXpressoIDE_10.2.1_795\FreeRTOS\Debug\libFreeRTOS.a(queue.o)
                0x000019ac                xQueueSemaphoreTake
 .text.prvGetDisinheritPriorityAfterTimeout
                0x00001b3c       0x2e D:\MCUXpressoIDE_10.2.1_795\FreeRTOS\Debug\libFreeRTOS.a(queue.o)
 .text.prvCopyDataToQueue
                0x00001b6a       0xd4 D:\MCUXpressoIDE_10.2.1_795\FreeRTOS\Debug\libFreeRTOS.a(queue.o)
 .text.prvCopyDataFromQueue
                0x00001c3e       0x4c D:\MCUXpressoIDE_10.2.1_795\FreeRTOS\Debug\libFreeRTOS.a(queue.o)
 .text.prvUnlockQueue
                0x00001c8a       0xa4 D:\MCUXpressoIDE_10.2.1_795\FreeRTOS\Debug\libFreeRTOS.a(queue.o)
 .text.prvIsQueueEmpty
                0x00001d2e       0x2c D:\MCUXpressoIDE_10.2.1_795\FreeRTOS\Debug\libFreeRTOS.a(queue.o)
 .text.prvIsQueueFull
                0x00001d5a       0x30 D:\MCUXpressoIDE_10.2.1_795\FreeRTOS\Debug\libFreeRTOS.a(queue.o)
 *fill*         0x00001d8a        0x2 ff
 .text.vQueueAddToRegistry
                0x00001d8c       0x50 D:\MCUXpressoIDE_10.2.1_795\FreeRTOS\Debug\libFreeRTOS.a(queue.o)
                0x00001d8c                vQueueAddToRegistry
 .text.vQueueWaitForMessageRestricted
                0x00001ddc       0x68 D:\MCUXpressoIDE_10.2.1_795\FreeRTOS\Debug\libFreeRTOS.a(queue.o)
                0x00001ddc                vQueueWaitForMessageRestricted
 .text.xTaskCreate
                0x00001e44       0x84 D:\MCUXpressoIDE_10.2.1_795\FreeRTOS\Debug\libFreeRTOS.a(tasks.o)
                0x00001e44                xTaskCreate
 .text.prvInitialiseNewTask
                0x00001ec8      0x17e D:\MCUXpressoIDE_10.2.1_795\FreeRTOS\Debug\libFreeRTOS.a(tasks.o)
 *fill*         0x00002046        0x2 ff
 .text.prvAddNewTaskToReadyList
                0x00002048       0xdc D:\MCUXpressoIDE_10.2.1_795\FreeRTOS\Debug\libFreeRTOS.a(tasks.o)
 .text.vTaskDelay
                0x00002124       0x48 D:\MCUXpressoIDE_10.2.1_795\FreeRTOS\Debug\libFreeRTOS.a(tasks.o)
                0x00002124                vTaskDelay
 .text.vTaskStartScheduler
                0x0000216c       0xac D:\MCUXpressoIDE_10.2.1_795\FreeRTOS\Debug\libFreeRTOS.a(tasks.o)
                0x0000216c                vTaskStartScheduler
 .text.vTaskSuspendAll
                0x00002218       0x1c D:\MCUXpressoIDE_10.2.1_795\FreeRTOS\Debug\libFreeRTOS.a(tasks.o)
                0x00002218                vTaskSuspendAll
 .text.xTaskResumeAll
                0x00002234      0x11c D:\MCUXpressoIDE_10.2.1_795\FreeRTOS\Debug\libFreeRTOS.a(tasks.o)
                0x00002234                xTaskResumeAll
 .text.xTaskGetTickCount
                0x00002350       0x1c D:\MCUXpressoIDE_10.2.1_795\FreeRTOS\Debug\libFreeRTOS.a(tasks.o)
                0x00002350                xTaskGetTickCount
 .text.xTaskIncrementTick
                0x0000236c      0x158 D:\MCUXpressoIDE_10.2.1_795\FreeRTOS\Debug\libFreeRTOS.a(tasks.o)
                0x0000236c                xTaskIncrementTick
 .text.vTaskSwitchContext
                0x000024c4      0x120 D:\MCUXpressoIDE_10.2.1_795\FreeRTOS\Debug\libFreeRTOS.a(tasks.o)
                0x000024c4                vTaskSwitchContext
 .text.vTaskPlaceOnEventList
                0x000025e4       0x2c D:\MCUXpressoIDE_10.2.1_795\FreeRTOS\Debug\libFreeRTOS.a(tasks.o)
                0x000025e4                vTaskPlaceOnEventList
 .text.vTaskPlaceOnEventListRestricted
                0x00002610       0x3c D:\MCUXpressoIDE_10.2.1_795\FreeRTOS\Debug\libFreeRTOS.a(tasks.o)
                0x00002610                vTaskPlaceOnEventListRestricted
 .text.xTaskRemoveFromEventList
                0x0000264c       0xa8 D:\MCUXpressoIDE_10.2.1_795\FreeRTOS\Debug\libFreeRTOS.a(tasks.o)
                0x0000264c                xTaskRemoveFromEventList
 .text.vTaskInternalSetTimeOutState
                0x000026f4       0x2c D:\MCUXpressoIDE_10.2.1_795\FreeRTOS\Debug\libFreeRTOS.a(tasks.o)
                0x000026f4                vTaskInternalSetTimeOutState
 .text.xTaskCheckForTimeOut
                0x00002720       0x8c D:\MCUXpressoIDE_10.2.1_795\FreeRTOS\Debug\libFreeRTOS.a(tasks.o)
                0x00002720                xTaskCheckForTimeOut
 .text.vTaskMissedYield
                0x000027ac       0x18 D:\MCUXpressoIDE_10.2.1_795\FreeRTOS\Debug\libFreeRTOS.a(tasks.o)
                0x000027ac                vTaskMissedYield
 .text.prvIdleTask
                0x000027c4        0xe D:\MCUXpressoIDE_10.2.1_795\FreeRTOS\Debug\libFreeRTOS.a(tasks.o)
 *fill*         0x000027d2        0x2 ff
 .text.prvInitialiseTaskLists
                0x000027d4       0x80 D:\MCUXpressoIDE_10.2.1_795\FreeRTOS\Debug\libFreeRTOS.a(tasks.o)
 .text.prvCheckTasksWaitingTermination
                0x00002854       0x58 D:\MCUXpressoIDE_10.2.1_795\FreeRTOS\Debug\libFreeRTOS.a(tasks.o)
 .text.prvDeleteTCB
                0x000028ac       0x2a D:\MCUXpressoIDE_10.2.1_795\FreeRTOS\Debug\libFreeRTOS.a(tasks.o)
 *fill*         0x000028d6        0x2 ff
 .text.prvResetNextTaskUnblockTime
                0x000028d8       0x48 D:\MCUXpressoIDE_10.2.1_795\FreeRTOS\Debug\libFreeRTOS.a(tasks.o)
 .text.xTaskGetSchedulerState
                0x00002920       0x3c D:\MCUXpressoIDE_10.2.1_795\FreeRTOS\Debug\libFreeRTOS.a(tasks.o)
                0x00002920                xTaskGetSchedulerState
 .text.xTaskPriorityInherit
                0x0000295c      0x10c D:\MCUXpressoIDE_10.2.1_795\FreeRTOS\Debug\libFreeRTOS.a(tasks.o)
                0x0000295c                xTaskPriorityInherit
 .text.xTaskPriorityDisinherit
                0x00002a68       0xc8 D:\MCUXpressoIDE_10.2.1_795\FreeRTOS\Debug\libFreeRTOS.a(tasks.o)
                0x00002a68                xTaskPriorityDisinherit
 .text.vTaskPriorityDisinheritAfterTimeout
                0x00002b30       0xfc D:\MCUXpressoIDE_10.2.1_795\FreeRTOS\Debug\libFreeRTOS.a(tasks.o)
                0x00002b30                vTaskPriorityDisinheritAfterTimeout
 .text.pvTaskIncrementMutexHeldCount
                0x00002c2c       0x28 D:\MCUXpressoIDE_10.2.1_795\FreeRTOS\Debug\libFreeRTOS.a(tasks.o)
                0x00002c2c                pvTaskIncrementMutexHeldCount
 .text.prvAddCurrentTaskToDelayedList
                0x00002c54       0xcc D:\MCUXpressoIDE_10.2.1_795\FreeRTOS\Debug\libFreeRTOS.a(tasks.o)
 .text.xTimerCreateTimerTask
                0x00002d20       0x48 D:\MCUXpressoIDE_10.2.1_795\FreeRTOS\Debug\libFreeRTOS.a(timers.o)
                0x00002d20                xTimerCreateTimerTask
 .text.xTimerGenericCommand
                0x00002d68       0x80 D:\MCUXpressoIDE_10.2.1_795\FreeRTOS\Debug\libFreeRTOS.a(timers.o)
                0x00002d68                xTimerGenericCommand
 .text.prvProcessExpiredTimer
                0x00002de8       0x64 D:\MCUXpressoIDE_10.2.1_795\FreeRTOS\Debug\libFreeRTOS.a(timers.o)
 .text.prvTimerTask
                0x00002e4c       0x24 D:\MCUXpressoIDE_10.2.1_795\FreeRTOS\Debug\libFreeRTOS.a(timers.o)
 .text.prvProcessTimerOrBlockTask
                0x00002e70       0x9c D:\MCUXpressoIDE_10.2.1_795\FreeRTOS\Debug\libFreeRTOS.a(timers.o)
 .text.prvGetNextExpireTime
                0x00002f0c       0x48 D:\MCUXpressoIDE_10.2.1_795\FreeRTOS\Debug\libFreeRTOS.a(timers.o)
 .text.prvSampleTimeNow
                0x00002f54       0x40 D:\MCUXpressoIDE_10.2.1_795\FreeRTOS\Debug\libFreeRTOS.a(timers.o)
 .text.prvInsertTimerInActiveList
                0x00002f94       0x84 D:\MCUXpressoIDE_10.2.1_795\FreeRTOS\Debug\libFreeRTOS.a(timers.o)
 .text.prvProcessReceivedCommands
                0x00003018       0xec D:\MCUXpressoIDE_10.2.1_795\FreeRTOS\Debug\libFreeRTOS.a(timers.o)
 .text.prvSwitchTimerLists
                0x00003104       0xa8 D:\MCUXpressoIDE_10.2.1_795\FreeRTOS\Debug\libFreeRTOS.a(timers.o)
 .text.prvCheckForValidListAndQueue
                0x000031ac       0x6c D:\MCUXpressoIDE_10.2.1_795\FreeRTOS\Debug\libFreeRTOS.a(timers.o)
 .text.pvPortMalloc
                0x00003218       0x2c D:\MCUXpressoIDE_10.2.1_795\FreeRTOS\Debug\libFreeRTOS.a(heap_3.o)
                0x00003218                pvPortMalloc
 .text.vPortFree
                0x00003244       0x24 D:\MCUXpressoIDE_10.2.1_795\FreeRTOS\Debug\libFreeRTOS.a(heap_3.o)
                0x00003244                vPortFree
 .text.pxPortInitialiseStack
                0x00003268       0x58 D:\MCUXpressoIDE_10.2.1_795\FreeRTOS\Debug\libFreeRTOS.a(port.o)
                0x00003268                pxPortInitialiseStack
 .text.prvTaskExitError
                0x000032c0       0x2e D:\MCUXpressoIDE_10.2.1_795\FreeRTOS\Debug\libFreeRTOS.a(port.o)
 *fill*         0x000032ee        0x2 ff
 .text.SVC_Handler
                0x000032f0       0x28 D:\MCUXpressoIDE_10.2.1_795\FreeRTOS\Debug\libFreeRTOS.a(port.o)
                0x000032f0                SVC_Handler
 .text.prvPortStartFirstTask
                0x00003318       0x20 D:\MCUXpressoIDE_10.2.1_795\FreeRTOS\Debug\libFreeRTOS.a(port.o)
 .text.xPortStartScheduler
                0x00003338       0x40 D:\MCUXpressoIDE_10.2.1_795\FreeRTOS\Debug\libFreeRTOS.a(port.o)
                0x00003338                xPortStartScheduler
 .text.vPortEnterCritical
                0x00003378       0x30 D:\MCUXpressoIDE_10.2.1_795\FreeRTOS\Debug\libFreeRTOS.a(port.o)
                0x00003378                vPortEnterCritical
 .text.vPortExitCritical
                0x000033a8       0x30 D:\MCUXpressoIDE_10.2.1_795\FreeRTOS\Debug\libFreeRTOS.a(port.o)
                0x000033a8                vPortExitCritical
 *fill*         0x000033d8        0x8 ff
 .text.PendSV_Handler
                0x000033e0       0x48 D:\MCUXpressoIDE_10.2.1_795\FreeRTOS\Debug\libFreeRTOS.a(port.o)
                0x000033e0                PendSV_Handler
 .text.SysTick_Handler
                0x00003428       0x40 D:\MCUXpressoIDE_10.2.1_795\FreeRTOS\Debug\libFreeRTOS.a(port.o)
                0x00003428                SysTick_Handler
 .text.vPortSetupTimerInterrupt
                0x00003468       0x44 D:\MCUXpressoIDE_10.2.1_795\FreeRTOS\Debug\libFreeRTOS.a(port.o)
                0x00003468                vPortSetupTimerInterrupt
 .text.vApplicationMallocFailedHook
                0x000034ac       0x1c D:\MCUXpressoIDE_10.2.1_795\FreeRTOS\Debug\libFreeRTOS.a(FreeRTOSCommonHooks.o)
                0x000034ac                vApplicationMallocFailedHook
 .text.vApplicationStackOverflowHook
                0x000034c8       0x20 D:\MCUXpressoIDE_10.2.1_795\FreeRTOS\Debug\libFreeRTOS.a(FreeRTOSCommonHooks.o)
                0x000034c8                vApplicationStackOverflowHook
 .text.vListInitialise
                0x000034e8       0x3e D:\MCUXpressoIDE_10.2.1_795\FreeRTOS\Debug\libFreeRTOS.a(list.o)
                0x000034e8                vListInitialise
 .text.vListInitialiseItem
                0x00003526       0x18 D:\MCUXpressoIDE_10.2.1_795\FreeRTOS\Debug\libFreeRTOS.a(list.o)
                0x00003526                vListInitialiseItem
 .text.vListInsertEnd
                0x0000353e       0x46 D:\MCUXpressoIDE_10.2.1_795\FreeRTOS\Debug\libFreeRTOS.a(list.o)
                0x0000353e                vListInsertEnd
 .text.vListInsert
                0x00003584       0x70 D:\MCUXpressoIDE_10.2.1_795\FreeRTOS\Debug\libFreeRTOS.a(list.o)
                0x00003584                vListInsert
 .text.uxListRemove
                0x000035f4       0x52 D:\MCUXpressoIDE_10.2.1_795\FreeRTOS\Debug\libFreeRTOS.a(list.o)
                0x000035f4                uxListRemove
 *fill*         0x00003646        0x2 ff
 .text          0x00003648       0x30 d:/mcuxpressoide_10.2.1_795/ide/tools/bin/../lib/gcc/arm-none-eabi/7.2.1/thumb/v7-m\libgcc.a(_aeabi_uldivmod.o)
                0x00003648                __aeabi_uldivmod
 .text          0x00003678      0x2d0 d:/mcuxpressoide_10.2.1_795/ide/tools/bin/../lib/gcc/arm-none-eabi/7.2.1/thumb/v7-m\libgcc.a(_udivmoddi4.o)
                0x00003678                __udivmoddi4
 .text          0x00003948        0x4 d:/mcuxpressoide_10.2.1_795/ide/tools/bin/../lib/gcc/arm-none-eabi/7.2.1/thumb/v7-m\libgcc.a(_dvmd_tls.o)
                0x00003948                __aeabi_idiv0
                0x00003948                __aeabi_ldiv0
 .text.__libc_init_array
                0x0000394c       0x48 d:/mcuxpressoide_10.2.1_795/ide/tools/bin/../lib/gcc/arm-none-eabi/7.2.1/../../../../arm-none-eabi/lib/thumb/v7-m\libc.a(lib_a-init.o)
                0x0000394c                __libc_init_array
 .text.malloc   0x00003994       0x10 d:/mcuxpressoide_10.2.1_795/ide/tools/bin/../lib/gcc/arm-none-eabi/7.2.1/../../../../arm-none-eabi/lib/thumb/v7-m\libc.a(lib_a-malloc.o)
                0x00003994                malloc
 .text.free     0x000039a4       0x10 d:/mcuxpressoide_10.2.1_795/ide/tools/bin/../lib/gcc/arm-none-eabi/7.2.1/../../../../arm-none-eabi/lib/thumb/v7-m\libc.a(lib_a-malloc.o)
                0x000039a4                free
 .text._malloc_r
                0x000039b4      0x524 d:/mcuxpressoide_10.2.1_795/ide/tools/bin/../lib/gcc/arm-none-eabi/7.2.1/../../../../arm-none-eabi/lib/thumb/v7-m\libc.a(lib_a-mallocr.o)
                0x000039b4                _malloc_r
 .text          0x00003ed8       0xec d:/mcuxpressoide_10.2.1_795/ide/tools/bin/../lib/gcc/arm-none-eabi/7.2.1/../../../../arm-none-eabi/lib/thumb/v7-m\libc.a(lib_a-memcpy.o)
                0x00003ed8                memcpy
 .text.memset   0x00003fc4       0x94 d:/mcuxpressoide_10.2.1_795/ide/tools/bin/../lib/gcc/arm-none-eabi/7.2.1/../../../../arm-none-eabi/lib/thumb/v7-m\libc.a(lib_a-memset.o)
                0x00003fc4                memset
 .text.__malloc_lock
                0x00004058        0xc d:/mcuxpressoide_10.2.1_795/ide/tools/bin/../lib/gcc/arm-none-eabi/7.2.1/../../../../arm-none-eabi/lib/thumb/v7-m\libc.a(lib_a-mlock.o)
                0x00004058                __malloc_lock
 .text.__malloc_unlock
                0x00004064        0xc d:/mcuxpressoide_10.2.1_795/ide/tools/bin/../lib/gcc/arm-none-eabi/7.2.1/../../../../arm-none-eabi/lib/thumb/v7-m\libc.a(lib_a-mlock.o)
                0x00004064                __malloc_unlock
 .text.rand     0x00004070       0x3c d:/mcuxpressoide_10.2.1_795/ide/tools/bin/../lib/gcc/arm-none-eabi/7.2.1/../../../../arm-none-eabi/lib/thumb/v7-m\libc.a(lib_a-rand.o)
                0x00004070                rand
 .text.cleanup_glue
                0x000040ac       0x28 d:/mcuxpressoide_10.2.1_795/ide/tools/bin/../lib/gcc/arm-none-eabi/7.2.1/../../../../arm-none-eabi/lib/thumb/v7-m\libc.a(lib_a-reent.o)
                0x000040ac                cleanup_glue
 .text._reclaim_reent
                0x000040d4       0x88 d:/mcuxpressoide_10.2.1_795/ide/tools/bin/../lib/gcc/arm-none-eabi/7.2.1/../../../../arm-none-eabi/lib/thumb/v7-m\libc.a(lib_a-reent.o)
                0x000040d4                _reclaim_reent
 .text._sbrk_r  0x0000415c       0x24 d:/mcuxpressoide_10.2.1_795/ide/tools/bin/../lib/gcc/arm-none-eabi/7.2.1/../../../../arm-none-eabi/lib/thumb/v7-m\libc.a(lib_a-sbrkr.o)
                0x0000415c                _sbrk_r
 .text._malloc_trim_r
                0x00004180       0xa0 d:/mcuxpressoide_10.2.1_795/ide/tools/bin/../lib/gcc/arm-none-eabi/7.2.1/../../../../arm-none-eabi/lib/thumb/v7-m\libc.a(lib_a-freer.o)
                0x00004180                _malloc_trim_r
 .text._free_r  0x00004220      0x1e8 d:/mcuxpressoide_10.2.1_795/ide/tools/bin/../lib/gcc/arm-none-eabi/7.2.1/../../../../arm-none-eabi/lib/thumb/v7-m\libc.a(lib_a-freer.o)
                0x00004220                _free_r
 .text.__retarget_lock_acquire_recursive
                0x00004408        0x4 d:/mcuxpressoide_10.2.1_795/ide/tools/bin/../lib/gcc/arm-none-eabi/7.2.1/../../../../arm-none-eabi/lib/thumb/v7-m\libc.a(lib_a-lock.o)
                0x00004408                __retarget_lock_acquire_recursive
 .text.__retarget_lock_release_recursive
                0x0000440c        0x4 d:/mcuxpressoide_10.2.1_795/ide/tools/bin/../lib/gcc/arm-none-eabi/7.2.1/../../../../arm-none-eabi/lib/thumb/v7-m\libc.a(lib_a-lock.o)
                0x0000440c                __retarget_lock_release_recursive
 .text._sbrk    0x00004410       0x3c d:/mcuxpressoide_10.2.1_795/ide/tools/bin/../lib/gcc/arm-none-eabi/7.2.1/../../../../arm-none-eabi/lib/thumb/v7-m\libcr_newlib_nohost.a(_cr_sbrk.o)
                0x00004410                _sbrk
 .text.__check_heap_overflow
                0x0000444c       0x18 d:/mcuxpressoide_10.2.1_795/ide/tools/bin/../lib/gcc/arm-none-eabi/7.2.1/../../../../arm-none-eabi/lib/thumb/v7-m\libcr_newlib_nohost.a(_cr_check_heap.o)
                0x0000444c                __check_heap_overflow
 .text          0x00004464       0x40 d:/mcuxpressoide_10.2.1_795/ide/tools/bin/../lib/gcc/arm-none-eabi/7.2.1/thumb/v7-m\crtbegin.o
 .text.__errno  0x000044a4        0xc d:/mcuxpressoide_10.2.1_795/ide/tools/bin/../lib/gcc/arm-none-eabi/7.2.1/../../../../arm-none-eabi/lib/thumb/v7-m\libc.a(lib_a-errno.o)
                0x000044a4                __errno
 *(.rodata .rodata.* .constdata .constdata.*)
 .rodata        0x000044b0       0xf6 ./src/lab2.3.o
 *fill*         0x000045a6        0x2 ff
 .rodata.OscRateIn
                0x000045a8        0x4 D:\MCUXpressoIDE_10.2.1_795\lpc_board_nxp_lpcxpresso_1549\Debug\liblpc_board_nxp_lpcxpresso_1549.a(board.o)
                0x000045a8                OscRateIn
 .rodata.RTCOscRateIn
                0x000045ac        0x4 D:\MCUXpressoIDE_10.2.1_795\lpc_board_nxp_lpcxpresso_1549\Debug\liblpc_board_nxp_lpcxpresso_1549.a(board.o)
                0x000045ac                RTCOscRateIn
 .rodata.ledpins
                0x000045b0        0x3 D:\MCUXpressoIDE_10.2.1_795\lpc_board_nxp_lpcxpresso_1549\Debug\liblpc_board_nxp_lpcxpresso_1549.a(board.o)
 *fill*         0x000045b3        0x1 ff
 .rodata.ledports
                0x000045b4        0x3 D:\MCUXpressoIDE_10.2.1_795\lpc_board_nxp_lpcxpresso_1549\Debug\liblpc_board_nxp_lpcxpresso_1549.a(board.o)
 *fill*         0x000045b7        0x1 ff
 .rodata.ioconSetup
                0x000045b8       0x74 D:\MCUXpressoIDE_10.2.1_795\lpc_board_nxp_lpcxpresso_1549\Debug\liblpc_board_nxp_lpcxpresso_1549.a(board_sysinit.o)
 .rodata.swmSetup
                0x0000462c        0x6 D:\MCUXpressoIDE_10.2.1_795\lpc_board_nxp_lpcxpresso_1549\Debug\liblpc_board_nxp_lpcxpresso_1549.a(board_sysinit.o)
 *fill*         0x00004632        0x2 ff
 .rodata        0x00004634       0x40 D:\MCUXpressoIDE_10.2.1_795\FreeRTOS\Debug\libFreeRTOS.a(tasks.o)
                0x00004664                FreeRTOSDebugConfig
 .rodata        0x00004674        0xd D:\MCUXpressoIDE_10.2.1_795\FreeRTOS\Debug\libFreeRTOS.a(timers.o)
                0x00004684                . = ALIGN (0x4)
 *fill*         0x00004681        0x3 ff
                0x00004684                . = ALIGN (0x4)
 *(.init)
 .init          0x00004684        0x4 d:/mcuxpressoide_10.2.1_795/ide/tools/bin/../lib/gcc/arm-none-eabi/7.2.1/thumb/v7-m\crti.o
                0x00004684                _init
 .init          0x00004688        0x8 d:/mcuxpressoide_10.2.1_795/ide/tools/bin/../lib/gcc/arm-none-eabi/7.2.1/thumb/v7-m\crtn.o
                0x00004690                . = ALIGN (0x4)
                0x00004690                __preinit_array_start = .
 *(.preinit_array)
                0x00004690                __preinit_array_end = .
                0x00004690                . = ALIGN (0x4)
                0x00004690                __init_array_start = .
 *(SORT_BY_NAME(.init_array.*))
 *(.init_array)
 .init_array    0x00004690        0x4 d:/mcuxpressoide_10.2.1_795/ide/tools/bin/../lib/gcc/arm-none-eabi/7.2.1/thumb/v7-m\crtbegin.o
                0x00004694                __init_array_end = .
 *(.fini)
 .fini          0x00004694        0x4 d:/mcuxpressoide_10.2.1_795/ide/tools/bin/../lib/gcc/arm-none-eabi/7.2.1/thumb/v7-m\crti.o
                0x00004694                _fini
 .fini          0x00004698        0x8 d:/mcuxpressoide_10.2.1_795/ide/tools/bin/../lib/gcc/arm-none-eabi/7.2.1/thumb/v7-m\crtn.o
                0x000046a0                . = ALIGN (0x4)
 *crtbegin.o(.ctors)
 *(EXCLUDE_FILE(*crtend.o) .ctors)
 *(SORT_BY_NAME(.ctors.*))
 *crtend.o(.ctors)
                0x000046a0                . = ALIGN (0x4)
 *crtbegin.o(.dtors)
 *(EXCLUDE_FILE(*crtend.o) .dtors)
 *(SORT_BY_NAME(.dtors.*))
 *crtend.o(.dtors)
                0x000046a0                . = ALIGN (0x4)

.glue_7         0x000046a0        0x0
 .glue_7        0x000046a0        0x0 linker stubs

.glue_7t        0x000046a0        0x0
 .glue_7t       0x000046a0        0x0 linker stubs

.vfp11_veneer   0x000046a0        0x0
 .vfp11_veneer  0x000046a0        0x0 linker stubs

.v4_bx          0x000046a0        0x0
 .v4_bx         0x000046a0        0x0 linker stubs

.iplt           0x000046a0        0x0
 .iplt          0x000046a0        0x0 ./src/cr_startup_lpc15xx.o

.ARM.extab
 *(.ARM.extab* .gnu.linkonce.armextab.*)
                0x000046a0                __exidx_start = .

.ARM.exidx      0x000046a0        0x8
 *(.ARM.exidx* .gnu.linkonce.armexidx.*)
 .ARM.exidx     0x000046a0        0x8 d:/mcuxpressoide_10.2.1_795/ide/tools/bin/../lib/gcc/arm-none-eabi/7.2.1/thumb/v7-m\libgcc.a(_udivmoddi4.o)
                0x000046a8                __exidx_end = .
                0x000046a8                _etext = .

.rel.dyn        0x000046a8        0x0
 .rel.iplt      0x000046a8        0x0 ./src/cr_startup_lpc15xx.o

.eh_frame       0x000046a8        0x0
 .eh_frame      0x000046a8        0x0 d:/mcuxpressoide_10.2.1_795/ide/tools/bin/../lib/gcc/arm-none-eabi/7.2.1/thumb/v7-m\crtbegin.o

.data_RAM2      0x02008000        0x0 load address 0x000046a8
 FILL mask 0xff
                [!provide]                PROVIDE (__start_data_RAM2, .)
 *(.ramfunc.$RAM2)
 *(.ramfunc.$Ram2_4)
 *(.data.$RAM2*)
 *(.data.$Ram2_4*)
                0x02008000                . = ALIGN (0x4)
                [!provide]                PROVIDE (__end_data_RAM2, .)

.uninit_RESERVED
                0x02000000        0x0
 *(.bss.$RESERVED*)
                0x02000000                . = ALIGN (0x4)
                0x02000000                _end_uninit_RESERVED = .

.data           0x02000000      0x840 load address 0x000046a8
 FILL mask 0xff
                0x02000000                _data = .
 *(vtable)
 *(.ramfunc*)
 *(.data*)
 .data.uxCriticalNesting
                0x02000000        0x4 D:\MCUXpressoIDE_10.2.1_795\FreeRTOS\Debug\libFreeRTOS.a(port.o)
 .data._impure_ptr
                0x02000004        0x4 d:/mcuxpressoide_10.2.1_795/ide/tools/bin/../lib/gcc/arm-none-eabi/7.2.1/../../../../arm-none-eabi/lib/thumb/v7-m\libc.a(lib_a-impure.o)
                0x02000004                _impure_ptr
 .data.impure_data
                0x02000008      0x428 d:/mcuxpressoide_10.2.1_795/ide/tools/bin/../lib/gcc/arm-none-eabi/7.2.1/../../../../arm-none-eabi/lib/thumb/v7-m\libc.a(lib_a-impure.o)
 .data.__malloc_av_
                0x02000430      0x408 d:/mcuxpressoide_10.2.1_795/ide/tools/bin/../lib/gcc/arm-none-eabi/7.2.1/../../../../arm-none-eabi/lib/thumb/v7-m\libc.a(lib_a-mallocr.o)
                0x02000430                __malloc_av_
 .data.__malloc_sbrk_base
                0x02000838        0x4 d:/mcuxpressoide_10.2.1_795/ide/tools/bin/../lib/gcc/arm-none-eabi/7.2.1/../../../../arm-none-eabi/lib/thumb/v7-m\libc.a(lib_a-mallocr.o)
                0x02000838                __malloc_sbrk_base
 .data.__malloc_trim_threshold
                0x0200083c        0x4 d:/mcuxpressoide_10.2.1_795/ide/tools/bin/../lib/gcc/arm-none-eabi/7.2.1/../../../../arm-none-eabi/lib/thumb/v7-m\libc.a(lib_a-mallocr.o)
                0x0200083c                __malloc_trim_threshold
                0x02000840                . = ALIGN (0x4)
                0x02000840                _edata = .

.igot.plt       0x02000840        0x0 load address 0x00004ee8
 .igot.plt      0x02000840        0x0 ./src/cr_startup_lpc15xx.o

.bss_RAM2       0x02008000        0x0
                [!provide]                PROVIDE (__start_bss_RAM2, .)
 *(.bss.$RAM2*)
 *(.bss.$Ram2_4*)
                0x02008000                . = ALIGN ((. != 0x0)?0x4:0x1)
                [!provide]                PROVIDE (__end_bss_RAM2, .)

.bss            0x02000840      0x25c
                0x02000840                _bss = .
 *(.bss*)
 .bss.syslogC   0x02000840        0x4 ./src/lab2.3.o
                0x02000840                syslogC
 .bss.guard     0x02000844        0x4 ./src/lab2.3.o
                0x02000844                guard
 .bss.xQueueRegistry
                0x02000848       0x50 D:\MCUXpressoIDE_10.2.1_795\FreeRTOS\Debug\libFreeRTOS.a(queue.o)
                0x02000848                xQueueRegistry
 .bss.pxCurrentTCB
                0x02000898        0x4 D:\MCUXpressoIDE_10.2.1_795\FreeRTOS\Debug\libFreeRTOS.a(tasks.o)
                0x02000898                pxCurrentTCB
 .bss.pxReadyTasksLists
                0x0200089c       0xa0 D:\MCUXpressoIDE_10.2.1_795\FreeRTOS\Debug\libFreeRTOS.a(tasks.o)
 .bss.xDelayedTaskList1
                0x0200093c       0x14 D:\MCUXpressoIDE_10.2.1_795\FreeRTOS\Debug\libFreeRTOS.a(tasks.o)
 .bss.xDelayedTaskList2
                0x02000950       0x14 D:\MCUXpressoIDE_10.2.1_795\FreeRTOS\Debug\libFreeRTOS.a(tasks.o)
 .bss.pxDelayedTaskList
                0x02000964        0x4 D:\MCUXpressoIDE_10.2.1_795\FreeRTOS\Debug\libFreeRTOS.a(tasks.o)
 .bss.pxOverflowDelayedTaskList
                0x02000968        0x4 D:\MCUXpressoIDE_10.2.1_795\FreeRTOS\Debug\libFreeRTOS.a(tasks.o)
 .bss.xPendingReadyList
                0x0200096c       0x14 D:\MCUXpressoIDE_10.2.1_795\FreeRTOS\Debug\libFreeRTOS.a(tasks.o)
 .bss.xTasksWaitingTermination
                0x02000980       0x14 D:\MCUXpressoIDE_10.2.1_795\FreeRTOS\Debug\libFreeRTOS.a(tasks.o)
 .bss.uxDeletedTasksWaitingCleanUp
                0x02000994        0x4 D:\MCUXpressoIDE_10.2.1_795\FreeRTOS\Debug\libFreeRTOS.a(tasks.o)
 .bss.xSuspendedTaskList
                0x02000998       0x14 D:\MCUXpressoIDE_10.2.1_795\FreeRTOS\Debug\libFreeRTOS.a(tasks.o)
 .bss.uxCurrentNumberOfTasks
                0x020009ac        0x4 D:\MCUXpressoIDE_10.2.1_795\FreeRTOS\Debug\libFreeRTOS.a(tasks.o)
 .bss.xTickCount
                0x020009b0        0x4 D:\MCUXpressoIDE_10.2.1_795\FreeRTOS\Debug\libFreeRTOS.a(tasks.o)
 .bss.uxTopReadyPriority
                0x020009b4        0x4 D:\MCUXpressoIDE_10.2.1_795\FreeRTOS\Debug\libFreeRTOS.a(tasks.o)
 .bss.xSchedulerRunning
                0x020009b8        0x4 D:\MCUXpressoIDE_10.2.1_795\FreeRTOS\Debug\libFreeRTOS.a(tasks.o)
 .bss.uxPendedTicks
                0x020009bc        0x4 D:\MCUXpressoIDE_10.2.1_795\FreeRTOS\Debug\libFreeRTOS.a(tasks.o)
 .bss.xYieldPending
                0x020009c0        0x4 D:\MCUXpressoIDE_10.2.1_795\FreeRTOS\Debug\libFreeRTOS.a(tasks.o)
 .bss.xNumOfOverflows
                0x020009c4        0x4 D:\MCUXpressoIDE_10.2.1_795\FreeRTOS\Debug\libFreeRTOS.a(tasks.o)
 .bss.uxTaskNumber
                0x020009c8        0x4 D:\MCUXpressoIDE_10.2.1_795\FreeRTOS\Debug\libFreeRTOS.a(tasks.o)
 .bss.xNextTaskUnblockTime
                0x020009cc        0x4 D:\MCUXpressoIDE_10.2.1_795\FreeRTOS\Debug\libFreeRTOS.a(tasks.o)
 .bss.xIdleTaskHandle
                0x020009d0        0x4 D:\MCUXpressoIDE_10.2.1_795\FreeRTOS\Debug\libFreeRTOS.a(tasks.o)
 .bss.uxSchedulerSuspended
                0x020009d4        0x4 D:\MCUXpressoIDE_10.2.1_795\FreeRTOS\Debug\libFreeRTOS.a(tasks.o)
 .bss.ulTaskSwitchedInTime
                0x020009d8        0x4 D:\MCUXpressoIDE_10.2.1_795\FreeRTOS\Debug\libFreeRTOS.a(tasks.o)
 .bss.ulTotalRunTime
                0x020009dc        0x4 D:\MCUXpressoIDE_10.2.1_795\FreeRTOS\Debug\libFreeRTOS.a(tasks.o)
 .bss.xActiveTimerList1
                0x020009e0       0x14 D:\MCUXpressoIDE_10.2.1_795\FreeRTOS\Debug\libFreeRTOS.a(timers.o)
 .bss.xActiveTimerList2
                0x020009f4       0x14 D:\MCUXpressoIDE_10.2.1_795\FreeRTOS\Debug\libFreeRTOS.a(timers.o)
 .bss.pxCurrentTimerList
                0x02000a08        0x4 D:\MCUXpressoIDE_10.2.1_795\FreeRTOS\Debug\libFreeRTOS.a(timers.o)
 .bss.pxOverflowTimerList
                0x02000a0c        0x4 D:\MCUXpressoIDE_10.2.1_795\FreeRTOS\Debug\libFreeRTOS.a(timers.o)
 .bss.xTimerQueue
                0x02000a10        0x4 D:\MCUXpressoIDE_10.2.1_795\FreeRTOS\Debug\libFreeRTOS.a(timers.o)
 .bss.xTimerTaskHandle
                0x02000a14        0x4 D:\MCUXpressoIDE_10.2.1_795\FreeRTOS\Debug\libFreeRTOS.a(timers.o)
 .bss.xLastTime.9949
                0x02000a18        0x4 D:\MCUXpressoIDE_10.2.1_795\FreeRTOS\Debug\libFreeRTOS.a(timers.o)
 .bss.__malloc_current_mallinfo
                0x02000a1c       0x28 d:/mcuxpressoide_10.2.1_795/ide/tools/bin/../lib/gcc/arm-none-eabi/7.2.1/../../../../arm-none-eabi/lib/thumb/v7-m\libc.a(lib_a-mallocr.o)
                0x02000a1c                __malloc_current_mallinfo
 .bss.__malloc_max_sbrked_mem
                0x02000a44        0x4 d:/mcuxpressoide_10.2.1_795/ide/tools/bin/../lib/gcc/arm-none-eabi/7.2.1/../../../../arm-none-eabi/lib/thumb/v7-m\libc.a(lib_a-mallocr.o)
                0x02000a44                __malloc_max_sbrked_mem
 .bss.__malloc_max_total_mem
                0x02000a48        0x4 d:/mcuxpressoide_10.2.1_795/ide/tools/bin/../lib/gcc/arm-none-eabi/7.2.1/../../../../arm-none-eabi/lib/thumb/v7-m\libc.a(lib_a-mallocr.o)
                0x02000a48                __malloc_max_total_mem
 .bss.__malloc_top_pad
                0x02000a4c        0x4 d:/mcuxpressoide_10.2.1_795/ide/tools/bin/../lib/gcc/arm-none-eabi/7.2.1/../../../../arm-none-eabi/lib/thumb/v7-m\libc.a(lib_a-mallocr.o)
                0x02000a4c                __malloc_top_pad
 .bss.__end_of_heap
                0x02000a50        0x4 d:/mcuxpressoide_10.2.1_795/ide/tools/bin/../lib/gcc/arm-none-eabi/7.2.1/../../../../arm-none-eabi/lib/thumb/v7-m\libcr_newlib_nohost.a(_cr_sbrk.o)
                0x02000a50                __end_of_heap
 .bss           0x02000a54       0x1c d:/mcuxpressoide_10.2.1_795/ide/tools/bin/../lib/gcc/arm-none-eabi/7.2.1/thumb/v7-m\crtbegin.o
 *(COMMON)
 COMMON         0x02000a70        0x4 D:\MCUXpressoIDE_10.2.1_795\lpc_chip_15xx\Debug\liblpc_chip_15xx.a(chip_15xx.o)
                0x02000a70                SystemCoreClock
 COMMON         0x02000a74        0x4 d:/mcuxpressoide_10.2.1_795/ide/tools/bin/../lib/gcc/arm-none-eabi/7.2.1/../../../../arm-none-eabi/lib/thumb/v7-m\libc.a(lib_a-reent.o)
                0x02000a74                errno
 COMMON         0x02000a78       0x21 d:/mcuxpressoide_10.2.1_795/ide/tools/bin/../lib/gcc/arm-none-eabi/7.2.1/../../../../arm-none-eabi/lib/thumb/v7-m\libc.a(lib_a-lock.o)
                0x02000a78                __lock___atexit_recursive_mutex
                0x02000a7c                __lock___arc4random_mutex
                0x02000a80                __lock___env_recursive_mutex
                0x02000a84                __lock___sinit_recursive_mutex
                0x02000a88                __lock___malloc_recursive_mutex
                0x02000a8c                __lock___at_quick_exit_mutex
                0x02000a90                __lock___dd_hash_mutex
                0x02000a94                __lock___tz_mutex
                0x02000a98                __lock___sfp_recursive_mutex
                0x02000a9c                . = ALIGN (0x4)
 *fill*         0x02000a99        0x3 
                0x02000a9c                _ebss = .
                [!provide]                PROVIDE (end, .)

.noinit_RAM2    0x02008000        0x0
 *(.noinit.$RAM2*)
 *(.noinit.$Ram2_4*)
                0x02008000                . = ALIGN (0x4)

.noinit         0x02000a9c        0x0
                0x02000a9c                _noinit = .
 *(.noinit*)
                0x02000a9c                . = ALIGN (0x4)
                0x02000a9c                _end_noinit = .
                0x02000a9c                PROVIDE (_pvHeapStart, DEFINED (__user_heap_base)?__user_heap_base:.)
                0x02008000                PROVIDE (_vStackTop, DEFINED (__user_stack_top)?__user_stack_top:(__top_Ram0_16_32 - 0x0))
                0xfdff735a                PROVIDE (__valid_user_code_checksum, (0x0 - ((((((_vStackTop + (ResetISR + 0x1)) + (NMI_Handler + 0x1)) + (HardFault_Handler + 0x1)) + (DEFINED (MemManage_Handler)?MemManage_Handler:0x0 + 0x1)) + (DEFINED (BusFault_Handler)?BusFault_Handler:0x0 + 0x1)) + (DEFINED (UsageFault_Handler)?UsageFault_Handler:0x0 + 0x1))))
                0x00000000                _image_start = LOADADDR (.text)
                0x00004ee8                _image_end = (LOADADDR (.data) + SIZEOF (.data))
                0x00004ee8                _image_size = (_image_end - _image_start)
OUTPUT(lab2.3.axf elf32-littlearm)

.debug_info     0x00000000    0x15658
 .debug_info    0x00000000      0x27e ./src/cr_startup_lpc15xx.o
 .debug_info    0x0000027e     0x57ad ./src/lab2.3.o
 .debug_info    0x00005a2b      0x96c ./src/sysinit.o
 .debug_info    0x00006397     0x135e D:\MCUXpressoIDE_10.2.1_795\lpc_board_nxp_lpcxpresso_1549\Debug\liblpc_board_nxp_lpcxpresso_1549.a(board.o)
 .debug_info    0x000076f5     0x150a D:\MCUXpressoIDE_10.2.1_795\lpc_board_nxp_lpcxpresso_1549\Debug\liblpc_board_nxp_lpcxpresso_1549.a(board_sysinit.o)
 .debug_info    0x00008bff      0x9dd D:\MCUXpressoIDE_10.2.1_795\lpc_chip_15xx\Debug\liblpc_chip_15xx.a(chip_15xx.o)
 .debug_info    0x000095dc      0xd9e D:\MCUXpressoIDE_10.2.1_795\lpc_chip_15xx\Debug\liblpc_chip_15xx.a(clock_15xx.o)
 .debug_info    0x0000a37a      0x688 D:\MCUXpressoIDE_10.2.1_795\lpc_chip_15xx\Debug\liblpc_chip_15xx.a(gpio_15xx.o)
 .debug_info    0x0000aa02      0x279 D:\MCUXpressoIDE_10.2.1_795\lpc_chip_15xx\Debug\liblpc_chip_15xx.a(iocon_15xx.o)
 .debug_info    0x0000ac7b      0x66c D:\MCUXpressoIDE_10.2.1_795\lpc_chip_15xx\Debug\liblpc_chip_15xx.a(swm_15xx.o)
 .debug_info    0x0000b2e7      0x79f D:\MCUXpressoIDE_10.2.1_795\lpc_chip_15xx\Debug\liblpc_chip_15xx.a(sysctl_15xx.o)
 .debug_info    0x0000ba86      0x778 D:\MCUXpressoIDE_10.2.1_795\lpc_chip_15xx\Debug\liblpc_chip_15xx.a(sysinit_15xx.o)
 .debug_info    0x0000c1fe      0x955 D:\MCUXpressoIDE_10.2.1_795\lpc_chip_15xx\Debug\liblpc_chip_15xx.a(uart_15xx.o)
 .debug_info    0x0000cb53     0x1aac D:\MCUXpressoIDE_10.2.1_795\FreeRTOS\Debug\libFreeRTOS.a(queue.o)
 .debug_info    0x0000e5ff     0x269f D:\MCUXpressoIDE_10.2.1_795\FreeRTOS\Debug\libFreeRTOS.a(tasks.o)
 .debug_info    0x00010c9e     0x137b D:\MCUXpressoIDE_10.2.1_795\FreeRTOS\Debug\libFreeRTOS.a(timers.o)
 .debug_info    0x00012019      0x9d7 D:\MCUXpressoIDE_10.2.1_795\FreeRTOS\Debug\libFreeRTOS.a(heap_3.o)
 .debug_info    0x000129f0      0xca4 D:\MCUXpressoIDE_10.2.1_795\FreeRTOS\Debug\libFreeRTOS.a(port.o)
 .debug_info    0x00013694      0xa85 D:\MCUXpressoIDE_10.2.1_795\FreeRTOS\Debug\libFreeRTOS.a(FreeRTOSCommonHooks.o)
 .debug_info    0x00014119      0xb76 D:\MCUXpressoIDE_10.2.1_795\FreeRTOS\Debug\libFreeRTOS.a(list.o)
 .debug_info    0x00014c8f      0x95f d:/mcuxpressoide_10.2.1_795/ide/tools/bin/../lib/gcc/arm-none-eabi/7.2.1/../../../../arm-none-eabi/lib/thumb/v7-m\libcr_newlib_nohost.a(_cr_sbrk.o)
 .debug_info    0x000155ee       0x6a d:/mcuxpressoide_10.2.1_795/ide/tools/bin/../lib/gcc/arm-none-eabi/7.2.1/../../../../arm-none-eabi/lib/thumb/v7-m\libcr_newlib_nohost.a(_cr_check_heap.o)

.debug_abbrev   0x00000000     0x33f8
 .debug_abbrev  0x00000000      0x106 ./src/cr_startup_lpc15xx.o
 .debug_abbrev  0x00000106      0x788 ./src/lab2.3.o
 .debug_abbrev  0x0000088e      0x1b1 ./src/sysinit.o
 .debug_abbrev  0x00000a3f      0x32b D:\MCUXpressoIDE_10.2.1_795\lpc_board_nxp_lpcxpresso_1549\Debug\liblpc_board_nxp_lpcxpresso_1549.a(board.o)
 .debug_abbrev  0x00000d6a      0x2fa D:\MCUXpressoIDE_10.2.1_795\lpc_board_nxp_lpcxpresso_1549\Debug\liblpc_board_nxp_lpcxpresso_1549.a(board_sysinit.o)
 .debug_abbrev  0x00001064      0x1c0 D:\MCUXpressoIDE_10.2.1_795\lpc_chip_15xx\Debug\liblpc_chip_15xx.a(chip_15xx.o)
 .debug_abbrev  0x00001224      0x2ac D:\MCUXpressoIDE_10.2.1_795\lpc_chip_15xx\Debug\liblpc_chip_15xx.a(clock_15xx.o)
 .debug_abbrev  0x000014d0      0x188 D:\MCUXpressoIDE_10.2.1_795\lpc_chip_15xx\Debug\liblpc_chip_15xx.a(gpio_15xx.o)
 .debug_abbrev  0x00001658      0x144 D:\MCUXpressoIDE_10.2.1_795\lpc_chip_15xx\Debug\liblpc_chip_15xx.a(iocon_15xx.o)
 .debug_abbrev  0x0000179c      0x165 D:\MCUXpressoIDE_10.2.1_795\lpc_chip_15xx\Debug\liblpc_chip_15xx.a(swm_15xx.o)
 .debug_abbrev  0x00001901      0x13a D:\MCUXpressoIDE_10.2.1_795\lpc_chip_15xx\Debug\liblpc_chip_15xx.a(sysctl_15xx.o)
 .debug_abbrev  0x00001a3b      0x1b5 D:\MCUXpressoIDE_10.2.1_795\lpc_chip_15xx\Debug\liblpc_chip_15xx.a(sysinit_15xx.o)
 .debug_abbrev  0x00001bf0      0x1fa D:\MCUXpressoIDE_10.2.1_795\lpc_chip_15xx\Debug\liblpc_chip_15xx.a(uart_15xx.o)
 .debug_abbrev  0x00001dea      0x36a D:\MCUXpressoIDE_10.2.1_795\FreeRTOS\Debug\libFreeRTOS.a(queue.o)
 .debug_abbrev  0x00002154      0x398 D:\MCUXpressoIDE_10.2.1_795\FreeRTOS\Debug\libFreeRTOS.a(tasks.o)
 .debug_abbrev  0x000024ec      0x2e2 D:\MCUXpressoIDE_10.2.1_795\FreeRTOS\Debug\libFreeRTOS.a(timers.o)
 .debug_abbrev  0x000027ce      0x214 D:\MCUXpressoIDE_10.2.1_795\FreeRTOS\Debug\libFreeRTOS.a(heap_3.o)
 .debug_abbrev  0x000029e2      0x31d D:\MCUXpressoIDE_10.2.1_795\FreeRTOS\Debug\libFreeRTOS.a(port.o)
 .debug_abbrev  0x00002cff      0x26f D:\MCUXpressoIDE_10.2.1_795\FreeRTOS\Debug\libFreeRTOS.a(FreeRTOSCommonHooks.o)
 .debug_abbrev  0x00002f6e      0x205 D:\MCUXpressoIDE_10.2.1_795\FreeRTOS\Debug\libFreeRTOS.a(list.o)
 .debug_abbrev  0x00003173      0x223 d:/mcuxpressoide_10.2.1_795/ide/tools/bin/../lib/gcc/arm-none-eabi/7.2.1/../../../../arm-none-eabi/lib/thumb/v7-m\libcr_newlib_nohost.a(_cr_sbrk.o)
 .debug_abbrev  0x00003396       0x62 d:/mcuxpressoide_10.2.1_795/ide/tools/bin/../lib/gcc/arm-none-eabi/7.2.1/../../../../arm-none-eabi/lib/thumb/v7-m\libcr_newlib_nohost.a(_cr_check_heap.o)

.debug_aranges  0x00000000      0xb30
 .debug_aranges
                0x00000000       0x80 ./src/cr_startup_lpc15xx.o
 .debug_aranges
                0x00000080       0x48 ./src/lab2.3.o
 .debug_aranges
                0x000000c8       0x20 ./src/sysinit.o
 .debug_aranges
                0x000000e8       0xd0 D:\MCUXpressoIDE_10.2.1_795\lpc_board_nxp_lpcxpresso_1549\Debug\liblpc_board_nxp_lpcxpresso_1549.a(board.o)
 .debug_aranges
                0x000001b8       0x60 D:\MCUXpressoIDE_10.2.1_795\lpc_board_nxp_lpcxpresso_1549\Debug\liblpc_board_nxp_lpcxpresso_1549.a(board_sysinit.o)
 .debug_aranges
                0x00000218       0x50 D:\MCUXpressoIDE_10.2.1_795\lpc_chip_15xx\Debug\liblpc_chip_15xx.a(chip_15xx.o)
 .debug_aranges
                0x00000268      0x128 D:\MCUXpressoIDE_10.2.1_795\lpc_chip_15xx\Debug\liblpc_chip_15xx.a(clock_15xx.o)
 .debug_aranges
                0x00000390       0x70 D:\MCUXpressoIDE_10.2.1_795\lpc_chip_15xx\Debug\liblpc_chip_15xx.a(gpio_15xx.o)
 .debug_aranges
                0x00000400       0x28 D:\MCUXpressoIDE_10.2.1_795\lpc_chip_15xx\Debug\liblpc_chip_15xx.a(iocon_15xx.o)
 .debug_aranges
                0x00000428       0x40 D:\MCUXpressoIDE_10.2.1_795\lpc_chip_15xx\Debug\liblpc_chip_15xx.a(swm_15xx.o)
 .debug_aranges
                0x00000468       0x50 D:\MCUXpressoIDE_10.2.1_795\lpc_chip_15xx\Debug\liblpc_chip_15xx.a(sysctl_15xx.o)
 .debug_aranges
                0x000004b8       0x58 D:\MCUXpressoIDE_10.2.1_795\lpc_chip_15xx\Debug\liblpc_chip_15xx.a(sysinit_15xx.o)
 .debug_aranges
                0x00000510       0xc8 D:\MCUXpressoIDE_10.2.1_795\lpc_chip_15xx\Debug\liblpc_chip_15xx.a(uart_15xx.o)
 .debug_aranges
                0x000005d8      0x130 D:\MCUXpressoIDE_10.2.1_795\FreeRTOS\Debug\libFreeRTOS.a(queue.o)
 .debug_aranges
                0x00000708      0x208 D:\MCUXpressoIDE_10.2.1_795\FreeRTOS\Debug\libFreeRTOS.a(tasks.o)
 .debug_aranges
                0x00000910       0xc8 D:\MCUXpressoIDE_10.2.1_795\FreeRTOS\Debug\libFreeRTOS.a(timers.o)
 .debug_aranges
                0x000009d8       0x28 D:\MCUXpressoIDE_10.2.1_795\FreeRTOS\Debug\libFreeRTOS.a(heap_3.o)
 .debug_aranges
                0x00000a00       0x70 D:\MCUXpressoIDE_10.2.1_795\FreeRTOS\Debug\libFreeRTOS.a(port.o)
 .debug_aranges
                0x00000a70       0x40 D:\MCUXpressoIDE_10.2.1_795\FreeRTOS\Debug\libFreeRTOS.a(FreeRTOSCommonHooks.o)
 .debug_aranges
                0x00000ab0       0x40 D:\MCUXpressoIDE_10.2.1_795\FreeRTOS\Debug\libFreeRTOS.a(list.o)
 .debug_aranges
                0x00000af0       0x20 d:/mcuxpressoide_10.2.1_795/ide/tools/bin/../lib/gcc/arm-none-eabi/7.2.1/../../../../arm-none-eabi/lib/thumb/v7-m\libcr_newlib_nohost.a(_cr_sbrk.o)
 .debug_aranges
                0x00000b10       0x20 d:/mcuxpressoide_10.2.1_795/ide/tools/bin/../lib/gcc/arm-none-eabi/7.2.1/../../../../arm-none-eabi/lib/thumb/v7-m\libcr_newlib_nohost.a(_cr_check_heap.o)

.debug_ranges   0x00000000      0x9e8
 .debug_ranges  0x00000000       0x70 ./src/cr_startup_lpc15xx.o
 .debug_ranges  0x00000070       0x38 ./src/lab2.3.o
 .debug_ranges  0x000000a8       0x10 ./src/sysinit.o
 .debug_ranges  0x000000b8       0xd8 D:\MCUXpressoIDE_10.2.1_795\lpc_board_nxp_lpcxpresso_1549\Debug\liblpc_board_nxp_lpcxpresso_1549.a(board.o)
 .debug_ranges  0x00000190       0x50 D:\MCUXpressoIDE_10.2.1_795\lpc_board_nxp_lpcxpresso_1549\Debug\liblpc_board_nxp_lpcxpresso_1549.a(board_sysinit.o)
 .debug_ranges  0x000001e0       0x40 D:\MCUXpressoIDE_10.2.1_795\lpc_chip_15xx\Debug\liblpc_chip_15xx.a(chip_15xx.o)
 .debug_ranges  0x00000220      0x118 D:\MCUXpressoIDE_10.2.1_795\lpc_chip_15xx\Debug\liblpc_chip_15xx.a(clock_15xx.o)
 .debug_ranges  0x00000338       0x60 D:\MCUXpressoIDE_10.2.1_795\lpc_chip_15xx\Debug\liblpc_chip_15xx.a(gpio_15xx.o)
 .debug_ranges  0x00000398       0x18 D:\MCUXpressoIDE_10.2.1_795\lpc_chip_15xx\Debug\liblpc_chip_15xx.a(iocon_15xx.o)
 .debug_ranges  0x000003b0       0x30 D:\MCUXpressoIDE_10.2.1_795\lpc_chip_15xx\Debug\liblpc_chip_15xx.a(swm_15xx.o)
 .debug_ranges  0x000003e0       0x40 D:\MCUXpressoIDE_10.2.1_795\lpc_chip_15xx\Debug\liblpc_chip_15xx.a(sysctl_15xx.o)
 .debug_ranges  0x00000420       0x48 D:\MCUXpressoIDE_10.2.1_795\lpc_chip_15xx\Debug\liblpc_chip_15xx.a(sysinit_15xx.o)
 .debug_ranges  0x00000468       0xb8 D:\MCUXpressoIDE_10.2.1_795\lpc_chip_15xx\Debug\liblpc_chip_15xx.a(uart_15xx.o)
 .debug_ranges  0x00000520      0x120 D:\MCUXpressoIDE_10.2.1_795\FreeRTOS\Debug\libFreeRTOS.a(queue.o)
 .debug_ranges  0x00000640      0x1f8 D:\MCUXpressoIDE_10.2.1_795\FreeRTOS\Debug\libFreeRTOS.a(tasks.o)
 .debug_ranges  0x00000838       0xb8 D:\MCUXpressoIDE_10.2.1_795\FreeRTOS\Debug\libFreeRTOS.a(timers.o)
 .debug_ranges  0x000008f0       0x18 D:\MCUXpressoIDE_10.2.1_795\FreeRTOS\Debug\libFreeRTOS.a(heap_3.o)
 .debug_ranges  0x00000908       0x60 D:\MCUXpressoIDE_10.2.1_795\FreeRTOS\Debug\libFreeRTOS.a(port.o)
 .debug_ranges  0x00000968       0x30 D:\MCUXpressoIDE_10.2.1_795\FreeRTOS\Debug\libFreeRTOS.a(FreeRTOSCommonHooks.o)
 .debug_ranges  0x00000998       0x30 D:\MCUXpressoIDE_10.2.1_795\FreeRTOS\Debug\libFreeRTOS.a(list.o)
 .debug_ranges  0x000009c8       0x10 d:/mcuxpressoide_10.2.1_795/ide/tools/bin/../lib/gcc/arm-none-eabi/7.2.1/../../../../arm-none-eabi/lib/thumb/v7-m\libcr_newlib_nohost.a(_cr_sbrk.o)
 .debug_ranges  0x000009d8       0x10 d:/mcuxpressoide_10.2.1_795/ide/tools/bin/../lib/gcc/arm-none-eabi/7.2.1/../../../../arm-none-eabi/lib/thumb/v7-m\libcr_newlib_nohost.a(_cr_check_heap.o)

.debug_macro    0x00000000     0xb74d
 .debug_macro   0x00000000       0x23 ./src/cr_startup_lpc15xx.o
 .debug_macro   0x00000023      0x86f ./src/lab2.3.o
 .debug_macro   0x00000892       0x1c ./src/lab2.3.o
 .debug_macro   0x000008ae       0x4f ./src/lab2.3.o
 .debug_macro   0x000008fd       0x51 ./src/lab2.3.o
 .debug_macro   0x0000094e       0xef ./src/lab2.3.o
 .debug_macro   0x00000a3d       0x6a ./src/lab2.3.o
 .debug_macro   0x00000aa7      0x1df ./src/lab2.3.o
 .debug_macro   0x00000c86       0x16 ./src/lab2.3.o
 .debug_macro   0x00000c9c       0x7b ./src/lab2.3.o
 .debug_macro   0x00000d17       0x10 ./src/lab2.3.o
 .debug_macro   0x00000d27       0x2d ./src/lab2.3.o
 .debug_macro   0x00000d54       0x3a ./src/lab2.3.o
 .debug_macro   0x00000d8e       0x2d ./src/lab2.3.o
 .debug_macro   0x00000dbb      0xa7d ./src/lab2.3.o
 .debug_macro   0x00001838      0x1b4 ./src/lab2.3.o
 .debug_macro   0x000019ec       0xca ./src/lab2.3.o
 .debug_macro   0x00001ab6       0x18 ./src/lab2.3.o
 .debug_macro   0x00001ace       0xb2 ./src/lab2.3.o
 .debug_macro   0x00001b80       0x70 ./src/lab2.3.o
 .debug_macro   0x00001bf0       0x46 ./src/lab2.3.o
 .debug_macro   0x00001c36       0xd0 ./src/lab2.3.o
 .debug_macro   0x00001d06       0x40 ./src/lab2.3.o
 .debug_macro   0x00001d46      0x233 ./src/lab2.3.o
 .debug_macro   0x00001f79       0x16 ./src/lab2.3.o
 .debug_macro   0x00001f8f       0x88 ./src/lab2.3.o
 .debug_macro   0x00002017       0x34 ./src/lab2.3.o
 .debug_macro   0x0000204b       0x6a ./src/lab2.3.o
 .debug_macro   0x000020b5       0x40 ./src/lab2.3.o
 .debug_macro   0x000020f5       0x1c ./src/lab2.3.o
 .debug_macro   0x00002111       0x16 ./src/lab2.3.o
 .debug_macro   0x00002127      0x10c ./src/lab2.3.o
 .debug_macro   0x00002233      0x2a9 ./src/lab2.3.o
 .debug_macro   0x000024dc       0x76 ./src/lab2.3.o
 .debug_macro   0x00002552       0x22 ./src/lab2.3.o
 .debug_macro   0x00002574      0x152 ./src/lab2.3.o
 .debug_macro   0x000026c6       0x82 ./src/lab2.3.o
 .debug_macro   0x00002748       0xe6 ./src/lab2.3.o
 .debug_macro   0x0000282e       0x3a ./src/lab2.3.o
 .debug_macro   0x00002868       0x34 ./src/lab2.3.o
 .debug_macro   0x0000289c       0x10 ./src/lab2.3.o
 .debug_macro   0x000028ac       0x76 ./src/lab2.3.o
 .debug_macro   0x00002922       0x58 ./src/lab2.3.o
 .debug_macro   0x0000297a      0x2ca ./src/lab2.3.o
 .debug_macro   0x00002c44      0x22b ./src/lab2.3.o
 .debug_macro   0x00002e6f       0x2e ./src/lab2.3.o
 .debug_macro   0x00002e9d       0x34 ./src/lab2.3.o
 .debug_macro   0x00002ed1       0x58 ./src/lab2.3.o
 .debug_macro   0x00002f29       0x16 ./src/lab2.3.o
 .debug_macro   0x00002f3f       0x97 ./src/lab2.3.o
 .debug_macro   0x00002fd6      0x104 ./src/lab2.3.o
 .debug_macro   0x000030da       0x10 ./src/lab2.3.o
 .debug_macro   0x000030ea       0x10 ./src/lab2.3.o
 .debug_macro   0x000030fa       0xb6 ./src/lab2.3.o
 .debug_macro   0x000031b0       0x16 ./src/lab2.3.o
 .debug_macro   0x000031c6      0x114 ./src/lab2.3.o
 .debug_macro   0x000032da       0x20 ./src/lab2.3.o
 .debug_macro   0x000032fa       0x28 ./src/lab2.3.o
 .debug_macro   0x00003322       0x1f ./src/lab2.3.o
 .debug_macro   0x00003341       0x12 ./src/lab2.3.o
 .debug_macro   0x00003353       0x1c ./src/lab2.3.o
 .debug_macro   0x0000336f       0x10 ./src/lab2.3.o
 .debug_macro   0x0000337f       0x18 ./src/lab2.3.o
 .debug_macro   0x00003397       0x6e ./src/lab2.3.o
 .debug_macro   0x00003405       0x2e ./src/lab2.3.o
 .debug_macro   0x00003433       0x12 ./src/lab2.3.o
 .debug_macro   0x00003445       0x76 ./src/lab2.3.o
 .debug_macro   0x000034bb       0x12 ./src/lab2.3.o
 .debug_macro   0x000034cd       0x22 ./src/lab2.3.o
 .debug_macro   0x000034ef       0x3c ./src/lab2.3.o
 .debug_macro   0x0000352b       0x2c ./src/lab2.3.o
 .debug_macro   0x00003557      0x173 ./src/lab2.3.o
 .debug_macro   0x000036ca       0x17 ./src/lab2.3.o
 .debug_macro   0x000036e1       0x10 ./src/lab2.3.o
 .debug_macro   0x000036f1       0x35 ./src/lab2.3.o
 .debug_macro   0x00003726       0x2e ./src/lab2.3.o
 .debug_macro   0x00003754       0x16 ./src/lab2.3.o
 .debug_macro   0x0000376a       0x40 ./src/lab2.3.o
 .debug_macro   0x000037aa       0x5e ./src/lab2.3.o
 .debug_macro   0x00003808       0x11 ./src/lab2.3.o
 .debug_macro   0x00003819       0x2f ./src/lab2.3.o
 .debug_macro   0x00003848       0x16 ./src/lab2.3.o
 .debug_macro   0x0000385e       0x10 ./src/lab2.3.o
 .debug_macro   0x0000386e      0x123 ./src/lab2.3.o
 .debug_macro   0x00003991       0x10 ./src/lab2.3.o
 .debug_macro   0x000039a1      0x241 ./src/lab2.3.o
 .debug_macro   0x00003be2       0x17 ./src/lab2.3.o
 .debug_macro   0x00003bf9       0xf6 ./src/lab2.3.o
 .debug_macro   0x00003cef       0x16 ./src/lab2.3.o
 .debug_macro   0x00003d05       0x10 ./src/lab2.3.o
 .debug_macro   0x00003d15       0x10 ./src/lab2.3.o
 .debug_macro   0x00003d25       0x2e ./src/lab2.3.o
 .debug_macro   0x00003d53       0x40 ./src/lab2.3.o
 .debug_macro   0x00003d93       0x82 ./src/lab2.3.o
 .debug_macro   0x00003e15      0x12a ./src/lab2.3.o
 .debug_macro   0x00003f3f      0x15a ./src/lab2.3.o
 .debug_macro   0x00004099       0xd6 ./src/lab2.3.o
 .debug_macro   0x0000416f       0x10 ./src/lab2.3.o
 .debug_macro   0x0000417f       0x1f ./src/lab2.3.o
 .debug_macro   0x0000419e       0x16 ./src/lab2.3.o
 .debug_macro   0x000041b4      0x46b ./src/lab2.3.o
 .debug_macro   0x0000461f       0xb5 ./src/lab2.3.o
 .debug_macro   0x000046d4       0x8c ./src/lab2.3.o
 .debug_macro   0x00004760       0x86 ./src/lab2.3.o
 .debug_macro   0x000047e6       0x7e ./src/lab2.3.o
 .debug_macro   0x00004864      0x376 ./src/sysinit.o
 .debug_macro   0x00004bda       0x22 ./src/sysinit.o
 .debug_macro   0x00004bfc      0xa7d ./src/sysinit.o
 .debug_macro   0x00005679       0x9c ./src/sysinit.o
 .debug_macro   0x00005715       0x97 ./src/sysinit.o
 .debug_macro   0x000057ac      0x330 ./src/sysinit.o
 .debug_macro   0x00005adc       0xfd ./src/sysinit.o
 .debug_macro   0x00005bd9       0x43 ./src/sysinit.o
 .debug_macro   0x00005c1c      0x129 ./src/sysinit.o
 .debug_macro   0x00005d45      0x3f3 D:\MCUXpressoIDE_10.2.1_795\lpc_board_nxp_lpcxpresso_1549\Debug\liblpc_board_nxp_lpcxpresso_1549.a(board.o)
 .debug_macro   0x00006138      0xa6c D:\MCUXpressoIDE_10.2.1_795\lpc_board_nxp_lpcxpresso_1549\Debug\liblpc_board_nxp_lpcxpresso_1549.a(board.o)
 .debug_macro   0x00006ba4       0x87 D:\MCUXpressoIDE_10.2.1_795\lpc_board_nxp_lpcxpresso_1549\Debug\liblpc_board_nxp_lpcxpresso_1549.a(board.o)
 .debug_macro   0x00006c2b       0x1c D:\MCUXpressoIDE_10.2.1_795\lpc_board_nxp_lpcxpresso_1549\Debug\liblpc_board_nxp_lpcxpresso_1549.a(board.o)
 .debug_macro   0x00006c47       0x52 D:\MCUXpressoIDE_10.2.1_795\lpc_board_nxp_lpcxpresso_1549\Debug\liblpc_board_nxp_lpcxpresso_1549.a(board.o)
 .debug_macro   0x00006c99       0x40 D:\MCUXpressoIDE_10.2.1_795\lpc_board_nxp_lpcxpresso_1549\Debug\liblpc_board_nxp_lpcxpresso_1549.a(board.o)
 .debug_macro   0x00006cd9       0x10 D:\MCUXpressoIDE_10.2.1_795\lpc_board_nxp_lpcxpresso_1549\Debug\liblpc_board_nxp_lpcxpresso_1549.a(board.o)
 .debug_macro   0x00006ce9       0x40 D:\MCUXpressoIDE_10.2.1_795\lpc_board_nxp_lpcxpresso_1549\Debug\liblpc_board_nxp_lpcxpresso_1549.a(board.o)
 .debug_macro   0x00006d29       0xd7 D:\MCUXpressoIDE_10.2.1_795\lpc_board_nxp_lpcxpresso_1549\Debug\liblpc_board_nxp_lpcxpresso_1549.a(board.o)
 .debug_macro   0x00006e00       0x1c D:\MCUXpressoIDE_10.2.1_795\lpc_board_nxp_lpcxpresso_1549\Debug\liblpc_board_nxp_lpcxpresso_1549.a(board.o)
 .debug_macro   0x00006e1c       0x3d D:\MCUXpressoIDE_10.2.1_795\lpc_board_nxp_lpcxpresso_1549\Debug\liblpc_board_nxp_lpcxpresso_1549.a(board.o)
 .debug_macro   0x00006e59      0x16f D:\MCUXpressoIDE_10.2.1_795\lpc_board_nxp_lpcxpresso_1549\Debug\liblpc_board_nxp_lpcxpresso_1549.a(board.o)
 .debug_macro   0x00006fc8       0x12 D:\MCUXpressoIDE_10.2.1_795\lpc_board_nxp_lpcxpresso_1549\Debug\liblpc_board_nxp_lpcxpresso_1549.a(board.o)
 .debug_macro   0x00006fda      0x414 D:\MCUXpressoIDE_10.2.1_795\lpc_board_nxp_lpcxpresso_1549\Debug\liblpc_board_nxp_lpcxpresso_1549.a(board_sysinit.o)
 .debug_macro   0x000073ee       0x16 D:\MCUXpressoIDE_10.2.1_795\lpc_board_nxp_lpcxpresso_1549\Debug\liblpc_board_nxp_lpcxpresso_1549.a(board_sysinit.o)
 .debug_macro   0x00007404       0x35 D:\MCUXpressoIDE_10.2.1_795\lpc_board_nxp_lpcxpresso_1549\Debug\liblpc_board_nxp_lpcxpresso_1549.a(board_sysinit.o)
 .debug_macro   0x00007439      0x260 D:\MCUXpressoIDE_10.2.1_795\lpc_chip_15xx\Debug\liblpc_chip_15xx.a(chip_15xx.o)
 .debug_macro   0x00007699      0x260 D:\MCUXpressoIDE_10.2.1_795\lpc_chip_15xx\Debug\liblpc_chip_15xx.a(clock_15xx.o)
 .debug_macro   0x000078f9      0x260 D:\MCUXpressoIDE_10.2.1_795\lpc_chip_15xx\Debug\liblpc_chip_15xx.a(gpio_15xx.o)
 .debug_macro   0x00007b59      0x260 D:\MCUXpressoIDE_10.2.1_795\lpc_chip_15xx\Debug\liblpc_chip_15xx.a(iocon_15xx.o)
 .debug_macro   0x00007db9      0x26c D:\MCUXpressoIDE_10.2.1_795\lpc_chip_15xx\Debug\liblpc_chip_15xx.a(swm_15xx.o)
 .debug_macro   0x00008025      0x278 D:\MCUXpressoIDE_10.2.1_795\lpc_chip_15xx\Debug\liblpc_chip_15xx.a(sysctl_15xx.o)
 .debug_macro   0x0000829d      0x260 D:\MCUXpressoIDE_10.2.1_795\lpc_chip_15xx\Debug\liblpc_chip_15xx.a(sysinit_15xx.o)
 .debug_macro   0x000084fd      0x260 D:\MCUXpressoIDE_10.2.1_795\lpc_chip_15xx\Debug\liblpc_chip_15xx.a(uart_15xx.o)
 .debug_macro   0x0000875d      0x4fc D:\MCUXpressoIDE_10.2.1_795\FreeRTOS\Debug\libFreeRTOS.a(queue.o)
 .debug_macro   0x00008c59      0xa72 D:\MCUXpressoIDE_10.2.1_795\FreeRTOS\Debug\libFreeRTOS.a(queue.o)
 .debug_macro   0x000096cb      0x10e D:\MCUXpressoIDE_10.2.1_795\FreeRTOS\Debug\libFreeRTOS.a(queue.o)
 .debug_macro   0x000097d9       0x8d D:\MCUXpressoIDE_10.2.1_795\FreeRTOS\Debug\libFreeRTOS.a(queue.o)
 .debug_macro   0x00009866       0x16 D:\MCUXpressoIDE_10.2.1_795\FreeRTOS\Debug\libFreeRTOS.a(queue.o)
 .debug_macro   0x0000987c       0x29 D:\MCUXpressoIDE_10.2.1_795\FreeRTOS\Debug\libFreeRTOS.a(queue.o)
 .debug_macro   0x000098a5       0x11 D:\MCUXpressoIDE_10.2.1_795\FreeRTOS\Debug\libFreeRTOS.a(queue.o)
 .debug_macro   0x000098b6       0x1c D:\MCUXpressoIDE_10.2.1_795\FreeRTOS\Debug\libFreeRTOS.a(queue.o)
 .debug_macro   0x000098d2      0x124 D:\MCUXpressoIDE_10.2.1_795\FreeRTOS\Debug\libFreeRTOS.a(queue.o)
 .debug_macro   0x000099f6      0x574 D:\MCUXpressoIDE_10.2.1_795\FreeRTOS\Debug\libFreeRTOS.a(tasks.o)
 .debug_macro   0x00009f6a       0x91 D:\MCUXpressoIDE_10.2.1_795\FreeRTOS\Debug\libFreeRTOS.a(tasks.o)
 .debug_macro   0x00009ffb       0x10 D:\MCUXpressoIDE_10.2.1_795\FreeRTOS\Debug\libFreeRTOS.a(tasks.o)
 .debug_macro   0x0000a00b       0x16 D:\MCUXpressoIDE_10.2.1_795\FreeRTOS\Debug\libFreeRTOS.a(tasks.o)
 .debug_macro   0x0000a021      0x4b9 D:\MCUXpressoIDE_10.2.1_795\FreeRTOS\Debug\libFreeRTOS.a(timers.o)
 .debug_macro   0x0000a4da      0x491 D:\MCUXpressoIDE_10.2.1_795\FreeRTOS\Debug\libFreeRTOS.a(heap_3.o)
 .debug_macro   0x0000a96b      0x4ff D:\MCUXpressoIDE_10.2.1_795\FreeRTOS\Debug\libFreeRTOS.a(port.o)
 .debug_macro   0x0000ae6a      0x46d D:\MCUXpressoIDE_10.2.1_795\FreeRTOS\Debug\libFreeRTOS.a(FreeRTOSCommonHooks.o)
 .debug_macro   0x0000b2d7      0x476 D:\MCUXpressoIDE_10.2.1_795\FreeRTOS\Debug\libFreeRTOS.a(list.o)

.debug_line     0x00000000     0x9fd0
 .debug_line    0x00000000       0xd5 ./src/cr_startup_lpc15xx.o
 .debug_line    0x000000d5      0xf4f ./src/lab2.3.o
 .debug_line    0x00001024      0x5df ./src/sysinit.o
 .debug_line    0x00001603      0x886 D:\MCUXpressoIDE_10.2.1_795\lpc_board_nxp_lpcxpresso_1549\Debug\liblpc_board_nxp_lpcxpresso_1549.a(board.o)
 .debug_line    0x00001e89      0x75a D:\MCUXpressoIDE_10.2.1_795\lpc_board_nxp_lpcxpresso_1549\Debug\liblpc_board_nxp_lpcxpresso_1549.a(board_sysinit.o)
 .debug_line    0x000025e3      0x552 D:\MCUXpressoIDE_10.2.1_795\lpc_chip_15xx\Debug\liblpc_chip_15xx.a(chip_15xx.o)
 .debug_line    0x00002b35      0x7a6 D:\MCUXpressoIDE_10.2.1_795\lpc_chip_15xx\Debug\liblpc_chip_15xx.a(clock_15xx.o)
 .debug_line    0x000032db      0x5aa D:\MCUXpressoIDE_10.2.1_795\lpc_chip_15xx\Debug\liblpc_chip_15xx.a(gpio_15xx.o)
 .debug_line    0x00003885      0x4f2 D:\MCUXpressoIDE_10.2.1_795\lpc_chip_15xx\Debug\liblpc_chip_15xx.a(iocon_15xx.o)
 .debug_line    0x00003d77      0x51d D:\MCUXpressoIDE_10.2.1_795\lpc_chip_15xx\Debug\liblpc_chip_15xx.a(swm_15xx.o)
 .debug_line    0x00004294      0x554 D:\MCUXpressoIDE_10.2.1_795\lpc_chip_15xx\Debug\liblpc_chip_15xx.a(sysctl_15xx.o)
 .debug_line    0x000047e8      0x587 D:\MCUXpressoIDE_10.2.1_795\lpc_chip_15xx\Debug\liblpc_chip_15xx.a(sysinit_15xx.o)
 .debug_line    0x00004d6f      0x6cc D:\MCUXpressoIDE_10.2.1_795\lpc_chip_15xx\Debug\liblpc_chip_15xx.a(uart_15xx.o)
 .debug_line    0x0000543b      0xd1e D:\MCUXpressoIDE_10.2.1_795\FreeRTOS\Debug\libFreeRTOS.a(queue.o)
 .debug_line    0x00006159     0x1292 D:\MCUXpressoIDE_10.2.1_795\FreeRTOS\Debug\libFreeRTOS.a(tasks.o)
 .debug_line    0x000073eb      0x9fa D:\MCUXpressoIDE_10.2.1_795\FreeRTOS\Debug\libFreeRTOS.a(timers.o)
 .debug_line    0x00007de5      0x7c7 D:\MCUXpressoIDE_10.2.1_795\FreeRTOS\Debug\libFreeRTOS.a(heap_3.o)
 .debug_line    0x000085ac      0x8a1 D:\MCUXpressoIDE_10.2.1_795\FreeRTOS\Debug\libFreeRTOS.a(port.o)
 .debug_line    0x00008e4d      0x80e D:\MCUXpressoIDE_10.2.1_795\FreeRTOS\Debug\libFreeRTOS.a(FreeRTOSCommonHooks.o)
 .debug_line    0x0000965b      0x803 D:\MCUXpressoIDE_10.2.1_795\FreeRTOS\Debug\libFreeRTOS.a(list.o)
 .debug_line    0x00009e5e      0x125 d:/mcuxpressoide_10.2.1_795/ide/tools/bin/../lib/gcc/arm-none-eabi/7.2.1/../../../../arm-none-eabi/lib/thumb/v7-m\libcr_newlib_nohost.a(_cr_sbrk.o)
 .debug_line    0x00009f83       0x4d d:/mcuxpressoide_10.2.1_795/ide/tools/bin/../lib/gcc/arm-none-eabi/7.2.1/../../../../arm-none-eabi/lib/thumb/v7-m\libcr_newlib_nohost.a(_cr_check_heap.o)

.debug_str      0x00000000    0x2722b
 .debug_str     0x00000000     0x31c2 ./src/cr_startup_lpc15xx.o
                               0x3200 (size before relaxing)
 .debug_str     0x000031c2    0x1d203 ./src/lab2.3.o
                              0x20ae7 (size before relaxing)
 .debug_str     0x000203c5      0x2df ./src/sysinit.o
                              0x12996 (size before relaxing)
 .debug_str     0x000206a4     0x16dd D:\MCUXpressoIDE_10.2.1_795\lpc_board_nxp_lpcxpresso_1549\Debug\liblpc_board_nxp_lpcxpresso_1549.a(board.o)
                              0x13f3d (size before relaxing)
 .debug_str     0x00021d81      0x877 D:\MCUXpressoIDE_10.2.1_795\lpc_board_nxp_lpcxpresso_1549\Debug\liblpc_board_nxp_lpcxpresso_1549.a(board_sysinit.o)
                              0x1456d (size before relaxing)
 .debug_str     0x000225f8      0x12c D:\MCUXpressoIDE_10.2.1_795\lpc_chip_15xx\Debug\liblpc_chip_15xx.a(chip_15xx.o)
                               0xfc87 (size before relaxing)
 .debug_str     0x00022724      0x894 D:\MCUXpressoIDE_10.2.1_795\lpc_chip_15xx\Debug\liblpc_chip_15xx.a(clock_15xx.o)
                              0x100a2 (size before relaxing)
 .debug_str     0x00022fb8       0xdf D:\MCUXpressoIDE_10.2.1_795\lpc_chip_15xx\Debug\liblpc_chip_15xx.a(gpio_15xx.o)
                               0xf744 (size before relaxing)
 .debug_str     0x00023097       0x41 D:\MCUXpressoIDE_10.2.1_795\lpc_chip_15xx\Debug\liblpc_chip_15xx.a(iocon_15xx.o)
                               0xf261 (size before relaxing)
 .debug_str     0x000230d8      0x55d D:\MCUXpressoIDE_10.2.1_795\lpc_chip_15xx\Debug\liblpc_chip_15xx.a(swm_15xx.o)
                               0xfc69 (size before relaxing)
 .debug_str     0x00023635      0x183 D:\MCUXpressoIDE_10.2.1_795\lpc_chip_15xx\Debug\liblpc_chip_15xx.a(sysctl_15xx.o)
                               0xf74f (size before relaxing)
 .debug_str     0x000237b8      0x13f D:\MCUXpressoIDE_10.2.1_795\lpc_chip_15xx\Debug\liblpc_chip_15xx.a(sysinit_15xx.o)
                               0xf73d (size before relaxing)
 .debug_str     0x000238f7      0x20f D:\MCUXpressoIDE_10.2.1_795\lpc_chip_15xx\Debug\liblpc_chip_15xx.a(uart_15xx.o)
                               0xf8a0 (size before relaxing)
 .debug_str     0x00023b06      0xa3b D:\MCUXpressoIDE_10.2.1_795\FreeRTOS\Debug\libFreeRTOS.a(queue.o)
                              0x182dc (size before relaxing)
 .debug_str     0x00024541     0x1f25 D:\MCUXpressoIDE_10.2.1_795\FreeRTOS\Debug\libFreeRTOS.a(tasks.o)
                              0x19421 (size before relaxing)
 .debug_str     0x00026466      0x463 D:\MCUXpressoIDE_10.2.1_795\FreeRTOS\Debug\libFreeRTOS.a(timers.o)
                              0x186c7 (size before relaxing)
 .debug_str     0x000268c9       0x61 D:\MCUXpressoIDE_10.2.1_795\FreeRTOS\Debug\libFreeRTOS.a(heap_3.o)
                              0x170a4 (size before relaxing)
 .debug_str     0x0002692a      0x5fe D:\MCUXpressoIDE_10.2.1_795\FreeRTOS\Debug\libFreeRTOS.a(port.o)
                              0x177b0 (size before relaxing)
 .debug_str     0x00026f28       0xc4 D:\MCUXpressoIDE_10.2.1_795\FreeRTOS\Debug\libFreeRTOS.a(FreeRTOSCommonHooks.o)
                              0x17021 (size before relaxing)
 .debug_str     0x00026fec       0x9b D:\MCUXpressoIDE_10.2.1_795\FreeRTOS\Debug\libFreeRTOS.a(list.o)
                              0x16b89 (size before relaxing)
 .debug_str     0x00027087      0x17f d:/mcuxpressoide_10.2.1_795/ide/tools/bin/../lib/gcc/arm-none-eabi/7.2.1/../../../../arm-none-eabi/lib/thumb/v7-m\libcr_newlib_nohost.a(_cr_sbrk.o)
                                0x60e (size before relaxing)
 .debug_str     0x00027206       0x25 d:/mcuxpressoide_10.2.1_795/ide/tools/bin/../lib/gcc/arm-none-eabi/7.2.1/../../../../arm-none-eabi/lib/thumb/v7-m\libcr_newlib_nohost.a(_cr_check_heap.o)
                                0x166 (size before relaxing)

.comment        0x00000000       0x7e
 .comment       0x00000000       0x7e ./src/cr_startup_lpc15xx.o
                                 0x7f (size before relaxing)
 .comment       0x0000007e       0x7f ./src/lab2.3.o
 .comment       0x0000007e       0x7f ./src/sysinit.o
 .comment       0x0000007e       0x7f D:\MCUXpressoIDE_10.2.1_795\lpc_board_nxp_lpcxpresso_1549\Debug\liblpc_board_nxp_lpcxpresso_1549.a(board.o)
 .comment       0x0000007e       0x7f D:\MCUXpressoIDE_10.2.1_795\lpc_board_nxp_lpcxpresso_1549\Debug\liblpc_board_nxp_lpcxpresso_1549.a(board_sysinit.o)
 .comment       0x0000007e       0x7f D:\MCUXpressoIDE_10.2.1_795\lpc_chip_15xx\Debug\liblpc_chip_15xx.a(chip_15xx.o)
 .comment       0x0000007e       0x7f D:\MCUXpressoIDE_10.2.1_795\lpc_chip_15xx\Debug\liblpc_chip_15xx.a(clock_15xx.o)
 .comment       0x0000007e       0x7f D:\MCUXpressoIDE_10.2.1_795\lpc_chip_15xx\Debug\liblpc_chip_15xx.a(gpio_15xx.o)
 .comment       0x0000007e       0x7f D:\MCUXpressoIDE_10.2.1_795\lpc_chip_15xx\Debug\liblpc_chip_15xx.a(iocon_15xx.o)
 .comment       0x0000007e       0x7f D:\MCUXpressoIDE_10.2.1_795\lpc_chip_15xx\Debug\liblpc_chip_15xx.a(swm_15xx.o)
 .comment       0x0000007e       0x7f D:\MCUXpressoIDE_10.2.1_795\lpc_chip_15xx\Debug\liblpc_chip_15xx.a(sysctl_15xx.o)
 .comment       0x0000007e       0x7f D:\MCUXpressoIDE_10.2.1_795\lpc_chip_15xx\Debug\liblpc_chip_15xx.a(sysinit_15xx.o)
 .comment       0x0000007e       0x7f D:\MCUXpressoIDE_10.2.1_795\lpc_chip_15xx\Debug\liblpc_chip_15xx.a(uart_15xx.o)
 .comment       0x0000007e       0x7f D:\MCUXpressoIDE_10.2.1_795\FreeRTOS\Debug\libFreeRTOS.a(queue.o)
 .comment       0x0000007e       0x7f D:\MCUXpressoIDE_10.2.1_795\FreeRTOS\Debug\libFreeRTOS.a(tasks.o)
 .comment       0x0000007e       0x7f D:\MCUXpressoIDE_10.2.1_795\FreeRTOS\Debug\libFreeRTOS.a(timers.o)
 .comment       0x0000007e       0x7f D:\MCUXpressoIDE_10.2.1_795\FreeRTOS\Debug\libFreeRTOS.a(heap_3.o)
 .comment       0x0000007e       0x7f D:\MCUXpressoIDE_10.2.1_795\FreeRTOS\Debug\libFreeRTOS.a(port.o)
 .comment       0x0000007e       0x7f D:\MCUXpressoIDE_10.2.1_795\FreeRTOS\Debug\libFreeRTOS.a(FreeRTOSCommonHooks.o)
 .comment       0x0000007e       0x7f D:\MCUXpressoIDE_10.2.1_795\FreeRTOS\Debug\libFreeRTOS.a(list.o)
 .comment       0x0000007e       0x7f d:/mcuxpressoide_10.2.1_795/ide/tools/bin/../lib/gcc/arm-none-eabi/7.2.1/../../../../arm-none-eabi/lib/thumb/v7-m\libcr_newlib_nohost.a(_cr_sbrk.o)
 .comment       0x0000007e       0x7f d:/mcuxpressoide_10.2.1_795/ide/tools/bin/../lib/gcc/arm-none-eabi/7.2.1/../../../../arm-none-eabi/lib/thumb/v7-m\libcr_newlib_nohost.a(_cr_check_heap.o)

.ARM.attributes
                0x00000000       0x31
 .ARM.attributes
                0x00000000       0x33 ./src/cr_startup_lpc15xx.o
 .ARM.attributes
                0x00000033       0x33 ./src/lab2.3.o
 .ARM.attributes
                0x00000066       0x33 ./src/sysinit.o
 .ARM.attributes
                0x00000099       0x33 D:\MCUXpressoIDE_10.2.1_795\lpc_board_nxp_lpcxpresso_1549\Debug\liblpc_board_nxp_lpcxpresso_1549.a(board.o)
 .ARM.attributes
                0x000000cc       0x33 D:\MCUXpressoIDE_10.2.1_795\lpc_board_nxp_lpcxpresso_1549\Debug\liblpc_board_nxp_lpcxpresso_1549.a(board_sysinit.o)
 .ARM.attributes
                0x000000ff       0x33 D:\MCUXpressoIDE_10.2.1_795\lpc_chip_15xx\Debug\liblpc_chip_15xx.a(chip_15xx.o)
 .ARM.attributes
                0x00000132       0x33 D:\MCUXpressoIDE_10.2.1_795\lpc_chip_15xx\Debug\liblpc_chip_15xx.a(clock_15xx.o)
 .ARM.attributes
                0x00000165       0x33 D:\MCUXpressoIDE_10.2.1_795\lpc_chip_15xx\Debug\liblpc_chip_15xx.a(gpio_15xx.o)
 .ARM.attributes
                0x00000198       0x33 D:\MCUXpressoIDE_10.2.1_795\lpc_chip_15xx\Debug\liblpc_chip_15xx.a(iocon_15xx.o)
 .ARM.attributes
                0x000001cb       0x33 D:\MCUXpressoIDE_10.2.1_795\lpc_chip_15xx\Debug\liblpc_chip_15xx.a(swm_15xx.o)
 .ARM.attributes
                0x000001fe       0x33 D:\MCUXpressoIDE_10.2.1_795\lpc_chip_15xx\Debug\liblpc_chip_15xx.a(sysctl_15xx.o)
 .ARM.attributes
                0x00000231       0x33 D:\MCUXpressoIDE_10.2.1_795\lpc_chip_15xx\Debug\liblpc_chip_15xx.a(sysinit_15xx.o)
 .ARM.attributes
                0x00000264       0x33 D:\MCUXpressoIDE_10.2.1_795\lpc_chip_15xx\Debug\liblpc_chip_15xx.a(uart_15xx.o)
 .ARM.attributes
                0x00000297       0x33 D:\MCUXpressoIDE_10.2.1_795\FreeRTOS\Debug\libFreeRTOS.a(queue.o)
 .ARM.attributes
                0x000002ca       0x33 D:\MCUXpressoIDE_10.2.1_795\FreeRTOS\Debug\libFreeRTOS.a(tasks.o)
 .ARM.attributes
                0x000002fd       0x33 D:\MCUXpressoIDE_10.2.1_795\FreeRTOS\Debug\libFreeRTOS.a(timers.o)
 .ARM.attributes
                0x00000330       0x33 D:\MCUXpressoIDE_10.2.1_795\FreeRTOS\Debug\libFreeRTOS.a(heap_3.o)
 .ARM.attributes
                0x00000363       0x33 D:\MCUXpressoIDE_10.2.1_795\FreeRTOS\Debug\libFreeRTOS.a(port.o)
 .ARM.attributes
                0x00000396       0x33 D:\MCUXpressoIDE_10.2.1_795\FreeRTOS\Debug\libFreeRTOS.a(FreeRTOSCommonHooks.o)
 .ARM.attributes
                0x000003c9       0x33 D:\MCUXpressoIDE_10.2.1_795\FreeRTOS\Debug\libFreeRTOS.a(list.o)
 .ARM.attributes
                0x000003fc       0x1d d:/mcuxpressoide_10.2.1_795/ide/tools/bin/../lib/gcc/arm-none-eabi/7.2.1/thumb/v7-m\libgcc.a(_aeabi_uldivmod.o)
 .ARM.attributes
                0x00000419       0x2d d:/mcuxpressoide_10.2.1_795/ide/tools/bin/../lib/gcc/arm-none-eabi/7.2.1/thumb/v7-m\libgcc.a(_udivmoddi4.o)
 .ARM.attributes
                0x00000446       0x1d d:/mcuxpressoide_10.2.1_795/ide/tools/bin/../lib/gcc/arm-none-eabi/7.2.1/thumb/v7-m\libgcc.a(_dvmd_tls.o)
 .ARM.attributes
                0x00000463       0x2d d:/mcuxpressoide_10.2.1_795/ide/tools/bin/../lib/gcc/arm-none-eabi/7.2.1/../../../../arm-none-eabi/lib/thumb/v7-m\libc.a(lib_a-impure.o)
 .ARM.attributes
                0x00000490       0x2d d:/mcuxpressoide_10.2.1_795/ide/tools/bin/../lib/gcc/arm-none-eabi/7.2.1/../../../../arm-none-eabi/lib/thumb/v7-m\libc.a(lib_a-init.o)
 .ARM.attributes
                0x000004bd       0x2d d:/mcuxpressoide_10.2.1_795/ide/tools/bin/../lib/gcc/arm-none-eabi/7.2.1/../../../../arm-none-eabi/lib/thumb/v7-m\libc.a(lib_a-malloc.o)
 .ARM.attributes
                0x000004ea       0x2d d:/mcuxpressoide_10.2.1_795/ide/tools/bin/../lib/gcc/arm-none-eabi/7.2.1/../../../../arm-none-eabi/lib/thumb/v7-m\libc.a(lib_a-mallocr.o)
 .ARM.attributes
                0x00000517       0x1b d:/mcuxpressoide_10.2.1_795/ide/tools/bin/../lib/gcc/arm-none-eabi/7.2.1/../../../../arm-none-eabi/lib/thumb/v7-m\libc.a(lib_a-memcpy.o)
 .ARM.attributes
                0x00000532       0x2d d:/mcuxpressoide_10.2.1_795/ide/tools/bin/../lib/gcc/arm-none-eabi/7.2.1/../../../../arm-none-eabi/lib/thumb/v7-m\libc.a(lib_a-memset.o)
 .ARM.attributes
                0x0000055f       0x2d d:/mcuxpressoide_10.2.1_795/ide/tools/bin/../lib/gcc/arm-none-eabi/7.2.1/../../../../arm-none-eabi/lib/thumb/v7-m\libc.a(lib_a-mlock.o)
 .ARM.attributes
                0x0000058c       0x2d d:/mcuxpressoide_10.2.1_795/ide/tools/bin/../lib/gcc/arm-none-eabi/7.2.1/../../../../arm-none-eabi/lib/thumb/v7-m\libc.a(lib_a-rand.o)
 .ARM.attributes
                0x000005b9       0x2d d:/mcuxpressoide_10.2.1_795/ide/tools/bin/../lib/gcc/arm-none-eabi/7.2.1/../../../../arm-none-eabi/lib/thumb/v7-m\libc.a(lib_a-reent.o)
 .ARM.attributes
                0x000005e6       0x2d d:/mcuxpressoide_10.2.1_795/ide/tools/bin/../lib/gcc/arm-none-eabi/7.2.1/../../../../arm-none-eabi/lib/thumb/v7-m\libc.a(lib_a-sbrkr.o)
 .ARM.attributes
                0x00000613       0x2d d:/mcuxpressoide_10.2.1_795/ide/tools/bin/../lib/gcc/arm-none-eabi/7.2.1/../../../../arm-none-eabi/lib/thumb/v7-m\libc.a(lib_a-freer.o)
 .ARM.attributes
                0x00000640       0x2d d:/mcuxpressoide_10.2.1_795/ide/tools/bin/../lib/gcc/arm-none-eabi/7.2.1/../../../../arm-none-eabi/lib/thumb/v7-m\libc.a(lib_a-lock.o)
 .ARM.attributes
                0x0000066d       0x33 d:/mcuxpressoide_10.2.1_795/ide/tools/bin/../lib/gcc/arm-none-eabi/7.2.1/../../../../arm-none-eabi/lib/thumb/v7-m\libcr_newlib_nohost.a(_cr_sbrk.o)
 .ARM.attributes
                0x000006a0       0x33 d:/mcuxpressoide_10.2.1_795/ide/tools/bin/../lib/gcc/arm-none-eabi/7.2.1/../../../../arm-none-eabi/lib/thumb/v7-m\libcr_newlib_nohost.a(_cr_check_heap.o)
 .ARM.attributes
                0x000006d3       0x1d d:/mcuxpressoide_10.2.1_795/ide/tools/bin/../lib/gcc/arm-none-eabi/7.2.1/thumb/v7-m\crti.o
 .ARM.attributes
                0x000006f0       0x1d d:/mcuxpressoide_10.2.1_795/ide/tools/bin/../lib/gcc/arm-none-eabi/7.2.1/thumb/v7-m\crtn.o
 .ARM.attributes
                0x0000070d       0x2d d:/mcuxpressoide_10.2.1_795/ide/tools/bin/../lib/gcc/arm-none-eabi/7.2.1/thumb/v7-m\crtbegin.o
 .ARM.attributes
                0x0000073a       0x2d d:/mcuxpressoide_10.2.1_795/ide/tools/bin/../lib/gcc/arm-none-eabi/7.2.1/../../../../arm-none-eabi/lib/thumb/v7-m\libc.a(lib_a-errno.o)
