Archive member included to satisfy reference by file (symbol)

D:\MCUXpressoIDE_10.2.1_795\lpc_board_nxp_lpcxpresso_1549\Debug\liblpc_board_nxp_lpcxpresso_1549.a(board.o)
                              ./src/lab10.2.o (Board_LED_Set)
D:\MCUXpressoIDE_10.2.1_795\lpc_board_nxp_lpcxpresso_1549\Debug\liblpc_board_nxp_lpcxpresso_1549.a(board_sysinit.o)
                              ./src/sysinit.o (Board_SystemInit)
D:\MCUXpressoIDE_10.2.1_795\lpc_chip_15xx\Debug\liblpc_chip_15xx.a(chip_15xx.o)
                              ./src/lab10.2.o (SystemCoreClockUpdate)
D:\MCUXpressoIDE_10.2.1_795\lpc_chip_15xx\Debug\liblpc_chip_15xx.a(clock_15xx.o)
                              D:\MCUXpressoIDE_10.2.1_795\lpc_board_nxp_lpcxpresso_1549\Debug\liblpc_board_nxp_lpcxpresso_1549.a(board.o) (Chip_Clock_GetMainClockRate)
D:\MCUXpressoIDE_10.2.1_795\lpc_chip_15xx\Debug\liblpc_chip_15xx.a(gpio_15xx.o)
                              D:\MCUXpressoIDE_10.2.1_795\lpc_board_nxp_lpcxpresso_1549\Debug\liblpc_board_nxp_lpcxpresso_1549.a(board.o) (Chip_GPIO_Init)
D:\MCUXpressoIDE_10.2.1_795\lpc_chip_15xx\Debug\liblpc_chip_15xx.a(iocon_15xx.o)
                              D:\MCUXpressoIDE_10.2.1_795\lpc_board_nxp_lpcxpresso_1549\Debug\liblpc_board_nxp_lpcxpresso_1549.a(board_sysinit.o) (Chip_IOCON_SetPinMuxing)
D:\MCUXpressoIDE_10.2.1_795\lpc_chip_15xx\Debug\liblpc_chip_15xx.a(sct_15xx.o)
                              ./src/lab10.2.o (Chip_SCT_Init)
D:\MCUXpressoIDE_10.2.1_795\lpc_chip_15xx\Debug\liblpc_chip_15xx.a(swm_15xx.o)
                              ./src/ITM_write.o (Chip_SWM_MovablePinAssign)
D:\MCUXpressoIDE_10.2.1_795\lpc_chip_15xx\Debug\liblpc_chip_15xx.a(sysctl_15xx.o)
                              D:\MCUXpressoIDE_10.2.1_795\lpc_board_nxp_lpcxpresso_1549\Debug\liblpc_board_nxp_lpcxpresso_1549.a(board_sysinit.o) (Chip_SYSCTL_AssertPeriphReset)
D:\MCUXpressoIDE_10.2.1_795\lpc_chip_15xx\Debug\liblpc_chip_15xx.a(sysinit_15xx.o)
                              D:\MCUXpressoIDE_10.2.1_795\lpc_board_nxp_lpcxpresso_1549\Debug\liblpc_board_nxp_lpcxpresso_1549.a(board_sysinit.o) (Chip_SetupXtalClocking)
D:\MCUXpressoIDE_10.2.1_795\lpc_chip_15xx\Debug\liblpc_chip_15xx.a(uart_15xx.o)
                              D:\MCUXpressoIDE_10.2.1_795\lpc_board_nxp_lpcxpresso_1549\Debug\liblpc_board_nxp_lpcxpresso_1549.a(board.o) (Chip_UART_Init)
D:\MCUXpressoIDE_10.2.1_795\lpc_chip_15xx\Debug\liblpc_chip_15xx.a(ring_buffer.o)
                              D:\MCUXpressoIDE_10.2.1_795\lpc_chip_15xx\Debug\liblpc_chip_15xx.a(uart_15xx.o) (RingBuffer_Insert)
D:\MCUXpressoIDE_10.2.1_795\FreeRTOS\Debug\libFreeRTOS.a(tasks.o)
                              ./src/lab10.2.o (xTaskCreate)
D:\MCUXpressoIDE_10.2.1_795\FreeRTOS\Debug\libFreeRTOS.a(timers.o)
                              D:\MCUXpressoIDE_10.2.1_795\FreeRTOS\Debug\libFreeRTOS.a(tasks.o) (xTimerCreateTimerTask)
D:\MCUXpressoIDE_10.2.1_795\FreeRTOS\Debug\libFreeRTOS.a(heap_3.o)
                              D:\MCUXpressoIDE_10.2.1_795\FreeRTOS\Debug\libFreeRTOS.a(tasks.o) (pvPortMalloc)
D:\MCUXpressoIDE_10.2.1_795\FreeRTOS\Debug\libFreeRTOS.a(port.o)
                              D:\MCUXpressoIDE_10.2.1_795\FreeRTOS\Debug\libFreeRTOS.a(tasks.o) (pxPortInitialiseStack)
D:\MCUXpressoIDE_10.2.1_795\FreeRTOS\Debug\libFreeRTOS.a(FreeRTOSCommonHooks.o)
                              D:\MCUXpressoIDE_10.2.1_795\FreeRTOS\Debug\libFreeRTOS.a(heap_3.o) (vApplicationMallocFailedHook)
D:\MCUXpressoIDE_10.2.1_795\FreeRTOS\Debug\libFreeRTOS.a(list.o)
                              D:\MCUXpressoIDE_10.2.1_795\FreeRTOS\Debug\libFreeRTOS.a(tasks.o) (vListInitialise)
D:\MCUXpressoIDE_10.2.1_795\FreeRTOS\Debug\libFreeRTOS.a(queue.o)
                              D:\MCUXpressoIDE_10.2.1_795\FreeRTOS\Debug\libFreeRTOS.a(timers.o) (xQueueGenericCreate)
d:/mcuxpressoide_10.2.1_795/ide/tools/bin/../lib/gcc/arm-none-eabi/7.2.1/thumb/v7-m\libgcc.a(_aeabi_uldivmod.o)
                              D:\MCUXpressoIDE_10.2.1_795\lpc_chip_15xx\Debug\liblpc_chip_15xx.a(clock_15xx.o) (__aeabi_uldivmod)
d:/mcuxpressoide_10.2.1_795/ide/tools/bin/../lib/gcc/arm-none-eabi/7.2.1/thumb/v7-m\libgcc.a(_udivmoddi4.o)
                              d:/mcuxpressoide_10.2.1_795/ide/tools/bin/../lib/gcc/arm-none-eabi/7.2.1/thumb/v7-m\libgcc.a(_aeabi_uldivmod.o) (__udivmoddi4)
d:/mcuxpressoide_10.2.1_795/ide/tools/bin/../lib/gcc/arm-none-eabi/7.2.1/thumb/v7-m\libgcc.a(_dvmd_tls.o)
                              d:/mcuxpressoide_10.2.1_795/ide/tools/bin/../lib/gcc/arm-none-eabi/7.2.1/thumb/v7-m\libgcc.a(_aeabi_uldivmod.o) (__aeabi_ldiv0)
d:/mcuxpressoide_10.2.1_795/ide/tools/bin/../lib/gcc/arm-none-eabi/7.2.1/../../../../arm-none-eabi/lib/thumb/v7-m\libc.a(lib_a-impure.o)
                              D:\MCUXpressoIDE_10.2.1_795\FreeRTOS\Debug\libFreeRTOS.a(tasks.o) (_impure_ptr)
[...]
Memory Configuration

Name             Origin             Length             Attributes
MFlash256        0x00000000         0x00040000         xr
Ram0_16_32       0x02000000         0x00008000         xrw
Ram2_4           0x02008000         0x00001000         xrw
*default*        0x00000000         0xffffffff

Linker script and memory map

LOAD ./src/ITM_write.o
LOAD ./src/cr_cpp_config.o
LOAD ./src/cr_startup_lpc15xx.o
LOAD ./src/crp.o
LOAD ./src/lab10.2.o
LOAD ./src/sysinit.o
LOAD D:\MCUXpressoIDE_10.2.1_795\lpc_board_nxp_lpcxpresso_1549\Debug\liblpc_board_nxp_lpcxpresso_1549.a
LOAD D:\MCUXpressoIDE_10.2.1_795\lpc_chip_15xx\Debug\liblpc_chip_15xx.a
LOAD D:\MCUXpressoIDE_10.2.1_795\FreeRTOS\Debug\libFreeRTOS.a
START GROUP
LOAD d:/mcuxpressoide_10.2.1_795/ide/tools/bin/../lib/gcc/arm-none-eabi/7.2.1/thumb/v7-m\libgcc.a
LOAD d:/mcuxpressoide_10.2.1_795/ide/tools/bin/../lib/gcc/arm-none-eabi/7.2.1/../../../../arm-none-eabi/lib/thumb/v7-m\libc.a
LOAD d:/mcuxpressoide_10.2.1_795/ide/tools/bin/../lib/gcc/arm-none-eabi/7.2.1/../../../../arm-none-eabi/lib/thumb/v7-m\libstdc++.a
LOAD d:/mcuxpressoide_10.2.1_795/ide/tools/bin/../lib/gcc/arm-none-eabi/7.2.1/../../../../arm-none-eabi/lib/thumb/v7-m\libm.a
LOAD d:/mcuxpressoide_10.2.1_795/ide/tools/bin/../lib/gcc/arm-none-eabi/7.2.1/../../../../arm-none-eabi/lib/thumb/v7-m\libcr_newlib_nohost.a
LOAD d:/mcuxpressoide_10.2.1_795/ide/tools/bin/../lib/gcc/arm-none-eabi/7.2.1/thumb/v7-m\crti.o
LOAD d:/mcuxpressoide_10.2.1_795/ide/tools/bin/../lib/gcc/arm-none-eabi/7.2.1/thumb/v7-m\crtn.o
LOAD d:/mcuxpressoide_10.2.1_795/ide/tools/bin/../lib/gcc/arm-none-eabi/7.2.1/thumb/v7-m\crtbegin.o
LOAD d:/mcuxpressoide_10.2.1_795/ide/tools/bin/../lib/gcc/arm-none-eabi/7.2.1/thumb/v7-m\crtend.o
END GROUP
                0x00000000                __base_MFlash256 = 0x0
                0x00000000                __base_Flash = 0x0
                0x00040000                __top_MFlash256 = 0x40000
                0x00040000                __top_Flash = 0x40000
                0x02000000                __base_Ram0_16_32 = 0x2000000
                0x02000000                __base_RAM = 0x2000000
                0x02008000                __top_Ram0_16_32 = 0x2008000
                0x02008000                __top_RAM = 0x2008000
                0x02008000                __base_Ram2_4 = 0x2008000
                0x02008000                __base_RAM2 = 0x2008000
                0x02009000                __top_Ram2_4 = 0x2009000
                0x02009000                __top_RAM2 = 0x2009000

.text           0x00000000     0x3fb4
 FILL mask 0xff
                0x00000000                __vectors_start__ = ABSOLUTE (.)
 *(.isr_vector)
 .isr_vector    0x00000000       0xfc ./src/cr_startup_lpc15xx.o
                0x00000000                g_pfnVectors
                0x000000fc                . = ALIGN (0x4)
                0x000000fc                __section_table_start = .
                0x000000fc                __data_section_table = .
                0x000000fc        0x4 LONG 0x3fbc LOADADDR (.data)
                0x00000100        0x4 LONG 0x2000000 ADDR (.data)
                0x00000104        0x4 LONG 0x840 SIZEOF (.data)
                0x00000108        0x4 LONG 0x3fbc LOADADDR (.data_RAM2)
                0x0000010c        0x4 LONG 0x2008000 ADDR (.data_RAM2)
                0x00000110        0x4 LONG 0x0 SIZEOF (.data_RAM2)
                0x00000114                __data_section_table_end = .
                0x00000114                __bss_section_table = .
                0x00000114        0x4 LONG 0x2000840 ADDR (.bss)
                0x00000118        0x4 LONG 0x258 SIZEOF (.bss)
                0x0000011c        0x4 LONG 0x2008000 ADDR (.bss_RAM2)
                0x00000120        0x4 LONG 0x0 SIZEOF (.bss_RAM2)
                0x00000124                __bss_section_table_end = .
                0x00000124                __section_table_end = .
 *(.after_vectors*)
 .after_vectors
                0x00000124      0x140 ./src/cr_startup_lpc15xx.o
                0x00000124                data_init(unsigned int, unsigned int, unsigned int)
                0x00000166                bss_init(unsigned int, unsigned int)
                0x0000019c                ResetISR
                0x00000228                NMI_Handler
                0x0000022e                HardFault_Handler
                0x00000234                MemManage_Handler
                0x0000023a                BusFault_Handler
                0x00000240                UsageFault_Handler
                0x0000024c                DebugMon_Handler
                0x0000025e                UART1_IRQHandler
                0x0000025e                RTC_WAKE_IRQHandler
                0x0000025e                UART0_IRQHandler
                0x0000025e                MRT_IRQHandler
                0x0000025e                ADC1_THCMP_IRQHandler
                0x0000025e                SPI1_IRQHandler
                0x0000025e                PIN_INT6_IRQHandler
                0x0000025e                IntDefaultHandler
                0x0000025e                PIN_INT4_IRQHandler
                0x0000025e                CAN_IRQHandler
                0x0000025e                RTC_ALARM_IRQHandler
                0x0000025e                ADC1B_IRQHandler
                0x0000025e                ADC1_OVR_IRQHandler
                0x0000025e                USBWakeup_IRQHandler
                0x0000025e                UART2_IRQHandler
                0x0000025e                ADC0_OVR_IRQHandler
                0x0000025e                SCT1_IRQHandler
                0x0000025e                PIN_INT2_IRQHandler
                0x0000025e                USB_FIQHandler
                0x0000025e                SCT3_IRQHandler
                0x0000025e                PIN_INT7_IRQHandler
                0x0000025e                I2C0_IRQHandler
                0x0000025e                PIN_INT1_IRQHandler
                0x0000025e                USB_IRQHandler
                0x0000025e                BOD_IRQHandler
                0x0000025e                ADC0B_IRQHandler
                0x0000025e                ACMP0_IRQHandler
                0x0000025e                RIT_IRQHandler
                0x0000025e                SCT2_IRQHandler
                0x0000025e                WDT_IRQHandler
                0x0000025e                PIN_INT0_IRQHandler
                0x0000025e                QEI_IRQHandler
                0x0000025e                ACMP3_IRQHandler
                0x0000025e                GINT0_IRQHandler
                0x0000025e                DAC_IRQHandler
                0x0000025e                SPI0_IRQHandler
                0x0000025e                EEPROM_IRQHandler
                0x0000025e                ACMP2_IRQHandler
                0x0000025e                PIN_INT5_IRQHandler
                0x0000025e                ADC1A_IRQHandler
                0x0000025e                DMA_IRQHandler
                0x0000025e                PIN_INT3_IRQHandler
                0x0000025e                ACMP1_IRQHandler
                0x0000025e                SCT0_IRQHandler
                0x0000025e                ADC0A_IRQHandler
                0x0000025e                FMC_IRQHandler
                0x0000025e                GINT1_IRQHandler
                0x0000025e                ADC0_THCMP_IRQHandler
 *(.text*)
 .text._ZdlPv   0x00000264       0x16 ./src/cr_cpp_config.o
                0x00000264                operator delete(void*)
 .text.Chip_IOCON_PinMuxSet
                0x0000027a       0x2c ./src/lab10.2.o
 .text.Chip_GPIO_GetPinState
                0x000002a6       0x34 ./src/lab10.2.o
 .text.Chip_GPIO_SetPinDIROutput
                0x000002da       0x3c ./src/lab10.2.o
 .text.Chip_GPIO_SetPinDIRInput
                0x00000316       0x3e ./src/lab10.2.o
 .text._ZN12DigitalIoPinC2EiiNS_7pinModeEb
                0x00000354       0xc0 ./src/lab10.2.o
                0x00000354                DigitalIoPin::DigitalIoPin(int, int, DigitalIoPin::pinMode, bool)
                0x00000354                DigitalIoPin::DigitalIoPin(int, int, DigitalIoPin::pinMode, bool)
 .text._ZN12DigitalIoPinD2Ev
                0x00000414       0x20 ./src/lab10.2.o
                0x00000414                DigitalIoPin::~DigitalIoPin()
                0x00000414                DigitalIoPin::~DigitalIoPin()
 .text._ZN12DigitalIoPinD0Ev
                0x00000434       0x1e ./src/lab10.2.o
                0x00000434                DigitalIoPin::~DigitalIoPin()
 .text._ZN12DigitalIoPin4readEv
                0x00000452       0x28 ./src/lab10.2.o
                0x00000452                DigitalIoPin::read()
 .text._ZL16prvSetupHardwarev
                0x0000047a       0x18 ./src/lab10.2.o
 .text._Z20auto_reload_CallbackPv
                0x00000492       0x18 ./src/lab10.2.o
                0x00000492                auto_reload_Callback(void*)
 *fill*         0x000004aa        0x2 ff
 .text._ZL6vTask1Pv
                0x000004ac       0xa4 ./src/lab10.2.o
 .text.main     0x00000550       0x58 ./src/lab10.2.o
                0x00000550                main
 .text.SystemInit
                0x000005a8        0xc ./src/sysinit.o
                0x000005a8                SystemInit
 .text.Chip_IOCON_PinMuxSet
                0x000005b4       0x2c D:\MCUXpressoIDE_10.2.1_795\lpc_board_nxp_lpcxpresso_1549\Debug\liblpc_board_nxp_lpcxpresso_1549.a(board.o)
 .text.Chip_SWM_MovablePortPinAssign
                0x000005e0       0x30 D:\MCUXpressoIDE_10.2.1_795\lpc_board_nxp_lpcxpresso_1549\Debug\liblpc_board_nxp_lpcxpresso_1549.a(board.o)
 .text.Chip_GPIO_SetPinState
                0x00000610       0x36 D:\MCUXpressoIDE_10.2.1_795\lpc_board_nxp_lpcxpresso_1549\Debug\liblpc_board_nxp_lpcxpresso_1549.a(board.o)
 .text.Chip_GPIO_SetPinDIROutput
                0x00000646       0x3c D:\MCUXpressoIDE_10.2.1_795\lpc_board_nxp_lpcxpresso_1549\Debug\liblpc_board_nxp_lpcxpresso_1549.a(board.o)
 .text.Chip_UART_Enable
                0x00000682       0x1e D:\MCUXpressoIDE_10.2.1_795\lpc_board_nxp_lpcxpresso_1549\Debug\liblpc_board_nxp_lpcxpresso_1549.a(board.o)
 .text.Chip_UART_TXEnable
                0x000006a0       0x1e D:\MCUXpressoIDE_10.2.1_795\lpc_board_nxp_lpcxpresso_1549\Debug\liblpc_board_nxp_lpcxpresso_1549.a(board.o)
 .text.Chip_UART_ConfigData
                0x000006be       0x28 D:\MCUXpressoIDE_10.2.1_795\lpc_board_nxp_lpcxpresso_1549\Debug\liblpc_board_nxp_lpcxpresso_1549.a(board.o)
 *fill*         0x000006e6        0x2 ff
 .text.Board_Debug_Init
                0x000006e8       0x70 D:\MCUXpressoIDE_10.2.1_795\lpc_board_nxp_lpcxpresso_1549\Debug\liblpc_board_nxp_lpcxpresso_1549.a(board.o)
                0x000006e8                Board_Debug_Init
 .text.Board_LED_Init
                0x00000758       0x5c D:\MCUXpressoIDE_10.2.1_795\lpc_board_nxp_lpcxpresso_1549\Debug\liblpc_board_nxp_lpcxpresso_1549.a(board.o)
 .text.Board_LED_Set
                0x000007b4       0x54 D:\MCUXpressoIDE_10.2.1_795\lpc_board_nxp_lpcxpresso_1549\Debug\liblpc_board_nxp_lpcxpresso_1549.a(board.o)
                0x000007b4                Board_LED_Set
 .text.Board_Init
                0x00000808       0x18 D:\MCUXpressoIDE_10.2.1_795\lpc_board_nxp_lpcxpresso_1549\Debug\liblpc_board_nxp_lpcxpresso_1549.a(board.o)
                0x00000808                Board_Init
 .text.Chip_SYSCTL_PeriphReset
                0x00000820       0x22 D:\MCUXpressoIDE_10.2.1_795\lpc_board_nxp_lpcxpresso_1549\Debug\liblpc_board_nxp_lpcxpresso_1549.a(board_sysinit.o)
 *fill*         0x00000842        0x2 ff
 .text.Chip_Clock_SetUSBPLLSource
                0x00000844       0x20 D:\MCUXpressoIDE_10.2.1_795\lpc_board_nxp_lpcxpresso_1549\Debug\liblpc_board_nxp_lpcxpresso_1549.a(board_sysinit.o)
 .text.Chip_Clock_SetupUSBPLL
                0x00000864       0x34 D:\MCUXpressoIDE_10.2.1_795\lpc_board_nxp_lpcxpresso_1549\Debug\liblpc_board_nxp_lpcxpresso_1549.a(board_sysinit.o)
 .text.Chip_Clock_IsUSBPLLLocked
                0x00000898       0x24 D:\MCUXpressoIDE_10.2.1_795\lpc_board_nxp_lpcxpresso_1549\Debug\liblpc_board_nxp_lpcxpresso_1549.a(board_sysinit.o)
 .text.Chip_Clock_SetSysTickClockDiv
                0x000008bc       0x20 D:\MCUXpressoIDE_10.2.1_795\lpc_board_nxp_lpcxpresso_1549\Debug\liblpc_board_nxp_lpcxpresso_1549.a(board_sysinit.o)
 .text.Chip_SWM_MovablePortPinAssign
                0x000008dc       0x30 D:\MCUXpressoIDE_10.2.1_795\lpc_board_nxp_lpcxpresso_1549\Debug\liblpc_board_nxp_lpcxpresso_1549.a(board_sysinit.o)
 .text.Board_SetupMuxing
                0x0000090c       0x80 D:\MCUXpressoIDE_10.2.1_795\lpc_board_nxp_lpcxpresso_1549\Debug\liblpc_board_nxp_lpcxpresso_1549.a(board_sysinit.o)
                0x0000090c                Board_SetupMuxing
 .text.Board_SetupClocking
                0x0000098c       0x3a D:\MCUXpressoIDE_10.2.1_795\lpc_board_nxp_lpcxpresso_1549\Debug\liblpc_board_nxp_lpcxpresso_1549.a(board_sysinit.o)
                0x0000098c                Board_SetupClocking
 *fill*         0x000009c6        0x2 ff
 .text.Board_SystemInit
                0x000009c8       0x1c D:\MCUXpressoIDE_10.2.1_795\lpc_board_nxp_lpcxpresso_1549\Debug\liblpc_board_nxp_lpcxpresso_1549.a(board_sysinit.o)
                0x000009c8                Board_SystemInit
 .text.SystemCoreClockUpdate
                0x000009e4       0x18 D:\MCUXpressoIDE_10.2.1_795\lpc_chip_15xx\Debug\liblpc_chip_15xx.a(chip_15xx.o)
                0x000009e4                SystemCoreClockUpdate
 .text.Chip_Clock_SetMain_A_ClockSource
                0x000009fc       0x20 D:\MCUXpressoIDE_10.2.1_795\lpc_chip_15xx\Debug\liblpc_chip_15xx.a(clock_15xx.o)
 .text.Chip_Clock_GetMain_A_ClockSource
                0x00000a1c       0x18 D:\MCUXpressoIDE_10.2.1_795\lpc_chip_15xx\Debug\liblpc_chip_15xx.a(clock_15xx.o)
 .text.Chip_Clock_SetMain_B_ClockSource
                0x00000a34       0x20 D:\MCUXpressoIDE_10.2.1_795\lpc_chip_15xx\Debug\liblpc_chip_15xx.a(clock_15xx.o)
 .text.Chip_Clock_GetMain_B_ClockSource
                0x00000a54       0x18 D:\MCUXpressoIDE_10.2.1_795\lpc_chip_15xx\Debug\liblpc_chip_15xx.a(clock_15xx.o)
 .text.Chip_Clock_SetUARTFRGDivider
                0x00000a6c       0x20 D:\MCUXpressoIDE_10.2.1_795\lpc_chip_15xx\Debug\liblpc_chip_15xx.a(clock_15xx.o)
 .text.Chip_Clock_GetUARTFRGDivider
                0x00000a8c       0x18 D:\MCUXpressoIDE_10.2.1_795\lpc_chip_15xx\Debug\liblpc_chip_15xx.a(clock_15xx.o)
 .text.Chip_Clock_GetMainOscRate
                0x00000aa4       0x14 D:\MCUXpressoIDE_10.2.1_795\lpc_chip_15xx\Debug\liblpc_chip_15xx.a(clock_15xx.o)
 .text.Chip_Clock_GetIntOscRate
                0x00000ab8       0x14 D:\MCUXpressoIDE_10.2.1_795\lpc_chip_15xx\Debug\liblpc_chip_15xx.a(clock_15xx.o)
 .text.Chip_Clock_GetRTCOscRate
                0x00000acc       0x14 D:\MCUXpressoIDE_10.2.1_795\lpc_chip_15xx\Debug\liblpc_chip_15xx.a(clock_15xx.o)
 .text.Chip_Clock_GetWDTOSCRate
                0x00000ae0       0x14 D:\MCUXpressoIDE_10.2.1_795\lpc_chip_15xx\Debug\liblpc_chip_15xx.a(clock_15xx.o)
 .text.Chip_Clock_GetPLLFreq
                0x00000af4       0x26 D:\MCUXpressoIDE_10.2.1_795\lpc_chip_15xx\Debug\liblpc_chip_15xx.a(clock_15xx.o)
 .text.Chip_Clock_GetPLLInClockRate
                0x00000b1a       0x38 D:\MCUXpressoIDE_10.2.1_795\lpc_chip_15xx\Debug\liblpc_chip_15xx.a(clock_15xx.o)
 *fill*         0x00000b52        0x2 ff
 .text.Chip_Clock_GetSystemPLLInClockRate
                0x00000b54       0x1c D:\MCUXpressoIDE_10.2.1_795\lpc_chip_15xx\Debug\liblpc_chip_15xx.a(clock_15xx.o)
                0x00000b54                Chip_Clock_GetSystemPLLInClockRate
 .text.Chip_Clock_GetSystemPLLOutClockRate
                0x00000b70       0x24 D:\MCUXpressoIDE_10.2.1_795\lpc_chip_15xx\Debug\liblpc_chip_15xx.a(clock_15xx.o)
                0x00000b70                Chip_Clock_GetSystemPLLOutClockRate
 .text.Chip_Clock_GetMain_A_ClockRate
                0x00000b94       0x44 D:\MCUXpressoIDE_10.2.1_795\lpc_chip_15xx\Debug\liblpc_chip_15xx.a(clock_15xx.o)
                0x00000b94                Chip_Clock_GetMain_A_ClockRate
 .text.Chip_Clock_GetMain_B_ClockRate
                0x00000bd8       0x58 D:\MCUXpressoIDE_10.2.1_795\lpc_chip_15xx\Debug\liblpc_chip_15xx.a(clock_15xx.o)
                0x00000bd8                Chip_Clock_GetMain_B_ClockRate
 .text.Chip_Clock_SetMainClockSource
                0x00000c30       0x3c D:\MCUXpressoIDE_10.2.1_795\lpc_chip_15xx\Debug\liblpc_chip_15xx.a(clock_15xx.o)
                0x00000c30                Chip_Clock_SetMainClockSource
 .text.Chip_Clock_GetMainClockRate
                0x00000c6c       0x28 D:\MCUXpressoIDE_10.2.1_795\lpc_chip_15xx\Debug\liblpc_chip_15xx.a(clock_15xx.o)
                0x00000c6c                Chip_Clock_GetMainClockRate
 .text.Chip_Clock_EnablePeriphClock
                0x00000c94       0x58 D:\MCUXpressoIDE_10.2.1_795\lpc_chip_15xx\Debug\liblpc_chip_15xx.a(clock_15xx.o)
                0x00000c94                Chip_Clock_EnablePeriphClock
 .text.Chip_Clock_GetUARTBaseClockRate
                0x00000cec       0x8c D:\MCUXpressoIDE_10.2.1_795\lpc_chip_15xx\Debug\liblpc_chip_15xx.a(clock_15xx.o)
                0x00000cec                Chip_Clock_GetUARTBaseClockRate
 .text.Chip_Clock_SetUARTBaseClockRate
                0x00000d78       0xa4 D:\MCUXpressoIDE_10.2.1_795\lpc_chip_15xx\Debug\liblpc_chip_15xx.a(clock_15xx.o)
                0x00000d78                Chip_Clock_SetUARTBaseClockRate
 .text.Chip_Clock_GetSystemClockRate
                0x00000e1c       0x1c D:\MCUXpressoIDE_10.2.1_795\lpc_chip_15xx\Debug\liblpc_chip_15xx.a(clock_15xx.o)
                0x00000e1c                Chip_Clock_GetSystemClockRate
 .text.Chip_SYSCTL_PeriphReset
                0x00000e38       0x22 D:\MCUXpressoIDE_10.2.1_795\lpc_chip_15xx\Debug\liblpc_chip_15xx.a(gpio_15xx.o)
 .text.Chip_GPIO_Init
                0x00000e5a       0x2e D:\MCUXpressoIDE_10.2.1_795\lpc_chip_15xx\Debug\liblpc_chip_15xx.a(gpio_15xx.o)
                0x00000e5a                Chip_GPIO_Init
 .text.Chip_IOCON_PinMuxSet
                0x00000e88       0x2c D:\MCUXpressoIDE_10.2.1_795\lpc_chip_15xx\Debug\liblpc_chip_15xx.a(iocon_15xx.o)
 .text.Chip_IOCON_SetPinMuxing
                0x00000eb4       0x4e D:\MCUXpressoIDE_10.2.1_795\lpc_chip_15xx\Debug\liblpc_chip_15xx.a(iocon_15xx.o)
                0x00000eb4                Chip_IOCON_SetPinMuxing
 *fill*         0x00000f02        0x2 ff
 .text.Chip_SWM_MovablePinAssign
                0x00000f04       0x5c D:\MCUXpressoIDE_10.2.1_795\lpc_chip_15xx\Debug\liblpc_chip_15xx.a(swm_15xx.o)
                0x00000f04                Chip_SWM_MovablePinAssign
 .text.Chip_SYSCTL_AssertPeriphReset
                0x00000f60       0x4c D:\MCUXpressoIDE_10.2.1_795\lpc_chip_15xx\Debug\liblpc_chip_15xx.a(sysctl_15xx.o)
                0x00000f60                Chip_SYSCTL_AssertPeriphReset
 .text.Chip_SYSCTL_DeassertPeriphReset
                0x00000fac       0x50 D:\MCUXpressoIDE_10.2.1_795\lpc_chip_15xx\Debug\liblpc_chip_15xx.a(sysctl_15xx.o)
                0x00000fac                Chip_SYSCTL_DeassertPeriphReset
 .text.Chip_SYSCTL_PowerDown
                0x00000ffc       0x40 D:\MCUXpressoIDE_10.2.1_795\lpc_chip_15xx\Debug\liblpc_chip_15xx.a(sysctl_15xx.o)
                0x00000ffc                Chip_SYSCTL_PowerDown
 .text.Chip_SYSCTL_PowerUp
                0x0000103c       0x40 D:\MCUXpressoIDE_10.2.1_795\lpc_chip_15xx\Debug\liblpc_chip_15xx.a(sysctl_15xx.o)
                0x0000103c                Chip_SYSCTL_PowerUp
 .text.Chip_FMC_SetFLASHAccess
                0x0000107c       0x38 D:\MCUXpressoIDE_10.2.1_795\lpc_chip_15xx\Debug\liblpc_chip_15xx.a(sysinit_15xx.o)
 .text.Chip_Clock_SetSystemPLLSource
                0x000010b4       0x20 D:\MCUXpressoIDE_10.2.1_795\lpc_chip_15xx\Debug\liblpc_chip_15xx.a(sysinit_15xx.o)
 .text.Chip_Clock_SetupSystemPLL
                0x000010d4       0x34 D:\MCUXpressoIDE_10.2.1_795\lpc_chip_15xx\Debug\liblpc_chip_15xx.a(sysinit_15xx.o)
 .text.Chip_Clock_IsSystemPLLLocked
                0x00001108       0x24 D:\MCUXpressoIDE_10.2.1_795\lpc_chip_15xx\Debug\liblpc_chip_15xx.a(sysinit_15xx.o)
 .text.Chip_Clock_SetSysClockDiv
                0x0000112c       0x20 D:\MCUXpressoIDE_10.2.1_795\lpc_chip_15xx\Debug\liblpc_chip_15xx.a(sysinit_15xx.o)
 .text.Chip_SetupXtalClocking
                0x0000114c       0x6c D:\MCUXpressoIDE_10.2.1_795\lpc_chip_15xx\Debug\liblpc_chip_15xx.a(sysinit_15xx.o)
                0x0000114c                Chip_SetupXtalClocking
 .text.Chip_SYSCTL_PeriphReset
                0x000011b8       0x22 D:\MCUXpressoIDE_10.2.1_795\lpc_chip_15xx\Debug\liblpc_chip_15xx.a(uart_15xx.o)
 *fill*         0x000011da        0x2 ff
 .text.getUARTClockID
                0x000011dc       0x34 D:\MCUXpressoIDE_10.2.1_795\lpc_chip_15xx\Debug\liblpc_chip_15xx.a(uart_15xx.o)
 .text.Chip_UART_Init
                0x00001210       0x4c D:\MCUXpressoIDE_10.2.1_795\lpc_chip_15xx\Debug\liblpc_chip_15xx.a(uart_15xx.o)
                0x00001210                Chip_UART_Init
 .text.Chip_UART_SetBaud
                0x0000125c       0x2a D:\MCUXpressoIDE_10.2.1_795\lpc_chip_15xx\Debug\liblpc_chip_15xx.a(uart_15xx.o)
                0x0000125c                Chip_UART_SetBaud
 .text.xTaskCreate
                0x00001286       0x84 D:\MCUXpressoIDE_10.2.1_795\FreeRTOS\Debug\libFreeRTOS.a(tasks.o)
                0x00001286                xTaskCreate
 .text.prvInitialiseNewTask
                0x0000130a      0x17e D:\MCUXpressoIDE_10.2.1_795\FreeRTOS\Debug\libFreeRTOS.a(tasks.o)
 .text.prvAddNewTaskToReadyList
                0x00001488       0xdc D:\MCUXpressoIDE_10.2.1_795\FreeRTOS\Debug\libFreeRTOS.a(tasks.o)
 .text.vTaskDelay
                0x00001564       0x48 D:\MCUXpressoIDE_10.2.1_795\FreeRTOS\Debug\libFreeRTOS.a(tasks.o)
                0x00001564                vTaskDelay
 .text.vTaskStartScheduler
                0x000015ac       0xac D:\MCUXpressoIDE_10.2.1_795\FreeRTOS\Debug\libFreeRTOS.a(tasks.o)
                0x000015ac                vTaskStartScheduler
 .text.vTaskSuspendAll
                0x00001658       0x1c D:\MCUXpressoIDE_10.2.1_795\FreeRTOS\Debug\libFreeRTOS.a(tasks.o)
                0x00001658                vTaskSuspendAll
 .text.xTaskResumeAll
                0x00001674      0x11c D:\MCUXpressoIDE_10.2.1_795\FreeRTOS\Debug\libFreeRTOS.a(tasks.o)
                0x00001674                xTaskResumeAll
 .text.xTaskGetTickCount
                0x00001790       0x1c D:\MCUXpressoIDE_10.2.1_795\FreeRTOS\Debug\libFreeRTOS.a(tasks.o)
                0x00001790                xTaskGetTickCount
 .text.xTaskIncrementTick
                0x000017ac      0x158 D:\MCUXpressoIDE_10.2.1_795\FreeRTOS\Debug\libFreeRTOS.a(tasks.o)
                0x000017ac                xTaskIncrementTick
 .text.vTaskSwitchContext
                0x00001904      0x120 D:\MCUXpressoIDE_10.2.1_795\FreeRTOS\Debug\libFreeRTOS.a(tasks.o)
                0x00001904                vTaskSwitchContext
 .text.vTaskPlaceOnEventList
                0x00001a24       0x2c D:\MCUXpressoIDE_10.2.1_795\FreeRTOS\Debug\libFreeRTOS.a(tasks.o)
                0x00001a24                vTaskPlaceOnEventList
 .text.vTaskPlaceOnEventListRestricted
                0x00001a50       0x3c D:\MCUXpressoIDE_10.2.1_795\FreeRTOS\Debug\libFreeRTOS.a(tasks.o)
                0x00001a50                vTaskPlaceOnEventListRestricted
 .text.xTaskRemoveFromEventList
                0x00001a8c       0xa8 D:\MCUXpressoIDE_10.2.1_795\FreeRTOS\Debug\libFreeRTOS.a(tasks.o)
                0x00001a8c                xTaskRemoveFromEventList
 .text.vTaskInternalSetTimeOutState
                0x00001b34       0x2c D:\MCUXpressoIDE_10.2.1_795\FreeRTOS\Debug\libFreeRTOS.a(tasks.o)
                0x00001b34                vTaskInternalSetTimeOutState
 .text.xTaskCheckForTimeOut
                0x00001b60       0x8c D:\MCUXpressoIDE_10.2.1_795\FreeRTOS\Debug\libFreeRTOS.a(tasks.o)
                0x00001b60                xTaskCheckForTimeOut
 .text.vTaskMissedYield
                0x00001bec       0x18 D:\MCUXpressoIDE_10.2.1_795\FreeRTOS\Debug\libFreeRTOS.a(tasks.o)
                0x00001bec                vTaskMissedYield
 .text.prvIdleTask
                0x00001c04        0xe D:\MCUXpressoIDE_10.2.1_795\FreeRTOS\Debug\libFreeRTOS.a(tasks.o)
 *fill*         0x00001c12        0x2 ff
 .text.prvInitialiseTaskLists
                0x00001c14       0x80 D:\MCUXpressoIDE_10.2.1_795\FreeRTOS\Debug\libFreeRTOS.a(tasks.o)
 .text.prvCheckTasksWaitingTermination
                0x00001c94       0x58 D:\MCUXpressoIDE_10.2.1_795\FreeRTOS\Debug\libFreeRTOS.a(tasks.o)
 .text.prvDeleteTCB
                0x00001cec       0x2a D:\MCUXpressoIDE_10.2.1_795\FreeRTOS\Debug\libFreeRTOS.a(tasks.o)
 *fill*         0x00001d16        0x2 ff
 .text.prvResetNextTaskUnblockTime
                0x00001d18       0x48 D:\MCUXpressoIDE_10.2.1_795\FreeRTOS\Debug\libFreeRTOS.a(tasks.o)
 .text.xTaskGetSchedulerState
                0x00001d60       0x3c D:\MCUXpressoIDE_10.2.1_795\FreeRTOS\Debug\libFreeRTOS.a(tasks.o)
                0x00001d60                xTaskGetSchedulerState
 .text.xTaskPriorityDisinherit
                0x00001d9c       0xc8 D:\MCUXpressoIDE_10.2.1_795\FreeRTOS\Debug\libFreeRTOS.a(tasks.o)
                0x00001d9c                xTaskPriorityDisinherit
 .text.prvAddCurrentTaskToDelayedList
                0x00001e64       0xcc D:\MCUXpressoIDE_10.2.1_795\FreeRTOS\Debug\libFreeRTOS.a(tasks.o)
 .text.xTimerCreateTimerTask
                0x00001f30       0x48 D:\MCUXpressoIDE_10.2.1_795\FreeRTOS\Debug\libFreeRTOS.a(timers.o)
                0x00001f30                xTimerCreateTimerTask
 .text.xTimerCreate
                0x00001f78       0x3a D:\MCUXpressoIDE_10.2.1_795\FreeRTOS\Debug\libFreeRTOS.a(timers.o)
                0x00001f78                xTimerCreate
 .text.prvInitialiseNewTimer
                0x00001fb2       0x48 D:\MCUXpressoIDE_10.2.1_795\FreeRTOS\Debug\libFreeRTOS.a(timers.o)
 *fill*         0x00001ffa        0x2 ff
 .text.xTimerGenericCommand
                0x00001ffc       0x80 D:\MCUXpressoIDE_10.2.1_795\FreeRTOS\Debug\libFreeRTOS.a(timers.o)
                0x00001ffc                xTimerGenericCommand
 .text.prvProcessExpiredTimer
                0x0000207c       0x64 D:\MCUXpressoIDE_10.2.1_795\FreeRTOS\Debug\libFreeRTOS.a(timers.o)
 .text.prvTimerTask
                0x000020e0       0x24 D:\MCUXpressoIDE_10.2.1_795\FreeRTOS\Debug\libFreeRTOS.a(timers.o)
 .text.prvProcessTimerOrBlockTask
                0x00002104       0x9c D:\MCUXpressoIDE_10.2.1_795\FreeRTOS\Debug\libFreeRTOS.a(timers.o)
 .text.prvGetNextExpireTime
                0x000021a0       0x48 D:\MCUXpressoIDE_10.2.1_795\FreeRTOS\Debug\libFreeRTOS.a(timers.o)
 .text.prvSampleTimeNow
                0x000021e8       0x40 D:\MCUXpressoIDE_10.2.1_795\FreeRTOS\Debug\libFreeRTOS.a(timers.o)
 .text.prvInsertTimerInActiveList
                0x00002228       0x84 D:\MCUXpressoIDE_10.2.1_795\FreeRTOS\Debug\libFreeRTOS.a(timers.o)
 .text.prvProcessReceivedCommands
                0x000022ac       0xec D:\MCUXpressoIDE_10.2.1_795\FreeRTOS\Debug\libFreeRTOS.a(timers.o)
 .text.prvSwitchTimerLists
                0x00002398       0xa8 D:\MCUXpressoIDE_10.2.1_795\FreeRTOS\Debug\libFreeRTOS.a(timers.o)
 .text.prvCheckForValidListAndQueue
                0x00002440       0x6c D:\MCUXpressoIDE_10.2.1_795\FreeRTOS\Debug\libFreeRTOS.a(timers.o)
 .text.pvPortMalloc
                0x000024ac       0x2c D:\MCUXpressoIDE_10.2.1_795\FreeRTOS\Debug\libFreeRTOS.a(heap_3.o)
                0x000024ac                pvPortMalloc
 .text.vPortFree
                0x000024d8       0x24 D:\MCUXpressoIDE_10.2.1_795\FreeRTOS\Debug\libFreeRTOS.a(heap_3.o)
                0x000024d8                vPortFree
 .text.pxPortInitialiseStack
                0x000024fc       0x58 D:\MCUXpressoIDE_10.2.1_795\FreeRTOS\Debug\libFreeRTOS.a(port.o)
                0x000024fc                pxPortInitialiseStack
 .text.prvTaskExitError
                0x00002554       0x2e D:\MCUXpressoIDE_10.2.1_795\FreeRTOS\Debug\libFreeRTOS.a(port.o)
 *fill*         0x00002582        0xe ff
 .text.SVC_Handler
                0x00002590       0x28 D:\MCUXpressoIDE_10.2.1_795\FreeRTOS\Debug\libFreeRTOS.a(port.o)
                0x00002590                SVC_Handler
 .text.prvPortStartFirstTask
                0x000025b8       0x20 D:\MCUXpressoIDE_10.2.1_795\FreeRTOS\Debug\libFreeRTOS.a(port.o)
 .text.xPortStartScheduler
                0x000025d8       0x40 D:\MCUXpressoIDE_10.2.1_795\FreeRTOS\Debug\libFreeRTOS.a(port.o)
                0x000025d8                xPortStartScheduler
 .text.vPortEnterCritical
                0x00002618       0x30 D:\MCUXpressoIDE_10.2.1_795\FreeRTOS\Debug\libFreeRTOS.a(port.o)
                0x00002618                vPortEnterCritical
 .text.vPortExitCritical
                0x00002648       0x30 D:\MCUXpressoIDE_10.2.1_795\FreeRTOS\Debug\libFreeRTOS.a(port.o)
                0x00002648                vPortExitCritical
 *fill*         0x00002678        0x8 ff
 .text.PendSV_Handler
                0x00002680       0x48 D:\MCUXpressoIDE_10.2.1_795\FreeRTOS\Debug\libFreeRTOS.a(port.o)
                0x00002680                PendSV_Handler
 .text.SysTick_Handler
                0x000026c8       0x40 D:\MCUXpressoIDE_10.2.1_795\FreeRTOS\Debug\libFreeRTOS.a(port.o)
                0x000026c8                SysTick_Handler
 .text.vPortSetupTimerInterrupt
                0x00002708       0x44 D:\MCUXpressoIDE_10.2.1_795\FreeRTOS\Debug\libFreeRTOS.a(port.o)
                0x00002708                vPortSetupTimerInterrupt
 .text.vApplicationMallocFailedHook
                0x0000274c       0x1c D:\MCUXpressoIDE_10.2.1_795\FreeRTOS\Debug\libFreeRTOS.a(FreeRTOSCommonHooks.o)
                0x0000274c                vApplicationMallocFailedHook
 .text.vApplicationStackOverflowHook
                0x00002768       0x20 D:\MCUXpressoIDE_10.2.1_795\FreeRTOS\Debug\libFreeRTOS.a(FreeRTOSCommonHooks.o)
                0x00002768                vApplicationStackOverflowHook
 .text.vListInitialise
                0x00002788       0x3e D:\MCUXpressoIDE_10.2.1_795\FreeRTOS\Debug\libFreeRTOS.a(list.o)
                0x00002788                vListInitialise
 .text.vListInitialiseItem
                0x000027c6       0x18 D:\MCUXpressoIDE_10.2.1_795\FreeRTOS\Debug\libFreeRTOS.a(list.o)
                0x000027c6                vListInitialiseItem
 .text.vListInsertEnd
                0x000027de       0x46 D:\MCUXpressoIDE_10.2.1_795\FreeRTOS\Debug\libFreeRTOS.a(list.o)
                0x000027de                vListInsertEnd
 .text.vListInsert
                0x00002824       0x70 D:\MCUXpressoIDE_10.2.1_795\FreeRTOS\Debug\libFreeRTOS.a(list.o)
                0x00002824                vListInsert
 .text.uxListRemove
                0x00002894       0x52 D:\MCUXpressoIDE_10.2.1_795\FreeRTOS\Debug\libFreeRTOS.a(list.o)
                0x00002894                uxListRemove
 *fill*         0x000028e6        0x2 ff
 .text.xQueueGenericReset
                0x000028e8       0xb4 D:\MCUXpressoIDE_10.2.1_795\FreeRTOS\Debug\libFreeRTOS.a(queue.o)
                0x000028e8                xQueueGenericReset
 .text.xQueueGenericCreate
                0x0000299c       0x58 D:\MCUXpressoIDE_10.2.1_795\FreeRTOS\Debug\libFreeRTOS.a(queue.o)
                0x0000299c                xQueueGenericCreate
 .text.prvInitialiseNewQueue
                0x000029f4       0x46 D:\MCUXpressoIDE_10.2.1_795\FreeRTOS\Debug\libFreeRTOS.a(queue.o)
 *fill*         0x00002a3a        0x2 ff
 .text.xQueueGenericSend
                0x00002a3c      0x154 D:\MCUXpressoIDE_10.2.1_795\FreeRTOS\Debug\libFreeRTOS.a(queue.o)
                0x00002a3c                xQueueGenericSend
 .text.xQueueGenericSendFromISR
                0x00002b90       0xb2 D:\MCUXpressoIDE_10.2.1_795\FreeRTOS\Debug\libFreeRTOS.a(queue.o)
                0x00002b90                xQueueGenericSendFromISR
 *fill*         0x00002c42        0x2 ff
 .text.xQueueReceive
                0x00002c44      0x144 D:\MCUXpressoIDE_10.2.1_795\FreeRTOS\Debug\libFreeRTOS.a(queue.o)
                0x00002c44                xQueueReceive
 .text.prvCopyDataToQueue
                0x00002d88       0xd4 D:\MCUXpressoIDE_10.2.1_795\FreeRTOS\Debug\libFreeRTOS.a(queue.o)
 .text.prvCopyDataFromQueue
                0x00002e5c       0x4c D:\MCUXpressoIDE_10.2.1_795\FreeRTOS\Debug\libFreeRTOS.a(queue.o)
 .text.prvUnlockQueue
                0x00002ea8       0xa4 D:\MCUXpressoIDE_10.2.1_795\FreeRTOS\Debug\libFreeRTOS.a(queue.o)
 .text.prvIsQueueEmpty
                0x00002f4c       0x2c D:\MCUXpressoIDE_10.2.1_795\FreeRTOS\Debug\libFreeRTOS.a(queue.o)
 .text.prvIsQueueFull
                0x00002f78       0x30 D:\MCUXpressoIDE_10.2.1_795\FreeRTOS\Debug\libFreeRTOS.a(queue.o)
 .text.vQueueAddToRegistry
                0x00002fa8       0x50 D:\MCUXpressoIDE_10.2.1_795\FreeRTOS\Debug\libFreeRTOS.a(queue.o)
                0x00002fa8                vQueueAddToRegistry
 .text.vQueueWaitForMessageRestricted
                0x00002ff8       0x68 D:\MCUXpressoIDE_10.2.1_795\FreeRTOS\Debug\libFreeRTOS.a(queue.o)
                0x00002ff8                vQueueWaitForMessageRestricted
 .text          0x00003060       0x30 d:/mcuxpressoide_10.2.1_795/ide/tools/bin/../lib/gcc/arm-none-eabi/7.2.1/thumb/v7-m\libgcc.a(_aeabi_uldivmod.o)
                0x00003060                __aeabi_uldivmod
 .text          0x00003090      0x2d0 d:/mcuxpressoide_10.2.1_795/ide/tools/bin/../lib/gcc/arm-none-eabi/7.2.1/thumb/v7-m\libgcc.a(_udivmoddi4.o)
                0x00003090                __udivmoddi4
 .text          0x00003360        0x4 d:/mcuxpressoide_10.2.1_795/ide/tools/bin/../lib/gcc/arm-none-eabi/7.2.1/thumb/v7-m\libgcc.a(_dvmd_tls.o)
                0x00003360                __aeabi_idiv0
                0x00003360                __aeabi_ldiv0
 .text.__libc_init_array
                0x00003364       0x48 d:/mcuxpressoide_10.2.1_795/ide/tools/bin/../lib/gcc/arm-none-eabi/7.2.1/../../../../arm-none-eabi/lib/thumb/v7-m\libc.a(lib_a-init.o)
                0x00003364                __libc_init_array
 .text.malloc   0x000033ac       0x10 d:/mcuxpressoide_10.2.1_795/ide/tools/bin/../lib/gcc/arm-none-eabi/7.2.1/../../../../arm-none-eabi/lib/thumb/v7-m\libc.a(lib_a-malloc.o)
                0x000033ac                malloc
 .text.free     0x000033bc       0x10 d:/mcuxpressoide_10.2.1_795/ide/tools/bin/../lib/gcc/arm-none-eabi/7.2.1/../../../../arm-none-eabi/lib/thumb/v7-m\libc.a(lib_a-malloc.o)
                0x000033bc                free
 .text._malloc_r
                0x000033cc      0x524 d:/mcuxpressoide_10.2.1_795/ide/tools/bin/../lib/gcc/arm-none-eabi/7.2.1/../../../../arm-none-eabi/lib/thumb/v7-m\libc.a(lib_a-mallocr.o)
                0x000033cc                _malloc_r
 .text          0x000038f0       0xec d:/mcuxpressoide_10.2.1_795/ide/tools/bin/../lib/gcc/arm-none-eabi/7.2.1/../../../../arm-none-eabi/lib/thumb/v7-m\libc.a(lib_a-memcpy.o)
                0x000038f0                memcpy
 .text.memset   0x000039dc       0x94 d:/mcuxpressoide_10.2.1_795/ide/tools/bin/../lib/gcc/arm-none-eabi/7.2.1/../../../../arm-none-eabi/lib/thumb/v7-m\libc.a(lib_a-memset.o)
                0x000039dc                memset
 .text.__malloc_lock
                0x00003a70        0xc d:/mcuxpressoide_10.2.1_795/ide/tools/bin/../lib/gcc/arm-none-eabi/7.2.1/../../../../arm-none-eabi/lib/thumb/v7-m\libc.a(lib_a-mlock.o)
                0x00003a70                __malloc_lock
 .text.__malloc_unlock
                0x00003a7c        0xc d:/mcuxpressoide_10.2.1_795/ide/tools/bin/../lib/gcc/arm-none-eabi/7.2.1/../../../../arm-none-eabi/lib/thumb/v7-m\libc.a(lib_a-mlock.o)
                0x00003a7c                __malloc_unlock
 .text.cleanup_glue
                0x00003a88       0x28 d:/mcuxpressoide_10.2.1_795/ide/tools/bin/../lib/gcc/arm-none-eabi/7.2.1/../../../../arm-none-eabi/lib/thumb/v7-m\libc.a(lib_a-reent.o)
                0x00003a88                cleanup_glue
 .text._reclaim_reent
                0x00003ab0       0x88 d:/mcuxpressoide_10.2.1_795/ide/tools/bin/../lib/gcc/arm-none-eabi/7.2.1/../../../../arm-none-eabi/lib/thumb/v7-m\libc.a(lib_a-reent.o)
                0x00003ab0                _reclaim_reent
 .text._sbrk_r  0x00003b38       0x24 d:/mcuxpressoide_10.2.1_795/ide/tools/bin/../lib/gcc/arm-none-eabi/7.2.1/../../../../arm-none-eabi/lib/thumb/v7-m\libc.a(lib_a-sbrkr.o)
                0x00003b38                _sbrk_r
 .text._malloc_trim_r
                0x00003b5c       0xa0 d:/mcuxpressoide_10.2.1_795/ide/tools/bin/../lib/gcc/arm-none-eabi/7.2.1/../../../../arm-none-eabi/lib/thumb/v7-m\libc.a(lib_a-freer.o)
                0x00003b5c                _malloc_trim_r
 .text._free_r  0x00003bfc      0x1e8 d:/mcuxpressoide_10.2.1_795/ide/tools/bin/../lib/gcc/arm-none-eabi/7.2.1/../../../../arm-none-eabi/lib/thumb/v7-m\libc.a(lib_a-freer.o)
                0x00003bfc                _free_r
 .text.__retarget_lock_acquire_recursive
                0x00003de4        0x4 d:/mcuxpressoide_10.2.1_795/ide/tools/bin/../lib/gcc/arm-none-eabi/7.2.1/../../../../arm-none-eabi/lib/thumb/v7-m\libc.a(lib_a-lock.o)
                0x00003de4                __retarget_lock_acquire_recursive
 .text.__retarget_lock_release_recursive
                0x00003de8        0x4 d:/mcuxpressoide_10.2.1_795/ide/tools/bin/../lib/gcc/arm-none-eabi/7.2.1/../../../../arm-none-eabi/lib/thumb/v7-m\libc.a(lib_a-lock.o)
                0x00003de8                __retarget_lock_release_recursive
 .text._sbrk    0x00003dec       0x3c d:/mcuxpressoide_10.2.1_795/ide/tools/bin/../lib/gcc/arm-none-eabi/7.2.1/../../../../arm-none-eabi/lib/thumb/v7-m\libcr_newlib_nohost.a(_cr_sbrk.o)
                0x00003dec                _sbrk
 .text.__check_heap_overflow
                0x00003e28       0x18 d:/mcuxpressoide_10.2.1_795/ide/tools/bin/../lib/gcc/arm-none-eabi/7.2.1/../../../../arm-none-eabi/lib/thumb/v7-m\libcr_newlib_nohost.a(_cr_check_heap.o)
                0x00003e28                __check_heap_overflow
 .text          0x00003e40       0x40 d:/mcuxpressoide_10.2.1_795/ide/tools/bin/../lib/gcc/arm-none-eabi/7.2.1/thumb/v7-m\crtbegin.o
 .text.__errno  0x00003e80        0xc d:/mcuxpressoide_10.2.1_795/ide/tools/bin/../lib/gcc/arm-none-eabi/7.2.1/../../../../arm-none-eabi/lib/thumb/v7-m\libc.a(lib_a-errno.o)
                0x00003e80                __errno
 *(.rodata .rodata.* .constdata .constdata.*)
 .rodata        0x00003e8c       0x1a ./src/lab10.2.o
 *fill*         0x00003ea6        0x2 ff
 .rodata._ZTV12DigitalIoPin
                0x00003ea8       0x14 ./src/lab10.2.o
                0x00003ea8                vtable for DigitalIoPin
 .rodata.OscRateIn
                0x00003ebc        0x4 D:\MCUXpressoIDE_10.2.1_795\lpc_board_nxp_lpcxpresso_1549\Debug\liblpc_board_nxp_lpcxpresso_1549.a(board.o)
                0x00003ebc                OscRateIn
 .rodata.RTCOscRateIn
                0x00003ec0        0x4 D:\MCUXpressoIDE_10.2.1_795\lpc_board_nxp_lpcxpresso_1549\Debug\liblpc_board_nxp_lpcxpresso_1549.a(board.o)
                0x00003ec0                RTCOscRateIn
 .rodata.ledpins
                0x00003ec4        0x3 D:\MCUXpressoIDE_10.2.1_795\lpc_board_nxp_lpcxpresso_1549\Debug\liblpc_board_nxp_lpcxpresso_1549.a(board.o)
 *fill*         0x00003ec7        0x1 ff
 .rodata.ledports
                0x00003ec8        0x3 D:\MCUXpressoIDE_10.2.1_795\lpc_board_nxp_lpcxpresso_1549\Debug\liblpc_board_nxp_lpcxpresso_1549.a(board.o)
 *fill*         0x00003ecb        0x1 ff
 .rodata.ioconSetup
                0x00003ecc       0x74 D:\MCUXpressoIDE_10.2.1_795\lpc_board_nxp_lpcxpresso_1549\Debug\liblpc_board_nxp_lpcxpresso_1549.a(board_sysinit.o)
 .rodata.swmSetup
                0x00003f40        0x6 D:\MCUXpressoIDE_10.2.1_795\lpc_board_nxp_lpcxpresso_1549\Debug\liblpc_board_nxp_lpcxpresso_1549.a(board_sysinit.o)
 *fill*         0x00003f46        0x2 ff
 .rodata        0x00003f48       0x40 D:\MCUXpressoIDE_10.2.1_795\FreeRTOS\Debug\libFreeRTOS.a(tasks.o)
                0x00003f78                FreeRTOSDebugConfig
 .rodata        0x00003f88        0xd D:\MCUXpressoIDE_10.2.1_795\FreeRTOS\Debug\libFreeRTOS.a(timers.o)
                0x00003f98                . = ALIGN (0x4)
 *fill*         0x00003f95        0x3 ff
                0x00003f98                . = ALIGN (0x4)
 *(.init)
 .init          0x00003f98        0x4 d:/mcuxpressoide_10.2.1_795/ide/tools/bin/../lib/gcc/arm-none-eabi/7.2.1/thumb/v7-m\crti.o
                0x00003f98                _init
 .init          0x00003f9c        0x8 d:/mcuxpressoide_10.2.1_795/ide/tools/bin/../lib/gcc/arm-none-eabi/7.2.1/thumb/v7-m\crtn.o
                0x00003fa4                . = ALIGN (0x4)
                0x00003fa4                __preinit_array_start = .
 *(.preinit_array)
                0x00003fa4                __preinit_array_end = .
                0x00003fa4                . = ALIGN (0x4)
                0x00003fa4                __init_array_start = .
 *(SORT_BY_NAME(.init_array.*))
 *(.init_array)
 .init_array    0x00003fa4        0x4 d:/mcuxpressoide_10.2.1_795/ide/tools/bin/../lib/gcc/arm-none-eabi/7.2.1/thumb/v7-m\crtbegin.o
                0x00003fa8                __init_array_end = .
 *(.fini)
 .fini          0x00003fa8        0x4 d:/mcuxpressoide_10.2.1_795/ide/tools/bin/../lib/gcc/arm-none-eabi/7.2.1/thumb/v7-m\crti.o
                0x00003fa8                _fini
 .fini          0x00003fac        0x8 d:/mcuxpressoide_10.2.1_795/ide/tools/bin/../lib/gcc/arm-none-eabi/7.2.1/thumb/v7-m\crtn.o
                0x00003fb4                . = ALIGN (0x4)
 *crtbegin.o(.ctors)
 *(EXCLUDE_FILE(*crtend.o) .ctors)
 *(SORT_BY_NAME(.ctors.*))
 *crtend.o(.ctors)
                0x00003fb4                . = ALIGN (0x4)
 *crtbegin.o(.dtors)
 *(EXCLUDE_FILE(*crtend.o) .dtors)
 *(SORT_BY_NAME(.dtors.*))
 *crtend.o(.dtors)
                0x00003fb4                . = ALIGN (0x4)

.glue_7         0x00003fb4        0x0
 .glue_7        0x00003fb4        0x0 linker stubs

.glue_7t        0x00003fb4        0x0
 .glue_7t       0x00003fb4        0x0 linker stubs

.vfp11_veneer   0x00003fb4        0x0
 .vfp11_veneer  0x00003fb4        0x0 linker stubs

.v4_bx          0x00003fb4        0x0
 .v4_bx         0x00003fb4        0x0 linker stubs

.iplt           0x00003fb4        0x0
 .iplt          0x00003fb4        0x0 ./src/cr_cpp_config.o

.ARM.extab
 *(.ARM.extab* .gnu.linkonce.armextab.*)
                0x00003fb4                __exidx_start = .

.ARM.exidx      0x00003fb4        0x8
 *(.ARM.exidx* .gnu.linkonce.armexidx.*)
 .ARM.exidx     0x00003fb4        0x8 d:/mcuxpressoide_10.2.1_795/ide/tools/bin/../lib/gcc/arm-none-eabi/7.2.1/thumb/v7-m\libgcc.a(_udivmoddi4.o)
                0x00003fbc                __exidx_end = .
                0x00003fbc                _etext = .

.rel.dyn        0x00003fbc        0x0
 .rel.iplt      0x00003fbc        0x0 ./src/cr_cpp_config.o

.eh_frame       0x00003fbc        0x0
 .eh_frame      0x00003fbc        0x0 d:/mcuxpressoide_10.2.1_795/ide/tools/bin/../lib/gcc/arm-none-eabi/7.2.1/thumb/v7-m\crtbegin.o

.data_RAM2      0x02008000        0x0 load address 0x00003fbc
 FILL mask 0xff
                [!provide]                PROVIDE (__start_data_RAM2, .)
 *(.ramfunc.$RAM2)
 *(.ramfunc.$Ram2_4)
 *(.data.$RAM2*)
 *(.data.$Ram2_4*)
                0x02008000                . = ALIGN (0x4)
                [!provide]                PROVIDE (__end_data_RAM2, .)

.uninit_RESERVED
                0x02000000        0x0
 *(.bss.$RESERVED*)
                0x02000000                . = ALIGN (0x4)
                0x02000000                _end_uninit_RESERVED = .

.data           0x02000000      0x840 load address 0x00003fbc
 FILL mask 0xff
                0x02000000                _data = .
 *(vtable)
 *(.ramfunc*)
 *(.data*)
 .data.uxCriticalNesting
                0x02000000        0x4 D:\MCUXpressoIDE_10.2.1_795\FreeRTOS\Debug\libFreeRTOS.a(port.o)
 .data._impure_ptr
                0x02000004        0x4 d:/mcuxpressoide_10.2.1_795/ide/tools/bin/../lib/gcc/arm-none-eabi/7.2.1/../../../../arm-none-eabi/lib/thumb/v7-m\libc.a(lib_a-impure.o)
                0x02000004                _impure_ptr
 .data.impure_data
                0x02000008      0x428 d:/mcuxpressoide_10.2.1_795/ide/tools/bin/../lib/gcc/arm-none-eabi/7.2.1/../../../../arm-none-eabi/lib/thumb/v7-m\libc.a(lib_a-impure.o)
 .data.__malloc_av_
                0x02000430      0x408 d:/mcuxpressoide_10.2.1_795/ide/tools/bin/../lib/gcc/arm-none-eabi/7.2.1/../../../../arm-none-eabi/lib/thumb/v7-m\libc.a(lib_a-mallocr.o)
                0x02000430                __malloc_av_
 .data.__malloc_sbrk_base
                0x02000838        0x4 d:/mcuxpressoide_10.2.1_795/ide/tools/bin/../lib/gcc/arm-none-eabi/7.2.1/../../../../arm-none-eabi/lib/thumb/v7-m\libc.a(lib_a-mallocr.o)
                0x02000838                __malloc_sbrk_base
 .data.__malloc_trim_threshold
                0x0200083c        0x4 d:/mcuxpressoide_10.2.1_795/ide/tools/bin/../lib/gcc/arm-none-eabi/7.2.1/../../../../arm-none-eabi/lib/thumb/v7-m\libc.a(lib_a-mallocr.o)
                0x0200083c                __malloc_trim_threshold
                0x02000840                . = ALIGN (0x4)
                0x02000840                _edata = .

.igot.plt       0x02000840        0x0 load address 0x000047fc
 .igot.plt      0x02000840        0x0 ./src/cr_cpp_config.o

.bss_RAM2       0x02008000        0x0
                [!provide]                PROVIDE (__start_bss_RAM2, .)
 *(.bss.$RAM2*)
 *(.bss.$Ram2_4*)
                0x02008000                . = ALIGN ((. != 0x0)?0x4:0x1)
                [!provide]                PROVIDE (__end_bss_RAM2, .)

.bss            0x02000840      0x258
                0x02000840                _bss = .
 *(.bss*)
 .bss.auto_reload
                0x02000840        0x4 ./src/lab10.2.o
                0x02000840                auto_reload
 .bss.pxCurrentTCB
                0x02000844        0x4 D:\MCUXpressoIDE_10.2.1_795\FreeRTOS\Debug\libFreeRTOS.a(tasks.o)
                0x02000844                pxCurrentTCB
 .bss.pxReadyTasksLists
                0x02000848       0xa0 D:\MCUXpressoIDE_10.2.1_795\FreeRTOS\Debug\libFreeRTOS.a(tasks.o)
 .bss.xDelayedTaskList1
                0x020008e8       0x14 D:\MCUXpressoIDE_10.2.1_795\FreeRTOS\Debug\libFreeRTOS.a(tasks.o)
 .bss.xDelayedTaskList2
                0x020008fc       0x14 D:\MCUXpressoIDE_10.2.1_795\FreeRTOS\Debug\libFreeRTOS.a(tasks.o)
 .bss.pxDelayedTaskList
                0x02000910        0x4 D:\MCUXpressoIDE_10.2.1_795\FreeRTOS\Debug\libFreeRTOS.a(tasks.o)
 .bss.pxOverflowDelayedTaskList
                0x02000914        0x4 D:\MCUXpressoIDE_10.2.1_795\FreeRTOS\Debug\libFreeRTOS.a(tasks.o)
 .bss.xPendingReadyList
                0x02000918       0x14 D:\MCUXpressoIDE_10.2.1_795\FreeRTOS\Debug\libFreeRTOS.a(tasks.o)
 .bss.xTasksWaitingTermination
                0x0200092c       0x14 D:\MCUXpressoIDE_10.2.1_795\FreeRTOS\Debug\libFreeRTOS.a(tasks.o)
 .bss.uxDeletedTasksWaitingCleanUp
                0x02000940        0x4 D:\MCUXpressoIDE_10.2.1_795\FreeRTOS\Debug\libFreeRTOS.a(tasks.o)
 .bss.xSuspendedTaskList
                0x02000944       0x14 D:\MCUXpressoIDE_10.2.1_795\FreeRTOS\Debug\libFreeRTOS.a(tasks.o)
 .bss.uxCurrentNumberOfTasks
                0x02000958        0x4 D:\MCUXpressoIDE_10.2.1_795\FreeRTOS\Debug\libFreeRTOS.a(tasks.o)
 .bss.xTickCount
                0x0200095c        0x4 D:\MCUXpressoIDE_10.2.1_795\FreeRTOS\Debug\libFreeRTOS.a(tasks.o)
 .bss.uxTopReadyPriority
                0x02000960        0x4 D:\MCUXpressoIDE_10.2.1_795\FreeRTOS\Debug\libFreeRTOS.a(tasks.o)
 .bss.xSchedulerRunning
                0x02000964        0x4 D:\MCUXpressoIDE_10.2.1_795\FreeRTOS\Debug\libFreeRTOS.a(tasks.o)
 .bss.uxPendedTicks
                0x02000968        0x4 D:\MCUXpressoIDE_10.2.1_795\FreeRTOS\Debug\libFreeRTOS.a(tasks.o)
 .bss.xYieldPending
                0x0200096c        0x4 D:\MCUXpressoIDE_10.2.1_795\FreeRTOS\Debug\libFreeRTOS.a(tasks.o)
 .bss.xNumOfOverflows
                0x02000970        0x4 D:\MCUXpressoIDE_10.2.1_795\FreeRTOS\Debug\libFreeRTOS.a(tasks.o)
 .bss.uxTaskNumber
                0x02000974        0x4 D:\MCUXpressoIDE_10.2.1_795\FreeRTOS\Debug\libFreeRTOS.a(tasks.o)
 .bss.xNextTaskUnblockTime
                0x02000978        0x4 D:\MCUXpressoIDE_10.2.1_795\FreeRTOS\Debug\libFreeRTOS.a(tasks.o)
 .bss.xIdleTaskHandle
                0x0200097c        0x4 D:\MCUXpressoIDE_10.2.1_795\FreeRTOS\Debug\libFreeRTOS.a(tasks.o)
 .bss.uxSchedulerSuspended
                0x02000980        0x4 D:\MCUXpressoIDE_10.2.1_795\FreeRTOS\Debug\libFreeRTOS.a(tasks.o)
 .bss.ulTaskSwitchedInTime
                0x02000984        0x4 D:\MCUXpressoIDE_10.2.1_795\FreeRTOS\Debug\libFreeRTOS.a(tasks.o)
 .bss.ulTotalRunTime
                0x02000988        0x4 D:\MCUXpressoIDE_10.2.1_795\FreeRTOS\Debug\libFreeRTOS.a(tasks.o)
 .bss.xActiveTimerList1
                0x0200098c       0x14 D:\MCUXpressoIDE_10.2.1_795\FreeRTOS\Debug\libFreeRTOS.a(timers.o)
 .bss.xActiveTimerList2
                0x020009a0       0x14 D:\MCUXpressoIDE_10.2.1_795\FreeRTOS\Debug\libFreeRTOS.a(timers.o)
 .bss.pxCurrentTimerList
                0x020009b4        0x4 D:\MCUXpressoIDE_10.2.1_795\FreeRTOS\Debug\libFreeRTOS.a(timers.o)
 .bss.pxOverflowTimerList
                0x020009b8        0x4 D:\MCUXpressoIDE_10.2.1_795\FreeRTOS\Debug\libFreeRTOS.a(timers.o)
 .bss.xTimerQueue
                0x020009bc        0x4 D:\MCUXpressoIDE_10.2.1_795\FreeRTOS\Debug\libFreeRTOS.a(timers.o)
 .bss.xTimerTaskHandle
                0x020009c0        0x4 D:\MCUXpressoIDE_10.2.1_795\FreeRTOS\Debug\libFreeRTOS.a(timers.o)
 .bss.xLastTime.9949
                0x020009c4        0x4 D:\MCUXpressoIDE_10.2.1_795\FreeRTOS\Debug\libFreeRTOS.a(timers.o)
 .bss.xQueueRegistry
                0x020009c8       0x50 D:\MCUXpressoIDE_10.2.1_795\FreeRTOS\Debug\libFreeRTOS.a(queue.o)
                0x020009c8                xQueueRegistry
 .bss.__malloc_current_mallinfo
                0x02000a18       0x28 d:/mcuxpressoide_10.2.1_795/ide/tools/bin/../lib/gcc/arm-none-eabi/7.2.1/../../../../arm-none-eabi/lib/thumb/v7-m\libc.a(lib_a-mallocr.o)
                0x02000a18                __malloc_current_mallinfo
 .bss.__malloc_max_sbrked_mem
                0x02000a40        0x4 d:/mcuxpressoide_10.2.1_795/ide/tools/bin/../lib/gcc/arm-none-eabi/7.2.1/../../../../arm-none-eabi/lib/thumb/v7-m\libc.a(lib_a-mallocr.o)
                0x02000a40                __malloc_max_sbrked_mem
 .bss.__malloc_max_total_mem
                0x02000a44        0x4 d:/mcuxpressoide_10.2.1_795/ide/tools/bin/../lib/gcc/arm-none-eabi/7.2.1/../../../../arm-none-eabi/lib/thumb/v7-m\libc.a(lib_a-mallocr.o)
                0x02000a44                __malloc_max_total_mem
 .bss.__malloc_top_pad
                0x02000a48        0x4 d:/mcuxpressoide_10.2.1_795/ide/tools/bin/../lib/gcc/arm-none-eabi/7.2.1/../../../../arm-none-eabi/lib/thumb/v7-m\libc.a(lib_a-mallocr.o)
                0x02000a48                __malloc_top_pad
 .bss.__end_of_heap
                0x02000a4c        0x4 d:/mcuxpressoide_10.2.1_795/ide/tools/bin/../lib/gcc/arm-none-eabi/7.2.1/../../../../arm-none-eabi/lib/thumb/v7-m\libcr_newlib_nohost.a(_cr_sbrk.o)
                0x02000a4c                __end_of_heap
 .bss           0x02000a50       0x1c d:/mcuxpressoide_10.2.1_795/ide/tools/bin/../lib/gcc/arm-none-eabi/7.2.1/thumb/v7-m\crtbegin.o
 *(COMMON)
 COMMON         0x02000a6c        0x4 D:\MCUXpressoIDE_10.2.1_795\lpc_chip_15xx\Debug\liblpc_chip_15xx.a(chip_15xx.o)
                0x02000a6c                SystemCoreClock
 COMMON         0x02000a70        0x4 d:/mcuxpressoide_10.2.1_795/ide/tools/bin/../lib/gcc/arm-none-eabi/7.2.1/../../../../arm-none-eabi/lib/thumb/v7-m\libc.a(lib_a-reent.o)
                0x02000a70                errno
 COMMON         0x02000a74       0x21 d:/mcuxpressoide_10.2.1_795/ide/tools/bin/../lib/gcc/arm-none-eabi/7.2.1/../../../../arm-none-eabi/lib/thumb/v7-m\libc.a(lib_a-lock.o)
                0x02000a74                __lock___atexit_recursive_mutex
                0x02000a78                __lock___arc4random_mutex
                0x02000a7c                __lock___env_recursive_mutex
                0x02000a80                __lock___sinit_recursive_mutex
                0x02000a84                __lock___malloc_recursive_mutex
                0x02000a88                __lock___at_quick_exit_mutex
                0x02000a8c                __lock___dd_hash_mutex
                0x02000a90                __lock___tz_mutex
                0x02000a94                __lock___sfp_recursive_mutex
                0x02000a98                . = ALIGN (0x4)
 *fill*         0x02000a95        0x3 
                0x02000a98                _ebss = .
                [!provide]                PROVIDE (end, .)

.noinit_RAM2    0x02008000        0x0
 *(.noinit.$RAM2*)
 *(.noinit.$Ram2_4*)
                0x02008000                . = ALIGN (0x4)

.noinit         0x02000a98        0x0
                0x02000a98                _noinit = .
 *(.noinit*)
                0x02000a98                . = ALIGN (0x4)
                0x02000a98                _end_noinit = .
                0x02000a98                PROVIDE (_pvHeapStart, DEFINED (__user_heap_base)?__user_heap_base:.)
                0x02008000                PROVIDE (_vStackTop, DEFINED (__user_stack_top)?__user_stack_top:(__top_Ram0_16_32 - 0x0))
                0xfdff735a                PROVIDE (__valid_user_code_checksum, (0x0 - ((((((_vStackTop + (ResetISR + 0x1)) + (NMI_Handler + 0x1)) + (HardFault_Handler + 0x1)) + (DEFINED (MemManage_Handler)?MemManage_Handler:0x0 + 0x1)) + (DEFINED (BusFault_Handler)?BusFault_Handler:0x0 + 0x1)) + (DEFINED (UsageFault_Handler)?UsageFault_Handler:0x0 + 0x1))))
                0x00000000                _image_start = LOADADDR (.text)
                0x000047fc                _image_end = (LOADADDR (.data) + SIZEOF (.data))
                0x000047fc                _image_size = (_image_end - _image_start)
OUTPUT(lab10.2.axf elf32-littlearm)

.debug_info     0x00000000    0x16d52
 .debug_info    0x00000000     0x109f ./src/cr_cpp_config.o
 .debug_info    0x0000109f      0x27e ./src/cr_startup_lpc15xx.o
 .debug_info    0x0000131d     0x5e08 ./src/lab10.2.o
 .debug_info    0x00007125      0x96c ./src/sysinit.o
 .debug_info    0x00007a91     0x135e D:\MCUXpressoIDE_10.2.1_795\lpc_board_nxp_lpcxpresso_1549\Debug\liblpc_board_nxp_lpcxpresso_1549.a(board.o)
 .debug_info    0x00008def     0x150a D:\MCUXpressoIDE_10.2.1_795\lpc_board_nxp_lpcxpresso_1549\Debug\liblpc_board_nxp_lpcxpresso_1549.a(board_sysinit.o)
 .debug_info    0x0000a2f9      0x9dd D:\MCUXpressoIDE_10.2.1_795\lpc_chip_15xx\Debug\liblpc_chip_15xx.a(chip_15xx.o)
 .debug_info    0x0000acd6      0xd9e D:\MCUXpressoIDE_10.2.1_795\lpc_chip_15xx\Debug\liblpc_chip_15xx.a(clock_15xx.o)
 .debug_info    0x0000ba74      0x688 D:\MCUXpressoIDE_10.2.1_795\lpc_chip_15xx\Debug\liblpc_chip_15xx.a(gpio_15xx.o)
 .debug_info    0x0000c0fc      0x279 D:\MCUXpressoIDE_10.2.1_795\lpc_chip_15xx\Debug\liblpc_chip_15xx.a(iocon_15xx.o)
 .debug_info    0x0000c375      0x66c D:\MCUXpressoIDE_10.2.1_795\lpc_chip_15xx\Debug\liblpc_chip_15xx.a(swm_15xx.o)
 .debug_info    0x0000c9e1      0x79f D:\MCUXpressoIDE_10.2.1_795\lpc_chip_15xx\Debug\liblpc_chip_15xx.a(sysctl_15xx.o)
 .debug_info    0x0000d180      0x778 D:\MCUXpressoIDE_10.2.1_795\lpc_chip_15xx\Debug\liblpc_chip_15xx.a(sysinit_15xx.o)
 .debug_info    0x0000d8f8      0x955 D:\MCUXpressoIDE_10.2.1_795\lpc_chip_15xx\Debug\liblpc_chip_15xx.a(uart_15xx.o)
 .debug_info    0x0000e24d     0x269f D:\MCUXpressoIDE_10.2.1_795\FreeRTOS\Debug\libFreeRTOS.a(tasks.o)
 .debug_info    0x000108ec     0x137b D:\MCUXpressoIDE_10.2.1_795\FreeRTOS\Debug\libFreeRTOS.a(timers.o)
 .debug_info    0x00011c67      0x9d7 D:\MCUXpressoIDE_10.2.1_795\FreeRTOS\Debug\libFreeRTOS.a(heap_3.o)
 .debug_info    0x0001263e      0xca4 D:\MCUXpressoIDE_10.2.1_795\FreeRTOS\Debug\libFreeRTOS.a(port.o)
 .debug_info    0x000132e2      0xa85 D:\MCUXpressoIDE_10.2.1_795\FreeRTOS\Debug\libFreeRTOS.a(FreeRTOSCommonHooks.o)
 .debug_info    0x00013d67      0xb76 D:\MCUXpressoIDE_10.2.1_795\FreeRTOS\Debug\libFreeRTOS.a(list.o)
 .debug_info    0x000148dd     0x1aac D:\MCUXpressoIDE_10.2.1_795\FreeRTOS\Debug\libFreeRTOS.a(queue.o)
 .debug_info    0x00016389      0x95f d:/mcuxpressoide_10.2.1_795/ide/tools/bin/../lib/gcc/arm-none-eabi/7.2.1/../../../../arm-none-eabi/lib/thumb/v7-m\libcr_newlib_nohost.a(_cr_sbrk.o)
 .debug_info    0x00016ce8       0x6a d:/mcuxpressoide_10.2.1_795/ide/tools/bin/../lib/gcc/arm-none-eabi/7.2.1/../../../../arm-none-eabi/lib/thumb/v7-m\libcr_newlib_nohost.a(_cr_check_heap.o)

.debug_abbrev   0x00000000     0x38cd
 .debug_abbrev  0x00000000      0x32c ./src/cr_cpp_config.o
 .debug_abbrev  0x0000032c      0x106 ./src/cr_startup_lpc15xx.o
 .debug_abbrev  0x00000432      0x931 ./src/lab10.2.o
 .debug_abbrev  0x00000d63      0x1b1 ./src/sysinit.o
 .debug_abbrev  0x00000f14      0x32b D:\MCUXpressoIDE_10.2.1_795\lpc_board_nxp_lpcxpresso_1549\Debug\liblpc_board_nxp_lpcxpresso_1549.a(board.o)
 .debug_abbrev  0x0000123f      0x2fa D:\MCUXpressoIDE_10.2.1_795\lpc_board_nxp_lpcxpresso_1549\Debug\liblpc_board_nxp_lpcxpresso_1549.a(board_sysinit.o)
 .debug_abbrev  0x00001539      0x1c0 D:\MCUXpressoIDE_10.2.1_795\lpc_chip_15xx\Debug\liblpc_chip_15xx.a(chip_15xx.o)
 .debug_abbrev  0x000016f9      0x2ac D:\MCUXpressoIDE_10.2.1_795\lpc_chip_15xx\Debug\liblpc_chip_15xx.a(clock_15xx.o)
 .debug_abbrev  0x000019a5      0x188 D:\MCUXpressoIDE_10.2.1_795\lpc_chip_15xx\Debug\liblpc_chip_15xx.a(gpio_15xx.o)
 .debug_abbrev  0x00001b2d      0x144 D:\MCUXpressoIDE_10.2.1_795\lpc_chip_15xx\Debug\liblpc_chip_15xx.a(iocon_15xx.o)
 .debug_abbrev  0x00001c71      0x165 D:\MCUXpressoIDE_10.2.1_795\lpc_chip_15xx\Debug\liblpc_chip_15xx.a(swm_15xx.o)
 .debug_abbrev  0x00001dd6      0x13a D:\MCUXpressoIDE_10.2.1_795\lpc_chip_15xx\Debug\liblpc_chip_15xx.a(sysctl_15xx.o)
 .debug_abbrev  0x00001f10      0x1b5 D:\MCUXpressoIDE_10.2.1_795\lpc_chip_15xx\Debug\liblpc_chip_15xx.a(sysinit_15xx.o)
 .debug_abbrev  0x000020c5      0x1fa D:\MCUXpressoIDE_10.2.1_795\lpc_chip_15xx\Debug\liblpc_chip_15xx.a(uart_15xx.o)
 .debug_abbrev  0x000022bf      0x398 D:\MCUXpressoIDE_10.2.1_795\FreeRTOS\Debug\libFreeRTOS.a(tasks.o)
 .debug_abbrev  0x00002657      0x2e2 D:\MCUXpressoIDE_10.2.1_795\FreeRTOS\Debug\libFreeRTOS.a(timers.o)
 .debug_abbrev  0x00002939      0x214 D:\MCUXpressoIDE_10.2.1_795\FreeRTOS\Debug\libFreeRTOS.a(heap_3.o)
 .debug_abbrev  0x00002b4d      0x31d D:\MCUXpressoIDE_10.2.1_795\FreeRTOS\Debug\libFreeRTOS.a(port.o)
 .debug_abbrev  0x00002e6a      0x26f D:\MCUXpressoIDE_10.2.1_795\FreeRTOS\Debug\libFreeRTOS.a(FreeRTOSCommonHooks.o)
 .debug_abbrev  0x000030d9      0x205 D:\MCUXpressoIDE_10.2.1_795\FreeRTOS\Debug\libFreeRTOS.a(list.o)
 .debug_abbrev  0x000032de      0x36a D:\MCUXpressoIDE_10.2.1_795\FreeRTOS\Debug\libFreeRTOS.a(queue.o)
 .debug_abbrev  0x00003648      0x223 d:/mcuxpressoide_10.2.1_795/ide/tools/bin/../lib/gcc/arm-none-eabi/7.2.1/../../../../arm-none-eabi/lib/thumb/v7-m\libcr_newlib_nohost.a(_cr_sbrk.o)
 .debug_abbrev  0x0000386b       0x62 d:/mcuxpressoide_10.2.1_795/ide/tools/bin/../lib/gcc/arm-none-eabi/7.2.1/../../../../arm-none-eabi/lib/thumb/v7-m\libcr_newlib_nohost.a(_cr_check_heap.o)

.debug_aranges  0x00000000      0xbc8
 .debug_aranges
                0x00000000       0x48 ./src/cr_cpp_config.o
 .debug_aranges
                0x00000048       0x80 ./src/cr_startup_lpc15xx.o
 .debug_aranges
                0x000000c8       0x98 ./src/lab10.2.o
 .debug_aranges
                0x00000160       0x20 ./src/sysinit.o
 .debug_aranges
                0x00000180       0xd0 D:\MCUXpressoIDE_10.2.1_795\lpc_board_nxp_lpcxpresso_1549\Debug\liblpc_board_nxp_lpcxpresso_1549.a(board.o)
 .debug_aranges
                0x00000250       0x60 D:\MCUXpressoIDE_10.2.1_795\lpc_board_nxp_lpcxpresso_1549\Debug\liblpc_board_nxp_lpcxpresso_1549.a(board_sysinit.o)
 .debug_aranges
                0x000002b0       0x50 D:\MCUXpressoIDE_10.2.1_795\lpc_chip_15xx\Debug\liblpc_chip_15xx.a(chip_15xx.o)
 .debug_aranges
                0x00000300      0x128 D:\MCUXpressoIDE_10.2.1_795\lpc_chip_15xx\Debug\liblpc_chip_15xx.a(clock_15xx.o)
 .debug_aranges
                0x00000428       0x70 D:\MCUXpressoIDE_10.2.1_795\lpc_chip_15xx\Debug\liblpc_chip_15xx.a(gpio_15xx.o)
 .debug_aranges
                0x00000498       0x28 D:\MCUXpressoIDE_10.2.1_795\lpc_chip_15xx\Debug\liblpc_chip_15xx.a(iocon_15xx.o)
 .debug_aranges
                0x000004c0       0x40 D:\MCUXpressoIDE_10.2.1_795\lpc_chip_15xx\Debug\liblpc_chip_15xx.a(swm_15xx.o)
 .debug_aranges
                0x00000500       0x50 D:\MCUXpressoIDE_10.2.1_795\lpc_chip_15xx\Debug\liblpc_chip_15xx.a(sysctl_15xx.o)
 .debug_aranges
                0x00000550       0x58 D:\MCUXpressoIDE_10.2.1_795\lpc_chip_15xx\Debug\liblpc_chip_15xx.a(sysinit_15xx.o)
 .debug_aranges
                0x000005a8       0xc8 D:\MCUXpressoIDE_10.2.1_795\lpc_chip_15xx\Debug\liblpc_chip_15xx.a(uart_15xx.o)
 .debug_aranges
                0x00000670      0x208 D:\MCUXpressoIDE_10.2.1_795\FreeRTOS\Debug\libFreeRTOS.a(tasks.o)
 .debug_aranges
                0x00000878       0xc8 D:\MCUXpressoIDE_10.2.1_795\FreeRTOS\Debug\libFreeRTOS.a(timers.o)
 .debug_aranges
                0x00000940       0x28 D:\MCUXpressoIDE_10.2.1_795\FreeRTOS\Debug\libFreeRTOS.a(heap_3.o)
 .debug_aranges
                0x00000968       0x70 D:\MCUXpressoIDE_10.2.1_795\FreeRTOS\Debug\libFreeRTOS.a(port.o)
 .debug_aranges
                0x000009d8       0x40 D:\MCUXpressoIDE_10.2.1_795\FreeRTOS\Debug\libFreeRTOS.a(FreeRTOSCommonHooks.o)
 .debug_aranges
                0x00000a18       0x40 D:\MCUXpressoIDE_10.2.1_795\FreeRTOS\Debug\libFreeRTOS.a(list.o)
 .debug_aranges
                0x00000a58      0x130 D:\MCUXpressoIDE_10.2.1_795\FreeRTOS\Debug\libFreeRTOS.a(queue.o)
 .debug_aranges
                0x00000b88       0x20 d:/mcuxpressoide_10.2.1_795/ide/tools/bin/../lib/gcc/arm-none-eabi/7.2.1/../../../../arm-none-eabi/lib/thumb/v7-m\libcr_newlib_nohost.a(_cr_sbrk.o)
 .debug_aranges
                0x00000ba8       0x20 d:/mcuxpressoide_10.2.1_795/ide/tools/bin/../lib/gcc/arm-none-eabi/7.2.1/../../../../arm-none-eabi/lib/thumb/v7-m\libcr_newlib_nohost.a(_cr_check_heap.o)

.debug_ranges   0x00000000      0xa70
 .debug_ranges  0x00000000       0x38 ./src/cr_cpp_config.o
 .debug_ranges  0x00000038       0x70 ./src/cr_startup_lpc15xx.o
 .debug_ranges  0x000000a8       0x88 ./src/lab10.2.o
 .debug_ranges  0x00000130       0x10 ./src/sysinit.o
 .debug_ranges  0x00000140       0xd8 D:\MCUXpressoIDE_10.2.1_795\lpc_board_nxp_lpcxpresso_1549\Debug\liblpc_board_nxp_lpcxpresso_1549.a(board.o)
 .debug_ranges  0x00000218       0x50 D:\MCUXpressoIDE_10.2.1_795\lpc_board_nxp_lpcxpresso_1549\Debug\liblpc_board_nxp_lpcxpresso_1549.a(board_sysinit.o)
 .debug_ranges  0x00000268       0x40 D:\MCUXpressoIDE_10.2.1_795\lpc_chip_15xx\Debug\liblpc_chip_15xx.a(chip_15xx.o)
 .debug_ranges  0x000002a8      0x118 D:\MCUXpressoIDE_10.2.1_795\lpc_chip_15xx\Debug\liblpc_chip_15xx.a(clock_15xx.o)
 .debug_ranges  0x000003c0       0x60 D:\MCUXpressoIDE_10.2.1_795\lpc_chip_15xx\Debug\liblpc_chip_15xx.a(gpio_15xx.o)
 .debug_ranges  0x00000420       0x18 D:\MCUXpressoIDE_10.2.1_795\lpc_chip_15xx\Debug\liblpc_chip_15xx.a(iocon_15xx.o)
 .debug_ranges  0x00000438       0x30 D:\MCUXpressoIDE_10.2.1_795\lpc_chip_15xx\Debug\liblpc_chip_15xx.a(swm_15xx.o)
 .debug_ranges  0x00000468       0x40 D:\MCUXpressoIDE_10.2.1_795\lpc_chip_15xx\Debug\liblpc_chip_15xx.a(sysctl_15xx.o)
 .debug_ranges  0x000004a8       0x48 D:\MCUXpressoIDE_10.2.1_795\lpc_chip_15xx\Debug\liblpc_chip_15xx.a(sysinit_15xx.o)
 .debug_ranges  0x000004f0       0xb8 D:\MCUXpressoIDE_10.2.1_795\lpc_chip_15xx\Debug\liblpc_chip_15xx.a(uart_15xx.o)
 .debug_ranges  0x000005a8      0x1f8 D:\MCUXpressoIDE_10.2.1_795\FreeRTOS\Debug\libFreeRTOS.a(tasks.o)
 .debug_ranges  0x000007a0       0xb8 D:\MCUXpressoIDE_10.2.1_795\FreeRTOS\Debug\libFreeRTOS.a(timers.o)
 .debug_ranges  0x00000858       0x18 D:\MCUXpressoIDE_10.2.1_795\FreeRTOS\Debug\libFreeRTOS.a(heap_3.o)
 .debug_ranges  0x00000870       0x60 D:\MCUXpressoIDE_10.2.1_795\FreeRTOS\Debug\libFreeRTOS.a(port.o)
 .debug_ranges  0x000008d0       0x30 D:\MCUXpressoIDE_10.2.1_795\FreeRTOS\Debug\libFreeRTOS.a(FreeRTOSCommonHooks.o)
 .debug_ranges  0x00000900       0x30 D:\MCUXpressoIDE_10.2.1_795\FreeRTOS\Debug\libFreeRTOS.a(list.o)
 .debug_ranges  0x00000930      0x120 D:\MCUXpressoIDE_10.2.1_795\FreeRTOS\Debug\libFreeRTOS.a(queue.o)
 .debug_ranges  0x00000a50       0x10 d:/mcuxpressoide_10.2.1_795/ide/tools/bin/../lib/gcc/arm-none-eabi/7.2.1/../../../../arm-none-eabi/lib/thumb/v7-m\libcr_newlib_nohost.a(_cr_sbrk.o)
 .debug_ranges  0x00000a60       0x10 d:/mcuxpressoide_10.2.1_795/ide/tools/bin/../lib/gcc/arm-none-eabi/7.2.1/../../../../arm-none-eabi/lib/thumb/v7-m\libcr_newlib_nohost.a(_cr_check_heap.o)

.debug_macro    0x00000000     0xaddb
 .debug_macro   0x00000000      0x137 ./src/cr_cpp_config.o
 .debug_macro   0x00000137      0xb1a ./src/cr_cpp_config.o
 .debug_macro   0x00000c51      0x168 ./src/cr_cpp_config.o
 .debug_macro   0x00000db9       0x10 ./src/cr_cpp_config.o
 .debug_macro   0x00000dc9      0x3f4 ./src/cr_cpp_config.o
 .debug_macro   0x000011bd       0x10 ./src/cr_cpp_config.o
 .debug_macro   0x000011cd       0x17 ./src/cr_cpp_config.o
 .debug_macro   0x000011e4       0x52 ./src/cr_cpp_config.o
 .debug_macro   0x00001236       0x55 ./src/cr_cpp_config.o
 .debug_macro   0x0000128b       0x35 ./src/cr_cpp_config.o
 .debug_macro   0x000012c0       0x9c ./src/cr_cpp_config.o
 .debug_macro   0x0000135c       0x16 ./src/cr_cpp_config.o
 .debug_macro   0x00001372      0x10e ./src/cr_cpp_config.o
 .debug_macro   0x00001480       0x94 ./src/cr_cpp_config.o
 .debug_macro   0x00001514       0x57 ./src/cr_cpp_config.o
 .debug_macro   0x0000156b       0x58 ./src/cr_cpp_config.o
 .debug_macro   0x000015c3       0x1f ./src/cr_cpp_config.o
 .debug_macro   0x000015e2       0x43 ./src/cr_cpp_config.o
 .debug_macro   0x00001625       0x20 ./src/cr_cpp_config.o
 .debug_macro   0x00001645      0x18e ./src/cr_cpp_config.o
 .debug_macro   0x000017d3      0x353 ./src/cr_cpp_config.o
 .debug_macro   0x00001b26       0x22 ./src/cr_cpp_config.o
 .debug_macro   0x00001b48       0x1c ./src/cr_cpp_config.o
 .debug_macro   0x00001b64       0xde ./src/cr_cpp_config.o
 .debug_macro   0x00001c42       0x23 ./src/cr_startup_lpc15xx.o
 .debug_macro   0x00001c65      0x8b6 ./src/lab10.2.o
 .debug_macro   0x0000251b       0x1c ./src/lab10.2.o
 .debug_macro   0x00002537       0x16 ./src/lab10.2.o
 .debug_macro   0x0000254d      0xa7d ./src/lab10.2.o
 .debug_macro   0x00002fca       0x34 ./src/lab10.2.o
 .debug_macro   0x00002ffe       0x58 ./src/lab10.2.o
 .debug_macro   0x00003056       0x16 ./src/lab10.2.o
 .debug_macro   0x0000306c       0x97 ./src/lab10.2.o
 .debug_macro   0x00003103      0x104 ./src/lab10.2.o
 .debug_macro   0x00003207       0x10 ./src/lab10.2.o
 .debug_macro   0x00003217       0x10 ./src/lab10.2.o
 .debug_macro   0x00003227       0xb6 ./src/lab10.2.o
 .debug_macro   0x000032dd       0x16 ./src/lab10.2.o
 .debug_macro   0x000032f3      0x114 ./src/lab10.2.o
 .debug_macro   0x00003407       0x20 ./src/lab10.2.o
 .debug_macro   0x00003427       0x82 ./src/lab10.2.o
 .debug_macro   0x000034a9      0x12a ./src/lab10.2.o
 .debug_macro   0x000035d3      0x15a ./src/lab10.2.o
 .debug_macro   0x0000372d       0xd6 ./src/lab10.2.o
 .debug_macro   0x00003803       0x10 ./src/lab10.2.o
 .debug_macro   0x00003813       0x1f ./src/lab10.2.o
 .debug_macro   0x00003832       0x16 ./src/lab10.2.o
 .debug_macro   0x00003848       0x35 ./src/lab10.2.o
 .debug_macro   0x0000387d      0x46b ./src/lab10.2.o
 .debug_macro   0x00003ce8       0xb5 ./src/lab10.2.o
 .debug_macro   0x00003d9d       0x8c ./src/lab10.2.o
 .debug_macro   0x00003e29       0x16 ./src/lab10.2.o
 .debug_macro   0x00003e3f       0x86 ./src/lab10.2.o
 .debug_macro   0x00003ec5       0x28 ./src/lab10.2.o
 .debug_macro   0x00003eed       0x1f ./src/lab10.2.o
 .debug_macro   0x00003f0c       0x12 ./src/lab10.2.o
 .debug_macro   0x00003f1e       0x1c ./src/lab10.2.o
 .debug_macro   0x00003f3a       0x10 ./src/lab10.2.o
 .debug_macro   0x00003f4a       0x18 ./src/lab10.2.o
 .debug_macro   0x00003f62       0x6e ./src/lab10.2.o
 .debug_macro   0x00003fd0       0x2e ./src/lab10.2.o
 .debug_macro   0x00003ffe       0x12 ./src/lab10.2.o
 .debug_macro   0x00004010       0x76 ./src/lab10.2.o
 .debug_macro   0x00004086       0x12 ./src/lab10.2.o
 .debug_macro   0x00004098       0x22 ./src/lab10.2.o
 .debug_macro   0x000040ba       0x3c ./src/lab10.2.o
 .debug_macro   0x000040f6       0x2c ./src/lab10.2.o
 .debug_macro   0x00004122      0x173 ./src/lab10.2.o
 .debug_macro   0x00004295       0x17 ./src/lab10.2.o
 .debug_macro   0x000042ac       0x10 ./src/lab10.2.o
 .debug_macro   0x000042bc       0x2e ./src/lab10.2.o
 .debug_macro   0x000042ea       0x16 ./src/lab10.2.o
 .debug_macro   0x00004300       0x40 ./src/lab10.2.o
 .debug_macro   0x00004340       0x5e ./src/lab10.2.o
 .debug_macro   0x0000439e       0x11 ./src/lab10.2.o
 .debug_macro   0x000043af       0x2f ./src/lab10.2.o
 .debug_macro   0x000043de       0x16 ./src/lab10.2.o
 .debug_macro   0x000043f4       0x10 ./src/lab10.2.o
 .debug_macro   0x00004404      0x123 ./src/lab10.2.o
 .debug_macro   0x00004527       0x10 ./src/lab10.2.o
 .debug_macro   0x00004537      0x241 ./src/lab10.2.o
 .debug_macro   0x00004778       0x17 ./src/lab10.2.o
 .debug_macro   0x0000478f       0xf6 ./src/lab10.2.o
 .debug_macro   0x00004885       0x16 ./src/lab10.2.o
 .debug_macro   0x0000489b       0x10 ./src/lab10.2.o
 .debug_macro   0x000048ab       0x10 ./src/lab10.2.o
 .debug_macro   0x000048bb       0x2e ./src/lab10.2.o
 .debug_macro   0x000048e9       0x40 ./src/lab10.2.o
 .debug_macro   0x00004929       0x7e ./src/lab10.2.o
 .debug_macro   0x000049a7       0x91 ./src/lab10.2.o
 .debug_macro   0x00004a38      0x376 ./src/sysinit.o
 .debug_macro   0x00004dae       0x9c ./src/sysinit.o
 .debug_macro   0x00004e4a       0x97 ./src/sysinit.o
 .debug_macro   0x00004ee1      0x330 ./src/sysinit.o
 .debug_macro   0x00005211       0xfd ./src/sysinit.o
 .debug_macro   0x0000530e       0x43 ./src/sysinit.o
 .debug_macro   0x00005351      0x129 ./src/sysinit.o
 .debug_macro   0x0000547a      0x3f3 D:\MCUXpressoIDE_10.2.1_795\lpc_board_nxp_lpcxpresso_1549\Debug\liblpc_board_nxp_lpcxpresso_1549.a(board.o)
 .debug_macro   0x0000586d      0xa6c D:\MCUXpressoIDE_10.2.1_795\lpc_board_nxp_lpcxpresso_1549\Debug\liblpc_board_nxp_lpcxpresso_1549.a(board.o)
 .debug_macro   0x000062d9       0x87 D:\MCUXpressoIDE_10.2.1_795\lpc_board_nxp_lpcxpresso_1549\Debug\liblpc_board_nxp_lpcxpresso_1549.a(board.o)
 .debug_macro   0x00006360       0x1c D:\MCUXpressoIDE_10.2.1_795\lpc_board_nxp_lpcxpresso_1549\Debug\liblpc_board_nxp_lpcxpresso_1549.a(board.o)
 .debug_macro   0x0000637c       0x52 D:\MCUXpressoIDE_10.2.1_795\lpc_board_nxp_lpcxpresso_1549\Debug\liblpc_board_nxp_lpcxpresso_1549.a(board.o)
 .debug_macro   0x000063ce       0x40 D:\MCUXpressoIDE_10.2.1_795\lpc_board_nxp_lpcxpresso_1549\Debug\liblpc_board_nxp_lpcxpresso_1549.a(board.o)
 .debug_macro   0x0000640e       0x10 D:\MCUXpressoIDE_10.2.1_795\lpc_board_nxp_lpcxpresso_1549\Debug\liblpc_board_nxp_lpcxpresso_1549.a(board.o)
 .debug_macro   0x0000641e       0x40 D:\MCUXpressoIDE_10.2.1_795\lpc_board_nxp_lpcxpresso_1549\Debug\liblpc_board_nxp_lpcxpresso_1549.a(board.o)
 .debug_macro   0x0000645e       0xd7 D:\MCUXpressoIDE_10.2.1_795\lpc_board_nxp_lpcxpresso_1549\Debug\liblpc_board_nxp_lpcxpresso_1549.a(board.o)
 .debug_macro   0x00006535       0x1c D:\MCUXpressoIDE_10.2.1_795\lpc_board_nxp_lpcxpresso_1549\Debug\liblpc_board_nxp_lpcxpresso_1549.a(board.o)
 .debug_macro   0x00006551       0x3d D:\MCUXpressoIDE_10.2.1_795\lpc_board_nxp_lpcxpresso_1549\Debug\liblpc_board_nxp_lpcxpresso_1549.a(board.o)
 .debug_macro   0x0000658e      0x16f D:\MCUXpressoIDE_10.2.1_795\lpc_board_nxp_lpcxpresso_1549\Debug\liblpc_board_nxp_lpcxpresso_1549.a(board.o)
 .debug_macro   0x000066fd       0x12 D:\MCUXpressoIDE_10.2.1_795\lpc_board_nxp_lpcxpresso_1549\Debug\liblpc_board_nxp_lpcxpresso_1549.a(board.o)
 .debug_macro   0x0000670f      0x414 D:\MCUXpressoIDE_10.2.1_795\lpc_board_nxp_lpcxpresso_1549\Debug\liblpc_board_nxp_lpcxpresso_1549.a(board_sysinit.o)
 .debug_macro   0x00006b23       0x35 D:\MCUXpressoIDE_10.2.1_795\lpc_board_nxp_lpcxpresso_1549\Debug\liblpc_board_nxp_lpcxpresso_1549.a(board_sysinit.o)
 .debug_macro   0x00006b58      0x260 D:\MCUXpressoIDE_10.2.1_795\lpc_chip_15xx\Debug\liblpc_chip_15xx.a(chip_15xx.o)
 .debug_macro   0x00006db8      0x260 D:\MCUXpressoIDE_10.2.1_795\lpc_chip_15xx\Debug\liblpc_chip_15xx.a(clock_15xx.o)
 .debug_macro   0x00007018      0x260 D:\MCUXpressoIDE_10.2.1_795\lpc_chip_15xx\Debug\liblpc_chip_15xx.a(gpio_15xx.o)
 .debug_macro   0x00007278      0x260 D:\MCUXpressoIDE_10.2.1_795\lpc_chip_15xx\Debug\liblpc_chip_15xx.a(iocon_15xx.o)
 .debug_macro   0x000074d8      0x26c D:\MCUXpressoIDE_10.2.1_795\lpc_chip_15xx\Debug\liblpc_chip_15xx.a(swm_15xx.o)
 .debug_macro   0x00007744      0x278 D:\MCUXpressoIDE_10.2.1_795\lpc_chip_15xx\Debug\liblpc_chip_15xx.a(sysctl_15xx.o)
 .debug_macro   0x000079bc      0x260 D:\MCUXpressoIDE_10.2.1_795\lpc_chip_15xx\Debug\liblpc_chip_15xx.a(sysinit_15xx.o)
 .debug_macro   0x00007c1c      0x260 D:\MCUXpressoIDE_10.2.1_795\lpc_chip_15xx\Debug\liblpc_chip_15xx.a(uart_15xx.o)
 .debug_macro   0x00007e7c      0x574 D:\MCUXpressoIDE_10.2.1_795\FreeRTOS\Debug\libFreeRTOS.a(tasks.o)
 .debug_macro   0x000083f0      0xa72 D:\MCUXpressoIDE_10.2.1_795\FreeRTOS\Debug\libFreeRTOS.a(tasks.o)
 .debug_macro   0x00008e62      0x10e D:\MCUXpressoIDE_10.2.1_795\FreeRTOS\Debug\libFreeRTOS.a(tasks.o)
 .debug_macro   0x00008f70       0x8d D:\MCUXpressoIDE_10.2.1_795\FreeRTOS\Debug\libFreeRTOS.a(tasks.o)
 .debug_macro   0x00008ffd       0x16 D:\MCUXpressoIDE_10.2.1_795\FreeRTOS\Debug\libFreeRTOS.a(tasks.o)
 .debug_macro   0x00009013       0x29 D:\MCUXpressoIDE_10.2.1_795\FreeRTOS\Debug\libFreeRTOS.a(tasks.o)
 .debug_macro   0x0000903c       0x11 D:\MCUXpressoIDE_10.2.1_795\FreeRTOS\Debug\libFreeRTOS.a(tasks.o)
 .debug_macro   0x0000904d       0x1c D:\MCUXpressoIDE_10.2.1_795\FreeRTOS\Debug\libFreeRTOS.a(tasks.o)
 .debug_macro   0x00009069      0x124 D:\MCUXpressoIDE_10.2.1_795\FreeRTOS\Debug\libFreeRTOS.a(tasks.o)
 .debug_macro   0x0000918d       0x10 D:\MCUXpressoIDE_10.2.1_795\FreeRTOS\Debug\libFreeRTOS.a(tasks.o)
 .debug_macro   0x0000919d       0x16 D:\MCUXpressoIDE_10.2.1_795\FreeRTOS\Debug\libFreeRTOS.a(tasks.o)
 .debug_macro   0x000091b3      0x4b9 D:\MCUXpressoIDE_10.2.1_795\FreeRTOS\Debug\libFreeRTOS.a(timers.o)
 .debug_macro   0x0000966c      0x491 D:\MCUXpressoIDE_10.2.1_795\FreeRTOS\Debug\libFreeRTOS.a(heap_3.o)
 .debug_macro   0x00009afd      0x4ff D:\MCUXpressoIDE_10.2.1_795\FreeRTOS\Debug\libFreeRTOS.a(port.o)
 .debug_macro   0x00009ffc      0x46d D:\MCUXpressoIDE_10.2.1_795\FreeRTOS\Debug\libFreeRTOS.a(FreeRTOSCommonHooks.o)
 .debug_macro   0x0000a469      0x476 D:\MCUXpressoIDE_10.2.1_795\FreeRTOS\Debug\libFreeRTOS.a(list.o)
 .debug_macro   0x0000a8df      0x4fc D:\MCUXpressoIDE_10.2.1_795\FreeRTOS\Debug\libFreeRTOS.a(queue.o)

.debug_line     0x00000000     0xa47c
 .debug_line    0x00000000      0x3c6 ./src/cr_cpp_config.o
 .debug_line    0x000003c6       0xd5 ./src/cr_startup_lpc15xx.o
 .debug_line    0x0000049b     0x1035 ./src/lab10.2.o
 .debug_line    0x000014d0      0x5df ./src/sysinit.o
 .debug_line    0x00001aaf      0x886 D:\MCUXpressoIDE_10.2.1_795\lpc_board_nxp_lpcxpresso_1549\Debug\liblpc_board_nxp_lpcxpresso_1549.a(board.o)
 .debug_line    0x00002335      0x75a D:\MCUXpressoIDE_10.2.1_795\lpc_board_nxp_lpcxpresso_1549\Debug\liblpc_board_nxp_lpcxpresso_1549.a(board_sysinit.o)
 .debug_line    0x00002a8f      0x552 D:\MCUXpressoIDE_10.2.1_795\lpc_chip_15xx\Debug\liblpc_chip_15xx.a(chip_15xx.o)
 .debug_line    0x00002fe1      0x7a6 D:\MCUXpressoIDE_10.2.1_795\lpc_chip_15xx\Debug\liblpc_chip_15xx.a(clock_15xx.o)
 .debug_line    0x00003787      0x5aa D:\MCUXpressoIDE_10.2.1_795\lpc_chip_15xx\Debug\liblpc_chip_15xx.a(gpio_15xx.o)
 .debug_line    0x00003d31      0x4f2 D:\MCUXpressoIDE_10.2.1_795\lpc_chip_15xx\Debug\liblpc_chip_15xx.a(iocon_15xx.o)
 .debug_line    0x00004223      0x51d D:\MCUXpressoIDE_10.2.1_795\lpc_chip_15xx\Debug\liblpc_chip_15xx.a(swm_15xx.o)
 .debug_line    0x00004740      0x554 D:\MCUXpressoIDE_10.2.1_795\lpc_chip_15xx\Debug\liblpc_chip_15xx.a(sysctl_15xx.o)
 .debug_line    0x00004c94      0x587 D:\MCUXpressoIDE_10.2.1_795\lpc_chip_15xx\Debug\liblpc_chip_15xx.a(sysinit_15xx.o)
 .debug_line    0x0000521b      0x6cc D:\MCUXpressoIDE_10.2.1_795\lpc_chip_15xx\Debug\liblpc_chip_15xx.a(uart_15xx.o)
 .debug_line    0x000058e7     0x1292 D:\MCUXpressoIDE_10.2.1_795\FreeRTOS\Debug\libFreeRTOS.a(tasks.o)
 .debug_line    0x00006b79      0x9fa D:\MCUXpressoIDE_10.2.1_795\FreeRTOS\Debug\libFreeRTOS.a(timers.o)
 .debug_line    0x00007573      0x7c7 D:\MCUXpressoIDE_10.2.1_795\FreeRTOS\Debug\libFreeRTOS.a(heap_3.o)
 .debug_line    0x00007d3a      0x8a1 D:\MCUXpressoIDE_10.2.1_795\FreeRTOS\Debug\libFreeRTOS.a(port.o)
 .debug_line    0x000085db      0x80e D:\MCUXpressoIDE_10.2.1_795\FreeRTOS\Debug\libFreeRTOS.a(FreeRTOSCommonHooks.o)
 .debug_line    0x00008de9      0x803 D:\MCUXpressoIDE_10.2.1_795\FreeRTOS\Debug\libFreeRTOS.a(list.o)
 .debug_line    0x000095ec      0xd1e D:\MCUXpressoIDE_10.2.1_795\FreeRTOS\Debug\libFreeRTOS.a(queue.o)
 .debug_line    0x0000a30a      0x125 d:/mcuxpressoide_10.2.1_795/ide/tools/bin/../lib/gcc/arm-none-eabi/7.2.1/../../../../arm-none-eabi/lib/thumb/v7-m\libcr_newlib_nohost.a(_cr_sbrk.o)
 .debug_line    0x0000a42f       0x4d d:/mcuxpressoide_10.2.1_795/ide/tools/bin/../lib/gcc/arm-none-eabi/7.2.1/../../../../arm-none-eabi/lib/thumb/v7-m\libcr_newlib_nohost.a(_cr_check_heap.o)

.debug_str      0x00000000    0x274c9
 .debug_str     0x00000000     0x7ba5 ./src/cr_cpp_config.o
                               0x7db9 (size before relaxing)
 .debug_str     0x00007ba5      0x1f2 ./src/cr_startup_lpc15xx.o
                               0x3200 (size before relaxing)
 .debug_str     0x00007d97    0x1913f ./src/lab10.2.o
                              0x2154a (size before relaxing)
 .debug_str     0x00020ed6      0x2df ./src/sysinit.o
                              0x12996 (size before relaxing)
 .debug_str     0x000211b5     0x162a D:\MCUXpressoIDE_10.2.1_795\lpc_board_nxp_lpcxpresso_1549\Debug\liblpc_board_nxp_lpcxpresso_1549.a(board.o)
                              0x13f3d (size before relaxing)
 .debug_str     0x000227df      0x86b D:\MCUXpressoIDE_10.2.1_795\lpc_board_nxp_lpcxpresso_1549\Debug\liblpc_board_nxp_lpcxpresso_1549.a(board_sysinit.o)
                              0x1456d (size before relaxing)
 .debug_str     0x0002304a      0x12c D:\MCUXpressoIDE_10.2.1_795\lpc_chip_15xx\Debug\liblpc_chip_15xx.a(chip_15xx.o)
                               0xfc87 (size before relaxing)
 .debug_str     0x00023176      0x894 D:\MCUXpressoIDE_10.2.1_795\lpc_chip_15xx\Debug\liblpc_chip_15xx.a(clock_15xx.o)
                              0x100a2 (size before relaxing)
 .debug_str     0x00023a0a       0xd8 D:\MCUXpressoIDE_10.2.1_795\lpc_chip_15xx\Debug\liblpc_chip_15xx.a(gpio_15xx.o)
                               0xf744 (size before relaxing)
 .debug_str     0x00023ae2       0x41 D:\MCUXpressoIDE_10.2.1_795\lpc_chip_15xx\Debug\liblpc_chip_15xx.a(iocon_15xx.o)
                               0xf261 (size before relaxing)
 .debug_str     0x00023b23      0x55d D:\MCUXpressoIDE_10.2.1_795\lpc_chip_15xx\Debug\liblpc_chip_15xx.a(swm_15xx.o)
                               0xfc69 (size before relaxing)
 .debug_str     0x00024080      0x183 D:\MCUXpressoIDE_10.2.1_795\lpc_chip_15xx\Debug\liblpc_chip_15xx.a(sysctl_15xx.o)
                               0xf74f (size before relaxing)
 .debug_str     0x00024203      0x13f D:\MCUXpressoIDE_10.2.1_795\lpc_chip_15xx\Debug\liblpc_chip_15xx.a(sysinit_15xx.o)
                               0xf73d (size before relaxing)
 .debug_str     0x00024342      0x20f D:\MCUXpressoIDE_10.2.1_795\lpc_chip_15xx\Debug\liblpc_chip_15xx.a(uart_15xx.o)
                               0xf8a0 (size before relaxing)
 .debug_str     0x00024551     0x1a52 D:\MCUXpressoIDE_10.2.1_795\FreeRTOS\Debug\libFreeRTOS.a(tasks.o)
                              0x19421 (size before relaxing)
 .debug_str     0x00025fa3      0x463 D:\MCUXpressoIDE_10.2.1_795\FreeRTOS\Debug\libFreeRTOS.a(timers.o)
                              0x186c7 (size before relaxing)
 .debug_str     0x00026406       0x61 D:\MCUXpressoIDE_10.2.1_795\FreeRTOS\Debug\libFreeRTOS.a(heap_3.o)
                              0x170a4 (size before relaxing)
 .debug_str     0x00026467      0x5fe D:\MCUXpressoIDE_10.2.1_795\FreeRTOS\Debug\libFreeRTOS.a(port.o)
                              0x177b0 (size before relaxing)
 .debug_str     0x00026a65       0xc4 D:\MCUXpressoIDE_10.2.1_795\FreeRTOS\Debug\libFreeRTOS.a(FreeRTOSCommonHooks.o)
                              0x17021 (size before relaxing)
 .debug_str     0x00026b29       0x9b D:\MCUXpressoIDE_10.2.1_795\FreeRTOS\Debug\libFreeRTOS.a(list.o)
                              0x16b89 (size before relaxing)
 .debug_str     0x00026bc4      0x761 D:\MCUXpressoIDE_10.2.1_795\FreeRTOS\Debug\libFreeRTOS.a(queue.o)
                              0x182dc (size before relaxing)
 .debug_str     0x00027325      0x17f d:/mcuxpressoide_10.2.1_795/ide/tools/bin/../lib/gcc/arm-none-eabi/7.2.1/../../../../arm-none-eabi/lib/thumb/v7-m\libcr_newlib_nohost.a(_cr_sbrk.o)
                                0x60e (size before relaxing)
 .debug_str     0x000274a4       0x25 d:/mcuxpressoide_10.2.1_795/ide/tools/bin/../lib/gcc/arm-none-eabi/7.2.1/../../../../arm-none-eabi/lib/thumb/v7-m\libcr_newlib_nohost.a(_cr_check_heap.o)
                                0x166 (size before relaxing)

.comment        0x00000000       0x7e
 .comment       0x00000000       0x7e ./src/cr_cpp_config.o
                                 0x7f (size before relaxing)
 .comment       0x0000007e       0x7f ./src/cr_startup_lpc15xx.o
 .comment       0x0000007e       0x7f ./src/lab10.2.o
 .comment       0x0000007e       0x7f ./src/sysinit.o
 .comment       0x0000007e       0x7f D:\MCUXpressoIDE_10.2.1_795\lpc_board_nxp_lpcxpresso_1549\Debug\liblpc_board_nxp_lpcxpresso_1549.a(board.o)
 .comment       0x0000007e       0x7f D:\MCUXpressoIDE_10.2.1_795\lpc_board_nxp_lpcxpresso_1549\Debug\liblpc_board_nxp_lpcxpresso_1549.a(board_sysinit.o)
 .comment       0x0000007e       0x7f D:\MCUXpressoIDE_10.2.1_795\lpc_chip_15xx\Debug\liblpc_chip_15xx.a(chip_15xx.o)
 .comment       0x0000007e       0x7f D:\MCUXpressoIDE_10.2.1_795\lpc_chip_15xx\Debug\liblpc_chip_15xx.a(clock_15xx.o)
 .comment       0x0000007e       0x7f D:\MCUXpressoIDE_10.2.1_795\lpc_chip_15xx\Debug\liblpc_chip_15xx.a(gpio_15xx.o)
 .comment       0x0000007e       0x7f D:\MCUXpressoIDE_10.2.1_795\lpc_chip_15xx\Debug\liblpc_chip_15xx.a(iocon_15xx.o)
 .comment       0x0000007e       0x7f D:\MCUXpressoIDE_10.2.1_795\lpc_chip_15xx\Debug\liblpc_chip_15xx.a(swm_15xx.o)
 .comment       0x0000007e       0x7f D:\MCUXpressoIDE_10.2.1_795\lpc_chip_15xx\Debug\liblpc_chip_15xx.a(sysctl_15xx.o)
 .comment       0x0000007e       0x7f D:\MCUXpressoIDE_10.2.1_795\lpc_chip_15xx\Debug\liblpc_chip_15xx.a(sysinit_15xx.o)
 .comment       0x0000007e       0x7f D:\MCUXpressoIDE_10.2.1_795\lpc_chip_15xx\Debug\liblpc_chip_15xx.a(uart_15xx.o)
 .comment       0x0000007e       0x7f D:\MCUXpressoIDE_10.2.1_795\FreeRTOS\Debug\libFreeRTOS.a(tasks.o)
 .comment       0x0000007e       0x7f D:\MCUXpressoIDE_10.2.1_795\FreeRTOS\Debug\libFreeRTOS.a(timers.o)
 .comment       0x0000007e       0x7f D:\MCUXpressoIDE_10.2.1_795\FreeRTOS\Debug\libFreeRTOS.a(heap_3.o)
 .comment       0x0000007e       0x7f D:\MCUXpressoIDE_10.2.1_795\FreeRTOS\Debug\libFreeRTOS.a(port.o)
 .comment       0x0000007e       0x7f D:\MCUXpressoIDE_10.2.1_795\FreeRTOS\Debug\libFreeRTOS.a(FreeRTOSCommonHooks.o)
 .comment       0x0000007e       0x7f D:\MCUXpressoIDE_10.2.1_795\FreeRTOS\Debug\libFreeRTOS.a(list.o)
 .comment       0x0000007e       0x7f D:\MCUXpressoIDE_10.2.1_795\FreeRTOS\Debug\libFreeRTOS.a(queue.o)
 .comment       0x0000007e       0x7f d:/mcuxpressoide_10.2.1_795/ide/tools/bin/../lib/gcc/arm-none-eabi/7.2.1/../../../../arm-none-eabi/lib/thumb/v7-m\libcr_newlib_nohost.a(_cr_sbrk.o)
 .comment       0x0000007e       0x7f d:/mcuxpressoide_10.2.1_795/ide/tools/bin/../lib/gcc/arm-none-eabi/7.2.1/../../../../arm-none-eabi/lib/thumb/v7-m\libcr_newlib_nohost.a(_cr_check_heap.o)

.ARM.attributes
                0x00000000       0x31
 .ARM.attributes
                0x00000000       0x33 ./src/cr_cpp_config.o
 .ARM.attributes
                0x00000033       0x33 ./src/cr_startup_lpc15xx.o
 .ARM.attributes
                0x00000066       0x33 ./src/lab10.2.o
 .ARM.attributes
                0x00000099       0x33 ./src/sysinit.o
 .ARM.attributes
                0x000000cc       0x33 D:\MCUXpressoIDE_10.2.1_795\lpc_board_nxp_lpcxpresso_1549\Debug\liblpc_board_nxp_lpcxpresso_1549.a(board.o)
 .ARM.attributes
                0x000000ff       0x33 D:\MCUXpressoIDE_10.2.1_795\lpc_board_nxp_lpcxpresso_1549\Debug\liblpc_board_nxp_lpcxpresso_1549.a(board_sysinit.o)
 .ARM.attributes
                0x00000132       0x33 D:\MCUXpressoIDE_10.2.1_795\lpc_chip_15xx\Debug\liblpc_chip_15xx.a(chip_15xx.o)
 .ARM.attributes
                0x00000165       0x33 D:\MCUXpressoIDE_10.2.1_795\lpc_chip_15xx\Debug\liblpc_chip_15xx.a(clock_15xx.o)
 .ARM.attributes
                0x00000198       0x33 D:\MCUXpressoIDE_10.2.1_795\lpc_chip_15xx\Debug\liblpc_chip_15xx.a(gpio_15xx.o)
 .ARM.attributes
                0x000001cb       0x33 D:\MCUXpressoIDE_10.2.1_795\lpc_chip_15xx\Debug\liblpc_chip_15xx.a(iocon_15xx.o)
 .ARM.attributes
                0x000001fe       0x33 D:\MCUXpressoIDE_10.2.1_795\lpc_chip_15xx\Debug\liblpc_chip_15xx.a(swm_15xx.o)
 .ARM.attributes
                0x00000231       0x33 D:\MCUXpressoIDE_10.2.1_795\lpc_chip_15xx\Debug\liblpc_chip_15xx.a(sysctl_15xx.o)
 .ARM.attributes
                0x00000264       0x33 D:\MCUXpressoIDE_10.2.1_795\lpc_chip_15xx\Debug\liblpc_chip_15xx.a(sysinit_15xx.o)
 .ARM.attributes
                0x00000297       0x33 D:\MCUXpressoIDE_10.2.1_795\lpc_chip_15xx\Debug\liblpc_chip_15xx.a(uart_15xx.o)
 .ARM.attributes
                0x000002ca       0x33 D:\MCUXpressoIDE_10.2.1_795\FreeRTOS\Debug\libFreeRTOS.a(tasks.o)
 .ARM.attributes
                0x000002fd       0x33 D:\MCUXpressoIDE_10.2.1_795\FreeRTOS\Debug\libFreeRTOS.a(timers.o)
 .ARM.attributes
                0x00000330       0x33 D:\MCUXpressoIDE_10.2.1_795\FreeRTOS\Debug\libFreeRTOS.a(heap_3.o)
 .ARM.attributes
                0x00000363       0x33 D:\MCUXpressoIDE_10.2.1_795\FreeRTOS\Debug\libFreeRTOS.a(port.o)
 .ARM.attributes
                0x00000396       0x33 D:\MCUXpressoIDE_10.2.1_795\FreeRTOS\Debug\libFreeRTOS.a(FreeRTOSCommonHooks.o)
 .ARM.attributes
                0x000003c9       0x33 D:\MCUXpressoIDE_10.2.1_795\FreeRTOS\Debug\libFreeRTOS.a(list.o)
 .ARM.attributes
                0x000003fc       0x33 D:\MCUXpressoIDE_10.2.1_795\FreeRTOS\Debug\libFreeRTOS.a(queue.o)
 .ARM.attributes
                0x0000042f       0x1d d:/mcuxpressoide_10.2.1_795/ide/tools/bin/../lib/gcc/arm-none-eabi/7.2.1/thumb/v7-m\libgcc.a(_aeabi_uldivmod.o)
 .ARM.attributes
                0x0000044c       0x2d d:/mcuxpressoide_10.2.1_795/ide/tools/bin/../lib/gcc/arm-none-eabi/7.2.1/thumb/v7-m\libgcc.a(_udivmoddi4.o)
 .ARM.attributes
                0x00000479       0x1d d:/mcuxpressoide_10.2.1_795/ide/tools/bin/../lib/gcc/arm-none-eabi/7.2.1/thumb/v7-m\libgcc.a(_dvmd_tls.o)
 .ARM.attributes
                0x00000496       0x2d d:/mcuxpressoide_10.2.1_795/ide/tools/bin/../lib/gcc/arm-none-eabi/7.2.1/../../../../arm-none-eabi/lib/thumb/v7-m\libc.a(lib_a-impure.o)
 .ARM.attributes
                0x000004c3       0x2d d:/mcuxpressoide_10.2.1_795/ide/tools/bin/../lib/gcc/arm-none-eabi/7.2.1/../../../../arm-none-eabi/lib/thumb/v7-m\libc.a(lib_a-init.o)
 .ARM.attributes
                0x000004f0       0x2d d:/mcuxpressoide_10.2.1_795/ide/tools/bin/../lib/gcc/arm-none-eabi/7.2.1/../../../../arm-none-eabi/lib/thumb/v7-m\libc.a(lib_a-malloc.o)
 .ARM.attributes
                0x0000051d       0x2d d:/mcuxpressoide_10.2.1_795/ide/tools/bin/../lib/gcc/arm-none-eabi/7.2.1/../../../../arm-none-eabi/lib/thumb/v7-m\libc.a(lib_a-mallocr.o)
 .ARM.attributes
                0x0000054a       0x1b d:/mcuxpressoide_10.2.1_795/ide/tools/bin/../lib/gcc/arm-none-eabi/7.2.1/../../../../arm-none-eabi/lib/thumb/v7-m\libc.a(lib_a-memcpy.o)
 .ARM.attributes
                0x00000565       0x2d d:/mcuxpressoide_10.2.1_795/ide/tools/bin/../lib/gcc/arm-none-eabi/7.2.1/../../../../arm-none-eabi/lib/thumb/v7-m\libc.a(lib_a-memset.o)
 .ARM.attributes
                0x00000592       0x2d d:/mcuxpressoide_10.2.1_795/ide/tools/bin/../lib/gcc/arm-none-eabi/7.2.1/../../../../arm-none-eabi/lib/thumb/v7-m\libc.a(lib_a-mlock.o)
 .ARM.attributes
                0x000005bf       0x2d d:/mcuxpressoide_10.2.1_795/ide/tools/bin/../lib/gcc/arm-none-eabi/7.2.1/../../../../arm-none-eabi/lib/thumb/v7-m\libc.a(lib_a-reent.o)
 .ARM.attributes
                0x000005ec       0x2d d:/mcuxpressoide_10.2.1_795/ide/tools/bin/../lib/gcc/arm-none-eabi/7.2.1/../../../../arm-none-eabi/lib/thumb/v7-m\libc.a(lib_a-sbrkr.o)
 .ARM.attributes
                0x00000619       0x2d d:/mcuxpressoide_10.2.1_795/ide/tools/bin/../lib/gcc/arm-none-eabi/7.2.1/../../../../arm-none-eabi/lib/thumb/v7-m\libc.a(lib_a-freer.o)
 .ARM.attributes
                0x00000646       0x2d d:/mcuxpressoide_10.2.1_795/ide/tools/bin/../lib/gcc/arm-none-eabi/7.2.1/../../../../arm-none-eabi/lib/thumb/v7-m\libc.a(lib_a-lock.o)
 .ARM.attributes
                0x00000673       0x33 d:/mcuxpressoide_10.2.1_795/ide/tools/bin/../lib/gcc/arm-none-eabi/7.2.1/../../../../arm-none-eabi/lib/thumb/v7-m\libcr_newlib_nohost.a(_cr_sbrk.o)
 .ARM.attributes
                0x000006a6       0x33 d:/mcuxpressoide_10.2.1_795/ide/tools/bin/../lib/gcc/arm-none-eabi/7.2.1/../../../../arm-none-eabi/lib/thumb/v7-m\libcr_newlib_nohost.a(_cr_check_heap.o)
 .ARM.attributes
                0x000006d9       0x1d d:/mcuxpressoide_10.2.1_795/ide/tools/bin/../lib/gcc/arm-none-eabi/7.2.1/thumb/v7-m\crti.o
 .ARM.attributes
                0x000006f6       0x1d d:/mcuxpressoide_10.2.1_795/ide/tools/bin/../lib/gcc/arm-none-eabi/7.2.1/thumb/v7-m\crtn.o
 .ARM.attributes
                0x00000713       0x2d d:/mcuxpressoide_10.2.1_795/ide/tools/bin/../lib/gcc/arm-none-eabi/7.2.1/thumb/v7-m\crtbegin.o
 .ARM.attributes
                0x00000740       0x2d d:/mcuxpressoide_10.2.1_795/ide/tools/bin/../lib/gcc/arm-none-eabi/7.2.1/../../../../arm-none-eabi/lib/thumb/v7-m\libc.a(lib_a-errno.o)

.debug_frame    0x00000000     0x2fd4
 .debug_frame   0x00000000       0xe0 ./src/cr_cpp_config.o
 .debug_frame   0x000000e0      0x170 ./src/cr_startup_lpc15xx.o
 .debug_frame   0x00000250      0x258 ./src/lab10.2.o
 .debug_frame   0x000004a8       0x2c ./src/sysinit.o
 .debug_frame   0x000004d4      0x360 D:\MCUXpressoIDE_10.2.1_795\lpc_board_nxp_lpcxpresso_1549\Debug\liblpc_board_nxp_lpcxpresso_1549.a(board.o)
 .debug_frame   0x00000834      0x14c D:\MCUXpressoIDE_10.2.1_795\lpc_board_nxp_lpcxpresso_1549\Debug\liblpc_board_nxp_lpcxpresso_1549.a(board_sysinit.o)
 .debug_frame   0x00000980      0x104 D:\MCUXpressoIDE_10.2.1_795\lpc_chip_15xx\Debug\liblpc_chip_15xx.a(chip_15xx.o)
 .debug_frame   0x00000a84      0x4b0 D:\MCUXpressoIDE_10.2.1_795\lpc_chip_15xx\Debug\liblpc_chip_15xx.a(clock_15xx.o)
 .debug_frame   0x00000f34      0x1b4 D:\MCUXpressoIDE_10.2.1_795\lpc_chip_15xx\Debug\liblpc_chip_15xx.a(gpio_15xx.o)
 .debug_frame   0x000010e8       0x5c D:\MCUXpressoIDE_10.2.1_795\lpc_chip_15xx\Debug\liblpc_chip_15xx.a(iocon_15xx.o)
 .debug_frame   0x00001144       0xd4 D:\MCUXpressoIDE_10.2.1_795\lpc_chip_15xx\Debug\liblpc_chip_15xx.a(swm_15xx.o)
 .debug_frame   0x00001218      0x120 D:\MCUXpressoIDE_10.2.1_795\lpc_chip_15xx\Debug\liblpc_chip_15xx.a(sysctl_15xx.o)
 .debug_frame   0x00001338      0x12c D:\MCUXpressoIDE_10.2.1_795\lpc_chip_15xx\Debug\liblpc_chip_15xx.a(sysinit_15xx.o)
 .debug_frame   0x00001464      0x340 D:\MCUXpressoIDE_10.2.1_795\lpc_chip_15xx\Debug\liblpc_chip_15xx.a(uart_15xx.o)
 .debug_frame   0x000017a4      0x8f0 D:\MCUXpressoIDE_10.2.1_795\FreeRTOS\Debug\libFreeRTOS.a(tasks.o)
 .debug_frame   0x00002094      0x338 D:\MCUXpressoIDE_10.2.1_795\FreeRTOS\Debug\libFreeRTOS.a(timers.o)
 .debug_frame   0x000023cc       0x58 D:\MCUXpressoIDE_10.2.1_795\FreeRTOS\Debug\libFreeRTOS.a(heap_3.o)
 .debug_frame   0x00002424      0x160 D:\MCUXpressoIDE_10.2.1_795\FreeRTOS\Debug\libFreeRTOS.a(port.o)
 .debug_frame   0x00002584       0xac D:\MCUXpressoIDE_10.2.1_795\FreeRTOS\Debug\libFreeRTOS.a(FreeRTOSCommonHooks.o)
 .debug_frame   0x00002630       0xd8 D:\MCUXpressoIDE_10.2.1_795\FreeRTOS\Debug\libFreeRTOS.a(list.o)
 .debug_frame   0x00002708      0x52c D:\MCUXpressoIDE_10.2.1_795\FreeRTOS\Debug\libFreeRTOS.a(queue.o)